INFO:root:Kinetics family Cation_R_Recombination is QUARANTINED FOR QUANTITATIVE PLASMA USE (Marcus): electrochemical reference/domain unavailable
INFO:root:Kinetics family Plasma_Electron_Impact_Ionization is QUARANTINED FOR QUANTITATIVE PLASMA USE (KineticsModel): estimated rates reach the solver without uses_electron_temperature and are evaluated at the GAS temperature
INFO:root:Loading thermodynamics library from PlasmaCationThermo.py in /home/alon/Code/RMG-database-i221-argon-metastable-thermo/input/thermo/libraries...
INFO:root:Loading thermodynamics library from LithiumAdditionalThermo.py in /home/alon/Code/RMG-database-i221-argon-metastable-thermo/input/thermo/libraries...
INFO:root:Loading thermodynamics library from SulfurLibrary.py in /home/alon/Code/RMG-database-i221-argon-metastable-thermo/input/thermo/libraries...
INFO:root:Loading thermodynamics library from halogens.py in /home/alon/Code/RMG-database-i221-argon-metastable-thermo/input/thermo/libraries...
INFO:root:Loading thermodynamics library from CO2RR_Adsorbates_Cu111.py in /home/alon/Code/RMG-database-i221-argon-metastable-thermo/input/thermo/libraries...
INFO:root:Loading thermodynamics library from primaryNS.py in /home/alon/Code/RMG-database-i221-argon-metastable-thermo/input/thermo/libraries...
INFO:root:Loading thermodynamics library from CH.py in /home/alon/Code/RMG-database-i221-argon-metastable-thermo/input/thermo/libraries...
INFO:root:Loading thermodynamics library from CHOFCl_G4.py in /home/alon/Code/RMG-database-i221-argon-metastable-thermo/input/thermo/libraries...
INFO:root:Loading thermodynamics library from bio_oil.py in /home/alon/Code/RMG-database-i221-argon-metastable-thermo/input/thermo/libraries...
INFO:root:Loading thermodynamics library from BurkeH2O2.py in /home/alon/Code/RMG-database-i221-argon-metastable-thermo/input/thermo/libraries...
INFO:root:Loading thermodynamics library from CHO.py in /home/alon/Code/RMG-database-i221-argon-metastable-thermo/input/thermo/libraries...
INFO:root:Loading thermodynamics library from SulfurHaynes.py in /home/alon/Code/RMG-database-i221-argon-metastable-thermo/input/thermo/libraries...
INFO:root:Loading thermodynamics library from C3.py in /home/alon/Code/RMG-database-i221-argon-metastable-thermo/input/thermo/libraries...
INFO:root:Loading thermodynamics library from CHOClBr_G4.py in /home/alon/Code/RMG-database-i221-argon-metastable-thermo/input/thermo/libraries...
INFO:root:Loading thermodynamics library from JetSurF2.0.py in /home/alon/Code/RMG-database-i221-argon-metastable-thermo/input/thermo/libraries...
INFO:root:Loading thermodynamics library from electrocatLiThermo.py in /home/alon/Code/RMG-database-i221-argon-metastable-thermo/input/thermo/libraries...
INFO:root:Loading thermodynamics library from CHOBr_G4.py in /home/alon/Code/RMG-database-i221-argon-metastable-thermo/input/thermo/libraries...
INFO:root:Loading thermodynamics library from LithiumPrimaryThermo.py in /home/alon/Code/RMG-database-i221-argon-metastable-thermo/input/thermo/libraries...
INFO:root:Loading thermodynamics library from CHOF_G4.py in /home/alon/Code/RMG-database-i221-argon-metastable-thermo/input/thermo/libraries...
INFO:root:Loading thermodynamics library from C10H11.py in /home/alon/Code/RMG-database-i221-argon-metastable-thermo/input/thermo/libraries...
INFO:root:Loading thermodynamics library from SulfurGlarborgNS.py in /home/alon/Code/RMG-database-i221-argon-metastable-thermo/input/thermo/libraries...
INFO:root:Loading thermodynamics library from PlasmaExcitedNeutralThermo.py in /home/alon/Code/RMG-database-i221-argon-metastable-thermo/input/thermo/libraries...
INFO:root:Loading thermodynamics library from Narayanaswamy.py in /home/alon/Code/RMG-database-i221-argon-metastable-thermo/input/thermo/libraries...
INFO:root:Loading thermodynamics library from CBS_QB3_1dHR.py in /home/alon/Code/RMG-database-i221-argon-metastable-thermo/input/thermo/libraries...
INFO:root:Loading thermodynamics library from NH3.py in /home/alon/Code/RMG-database-i221-argon-metastable-thermo/input/thermo/libraries...
INFO:root:Loading thermodynamics library from SulfurGlarborgMarshall.py in /home/alon/Code/RMG-database-i221-argon-metastable-thermo/input/thermo/libraries...
INFO:root:Loading thermodynamics library from CO2RR_Adsorbates_Ag111.py in /home/alon/Code/RMG-database-i221-argon-metastable-thermo/input/thermo/libraries...
INFO:root:Loading thermodynamics library from CN.py in /home/alon/Code/RMG-database-i221-argon-metastable-thermo/input/thermo/libraries...
INFO:root:Loading thermodynamics library from 2-BTP.py in /home/alon/Code/RMG-database-i221-argon-metastable-thermo/input/thermo/libraries...
INFO:root:Loading thermodynamics library from surfaceThermoCovDepPt111.py in /home/alon/Code/RMG-database-i221-argon-metastable-thermo/input/thermo/libraries...
INFO:root:Loading thermodynamics library from SulfurGlarborgH2S.py in /home/alon/Code/RMG-database-i221-argon-metastable-thermo/input/thermo/libraries...
INFO:root:Loading thermodynamics library from Spiekermann_refining_elementary_reactions.py in /home/alon/Code/RMG-database-i221-argon-metastable-thermo/input/thermo/libraries...
INFO:root:Loading thermodynamics library from CHOFBr_G4.py in /home/alon/Code/RMG-database-i221-argon-metastable-thermo/input/thermo/libraries...
INFO:root:Loading thermodynamics library from iodinated_Hydrocarbons.py in /home/alon/Code/RMG-database-i221-argon-metastable-thermo/input/thermo/libraries...
INFO:root:Loading thermodynamics library from FormicAcid.py in /home/alon/Code/RMG-database-i221-argon-metastable-thermo/input/thermo/libraries...
INFO:root:Loading thermodynamics library from DFT_QCI_thermo.py in /home/alon/Code/RMG-database-i221-argon-metastable-thermo/input/thermo/libraries...
INFO:root:Loading thermodynamics library from NISTThermoLibrary.py in /home/alon/Code/RMG-database-i221-argon-metastable-thermo/input/thermo/libraries...
INFO:root:Loading thermodynamics library from primaryThermoLibrary.py in /home/alon/Code/RMG-database-i221-argon-metastable-thermo/input/thermo/libraries...
INFO:root:Loading thermodynamics library from SulfurGlarborgBozzelli.py in /home/alon/Code/RMG-database-i221-argon-metastable-thermo/input/thermo/libraries...
INFO:root:Loading thermodynamics library from Butadiene_Dimerization.py in /home/alon/Code/RMG-database-i221-argon-metastable-thermo/input/thermo/libraries...
INFO:root:Loading thermodynamics library from naphthalene_H.py in /home/alon/Code/RMG-database-i221-argon-metastable-thermo/input/thermo/libraries...
INFO:root:Loading thermodynamics library from Chernov.py in /home/alon/Code/RMG-database-i221-argon-metastable-thermo/input/thermo/libraries...
INFO:root:Loading thermodynamics library from Chlorination.py in /home/alon/Code/RMG-database-i221-argon-metastable-thermo/input/thermo/libraries...
INFO:root:Loading thermodynamics library from FFCM1(-).py in /home/alon/Code/RMG-database-i221-argon-metastable-thermo/input/thermo/libraries...
INFO:root:Loading thermodynamics library from Fluorine.py in /home/alon/Code/RMG-database-i221-argon-metastable-thermo/input/thermo/libraries...
INFO:root:Loading thermodynamics library from CHOCl_G4.py in /home/alon/Code/RMG-database-i221-argon-metastable-thermo/input/thermo/libraries...
INFO:root:Loading thermodynamics library from Lai_Hexylbenzene.py in /home/alon/Code/RMG-database-i221-argon-metastable-thermo/input/thermo/libraries...
INFO:root:Loading thermodynamics library from Fulvene_H.py in /home/alon/Code/RMG-database-i221-argon-metastable-thermo/input/thermo/libraries...
INFO:root:Loading thermodynamics library from CHOFClBr_G4.py in /home/alon/Code/RMG-database-i221-argon-metastable-thermo/input/thermo/libraries...
INFO:root:Loading thermodynamics library from USC-Mech-ii.py in /home/alon/Code/RMG-database-i221-argon-metastable-thermo/input/thermo/libraries...
INFO:root:Loading thermodynamics library from GRI-Mech3.0.py in /home/alon/Code/RMG-database-i221-argon-metastable-thermo/input/thermo/libraries...
INFO:root:Loading thermodynamics library from Klippenstein_Glarborg2016.py in /home/alon/Code/RMG-database-i221-argon-metastable-thermo/input/thermo/libraries...
INFO:root:Loading thermodynamics library from s3_5_7_ane.py in /home/alon/Code/RMG-database-i221-argon-metastable-thermo/input/thermo/libraries...
INFO:root:Loading thermodynamics library from Elliott_OOQOOH.py in /home/alon/Code/RMG-database-i221-argon-metastable-thermo/input/thermo/libraries...
INFO:root:Loading thermodynamics library from LithiumPrimaryThermo2.py in /home/alon/Code/RMG-database-i221-argon-metastable-thermo/input/thermo/libraries...
INFO:root:Loading thermodynamics library from surfaceThermoNi111.py in /home/alon/Code/RMG-database-i221-argon-metastable-thermo/input/thermo/libraries...
INFO:root:Loading thermodynamics library from heavy_oil_ccsdtf12_1dHR.py in /home/alon/Code/RMG-database-i221-argon-metastable-thermo/input/thermo/libraries...
INFO:root:Loading thermodynamics library from surfaceThermoLi.py in /home/alon/Code/RMG-database-i221-argon-metastable-thermo/input/thermo/libraries...
INFO:root:Loading thermodynamics library from CurranPentane.py in /home/alon/Code/RMG-database-i221-argon-metastable-thermo/input/thermo/libraries...
INFO:root:Loading thermodynamics library from CHON.py in /home/alon/Code/RMG-database-i221-argon-metastable-thermo/input/thermo/libraries...
INFO:root:Loading thermodynamics library from NitrogenCurran.py in /home/alon/Code/RMG-database-i221-argon-metastable-thermo/input/thermo/libraries...
INFO:root:Loading thermodynamics library from SABIC_aromatics_1dHR_extended.py in /home/alon/Code/RMG-database-i221-argon-metastable-thermo/input/thermo/libraries...
INFO:root:Loading thermodynamics library from LithiumSurface.py in /home/alon/Code/RMG-database-i221-argon-metastable-thermo/input/thermo/libraries...
INFO:root:Loading thermodynamics library from BurcatNS.py in /home/alon/Code/RMG-database-i221-argon-metastable-thermo/input/thermo/libraries...
INFO:root:Loading thermodynamics library from electrocatThermo.py in /home/alon/Code/RMG-database-i221-argon-metastable-thermo/input/thermo/libraries...
INFO:root:Loading thermodynamics library from JetSurF1.0.py in /home/alon/Code/RMG-database-i221-argon-metastable-thermo/input/thermo/libraries...
INFO:root:Loading thermodynamics library from Chlorinated_Hydrocarbons.py in /home/alon/Code/RMG-database-i221-argon-metastable-thermo/input/thermo/libraries...
INFO:root:Loading thermodynamics library from thermo_DFT_CCSDTF12_BAC.py in /home/alon/Code/RMG-database-i221-argon-metastable-thermo/input/thermo/libraries...
INFO:root:Loading thermodynamics library from SABIC_aromatics_1dHR.py in /home/alon/Code/RMG-database-i221-argon-metastable-thermo/input/thermo/libraries...
INFO:root:Loading thermodynamics library from GRI-Mech3.0-N.py in /home/alon/Code/RMG-database-i221-argon-metastable-thermo/input/thermo/libraries...
INFO:root:Loading thermodynamics library from CO2RR_Adsorbates_Cu3Sn0001.py in /home/alon/Code/RMG-database-i221-argon-metastable-thermo/input/thermo/libraries...
INFO:root:Loading thermodynamics library from 2-BTP_G4.py in /home/alon/Code/RMG-database-i221-argon-metastable-thermo/input/thermo/libraries...
INFO:root:Loading thermodynamics library from NOx2018.py in /home/alon/Code/RMG-database-i221-argon-metastable-thermo/input/thermo/libraries...
INFO:root:Loading thermodynamics library from SABIC_aromatics.py in /home/alon/Code/RMG-database-i221-argon-metastable-thermo/input/thermo/libraries...
INFO:root:Loading thermodynamics library from CHON_G4.py in /home/alon/Code/RMG-database-i221-argon-metastable-thermo/input/thermo/libraries...
INFO:root:Loading thermodynamics library from vinylCPD_H.py in /home/alon/Code/RMG-database-i221-argon-metastable-thermo/input/thermo/libraries...
INFO:root:Loading thermodynamics library from surfaceThermoPt111.py in /home/alon/Code/RMG-database-i221-argon-metastable-thermo/input/thermo/libraries...
INFO:root:Loading thermodynamics library from CHN.py in /home/alon/Code/RMG-database-i221-argon-metastable-thermo/input/thermo/libraries...
INFO:root:Loading thermodynamics library from computationalLithiumElectrode.py in /home/alon/Code/RMG-database-i221-argon-metastable-thermo/input/thermo/libraries...
INFO:root:Loading thermodynamics group database from /home/alon/Code/RMG-database-i221-argon-metastable-thermo/input/thermo/groups...
INFO:root:Loading thermodynamics SIDTs from /home/alon/Code/RMG-database-i221-argon-metastable-thermo/input/thermo/sidt...
ERROR:root:Could not update atomtypes for this molecule:
multiplicity 2
1 Ar u0 p3 c0 {2,S} {3,S}
2 H  u0 p0 c0 {1,S}
3 H  u0 p0 c0 {1,S}

ERROR:root:Could not update atomtypes for this molecule:
multiplicity 2
1 Ar u0 p3 c0 {2,S} {4,S}
2 O  u0 p2 c0 {1,S} {3,S}
3 H  u0 p0 c0 {2,S}
4 H  u0 p0 c0 {1,S}

ERROR:root:Could not update atomtypes for this molecule:
multiplicity 2
1 Ar u0 p3 c0 {2,S} {6,S}
2 C  u0 p0 c0 {1,S} {3,S} {4,S} {5,S}
3 H  u0 p0 c0 {2,S}
4 H  u0 p0 c0 {2,S}
5 H  u0 p0 c0 {2,S}
6 H  u0 p0 c0 {1,S}

ERROR:root:Could not update atomtypes for this molecule:
multiplicity 3
1 Ar u0 p3 c0 {2,S} {4,S}
2 O  u0 p2 c0 {1,S} {3,S}
3 O  u0 p2 c0 {2,S} {5,S}
4 H  u0 p0 c0 {1,S}
5 H  u0 p0 c0 {3,S}

ERROR:root:Could not update atomtypes for this molecule:
multiplicity 2
1 Ar u0 p3 c0 {2,S} {5,S}
2 O  u0 p2 c0 {1,S} {3,S}
3 O  u0 p2 c0 {2,S} {4,S}
4 H  u0 p0 c0 {3,S}
5 H  u0 p0 c0 {1,S}

ERROR:root:Could not update atomtypes for this molecule:
multiplicity 3
1 Ar u0 p3 c0 {2,S} {4,S}
2 N  u0 p1 c0 {1,S} {3,D}
3 N  u0 p1 c0 {2,D} {5,S}
4 H  u0 p0 c0 {1,S}
5 H  u0 p0 c0 {3,S}

ERROR:root:Could not update atomtypes for this molecule:
multiplicity 3
1 Ar u0 p3 c0 {2,S} {9,S}
2 C  u0 p0 c0 {1,S} {3,S} {4,S} {5,S}
3 C  u0 p0 c0 {2,S} {6,S} {7,S} {8,S}
4 H  u0 p0 c0 {2,S}
5 H  u0 p0 c0 {2,S}
6 H  u0 p0 c0 {3,S}
7 H  u0 p0 c0 {3,S}
8 H  u0 p0 c0 {3,S}
9 H  u0 p0 c0 {1,S}

