/home/alon/anaconda3/envs/rmg_env/lib/python3.9/site-packages/scipy/optimize/_optimize.py:2322: LinAlgWarning: Ill-conditioned matrix (rcond=9.78829e-18): result may not be accurate.
  fu = func(x, *args)
/home/alon/anaconda3/envs/rmg_env/lib/python3.9/site-packages/scipy/optimize/_optimize.py:2322: LinAlgWarning: Ill-conditioned matrix (rcond=8.30526e-20): result may not be accurate.
  fu = func(x, *args)
/home/alon/anaconda3/envs/rmg_env/lib/python3.9/site-packages/scipy/optimize/_optimize.py:2322: LinAlgWarning: Ill-conditioned matrix (rcond=1.38146e-20): result may not be accurate.
  fu = func(x, *args)
/home/alon/anaconda3/envs/rmg_env/lib/python3.9/site-packages/scipy/optimize/_optimize.py:2322: LinAlgWarning: Ill-conditioned matrix (rcond=8.43874e-21): result may not be accurate.
  fu = func(x, *args)
/home/alon/anaconda3/envs/rmg_env/lib/python3.9/site-packages/scipy/optimize/_optimize.py:2322: LinAlgWarning: Ill-conditioned matrix (rcond=2.11249e-21): result may not be accurate.
  fu = func(x, *args)
/home/alon/anaconda3/envs/rmg_env/lib/python3.9/site-packages/scipy/optimize/_optimize.py:2322: LinAlgWarning: Ill-conditioned matrix (rcond=5.2787e-21): result may not be accurate.
  fu = func(x, *args)
/home/alon/anaconda3/envs/rmg_env/lib/python3.9/site-packages/scipy/optimize/_optimize.py:2322: LinAlgWarning: Ill-conditioned matrix (rcond=2.26538e-21): result may not be accurate.
  fu = func(x, *args)
/home/alon/anaconda3/envs/rmg_env/lib/python3.9/site-packages/scipy/optimize/_optimize.py:2322: LinAlgWarning: Ill-conditioned matrix (rcond=1.9079e-21): result may not be accurate.
  fu = func(x, *args)
/home/alon/anaconda3/envs/rmg_env/lib/python3.9/site-packages/scipy/optimize/_optimize.py:2322: LinAlgWarning: Ill-conditioned matrix (rcond=7.53573e-21): result may not be accurate.
  fu = func(x, *args)
/home/alon/anaconda3/envs/rmg_env/lib/python3.9/site-packages/scipy/optimize/_optimize.py:2322: LinAlgWarning: Ill-conditioned matrix (rcond=7.43345e-21): result may not be accurate.
  fu = func(x, *args)
/home/alon/anaconda3/envs/rmg_env/lib/python3.9/site-packages/scipy/optimize/_optimize.py:2322: LinAlgWarning: Ill-conditioned matrix (rcond=1.47964e-21): result may not be accurate.
  fu = func(x, *args)
/home/alon/anaconda3/envs/rmg_env/lib/python3.9/site-packages/scipy/optimize/_optimize.py:2322: LinAlgWarning: Ill-conditioned matrix (rcond=1.34061e-20): result may not be accurate.
  fu = func(x, *args)
/home/alon/anaconda3/envs/rmg_env/lib/python3.9/site-packages/scipy/optimize/_optimize.py:2322: LinAlgWarning: Ill-conditioned matrix (rcond=8.87325e-21): result may not be accurate.
  fu = func(x, *args)
/home/alon/anaconda3/envs/rmg_env/lib/python3.9/site-packages/scipy/optimize/_optimize.py:2322: LinAlgWarning: Ill-conditioned matrix (rcond=3.20362e-21): result may not be accurate.
  fu = func(x, *args)
/home/alon/anaconda3/envs/rmg_env/lib/python3.9/site-packages/scipy/optimize/_optimize.py:2322: LinAlgWarning: Ill-conditioned matrix (rcond=2.39961e-21): result may not be accurate.
  fu = func(x, *args)
/home/alon/anaconda3/envs/rmg_env/lib/python3.9/site-packages/scipy/optimize/_optimize.py:2322: LinAlgWarning: Ill-conditioned matrix (rcond=3.56405e-21): result may not be accurate.
  fu = func(x, *args)
/home/alon/anaconda3/envs/rmg_env/lib/python3.9/site-packages/scipy/optimize/_optimize.py:2322: LinAlgWarning: Ill-conditioned matrix (rcond=4.40143e-21): result may not be accurate.
  fu = func(x, *args)
/home/alon/anaconda3/envs/rmg_env/lib/python3.9/site-packages/scipy/optimize/_optimize.py:2322: LinAlgWarning: Ill-conditioned matrix (rcond=4.71804e-22): result may not be accurate.
  fu = func(x, *args)
/home/alon/anaconda3/envs/rmg_env/lib/python3.9/site-packages/scipy/optimize/_optimize.py:2322: LinAlgWarning: Ill-conditioned matrix (rcond=4.97734e-21): result may not be accurate.
  fu = func(x, *args)
/home/alon/anaconda3/envs/rmg_env/lib/python3.9/site-packages/scipy/optimize/_optimize.py:2322: LinAlgWarning: Ill-conditioned matrix (rcond=7.47076e-21): result may not be accurate.
  fu = func(x, *args)
/home/alon/anaconda3/envs/rmg_env/lib/python3.9/site-packages/scipy/optimize/_optimize.py:2322: LinAlgWarning: Ill-conditioned matrix (rcond=6.10745e-21): result may not be accurate.
  fu = func(x, *args)
/home/alon/anaconda3/envs/rmg_env/lib/python3.9/site-packages/scipy/optimize/_optimize.py:2322: LinAlgWarning: Ill-conditioned matrix (rcond=3.69387e-21): result may not be accurate.
  fu = func(x, *args)
/home/alon/anaconda3/envs/rmg_env/lib/python3.9/site-packages/scipy/optimize/_optimize.py:2322: LinAlgWarning: Ill-conditioned matrix (rcond=1.30536e-20): result may not be accurate.
  fu = func(x, *args)
/home/alon/anaconda3/envs/rmg_env/lib/python3.9/site-packages/scipy/optimize/_optimize.py:2322: LinAlgWarning: Ill-conditioned matrix (rcond=1.51603e-20): result may not be accurate.
  fu = func(x, *args)
/home/alon/anaconda3/envs/rmg_env/lib/python3.9/site-packages/scipy/optimize/_optimize.py:2322: LinAlgWarning: Ill-conditioned matrix (rcond=3.18757e-21): result may not be accurate.
  fu = func(x, *args)
/home/alon/Code/RMG-Py-plasma/rmgpy/thermo/thermoengine.py:100: LinAlgWarning: Ill-conditioned matrix (rcond=3.18757e-21): result may not be accurate.
  thermo = wilhoit.to_nasa(Tmin=100.0, Tmax=5000.0, Tint=1000.0)
/home/alon/Code/RMG-Py-plasma/rmgpy/thermo/thermoengine.py:100: LinAlgWarning: Ill-conditioned matrix (rcond=1.08953e-21): result may not be accurate.
  thermo = wilhoit.to_nasa(Tmin=100.0, Tmax=5000.0, Tint=1000.0)
Traceback (most recent call last):
  File "/home/alon/Code/RMG-database-i221-argon-metastable-thermo/docs/argon-metastable-thermo/job_level_crash_probe.py", line 123, in enlarge_on
    cerm.process_new_reactions(rxns, reactants[0])
  File "/home/alon/Code/RMG-Py-plasma/rmgpy/rmg/model.py", line 930, in process_new_reactions
    raise e
  File "/home/alon/Code/RMG-Py-plasma/rmgpy/rmg/model.py", line 927, in process_new_reactions
    rxn, is_new = self.make_new_reaction(rxn, generate_thermo=generate_thermo, generate_kinetics=generate_kinetics)
  File "/home/alon/Code/RMG-Py-plasma/rmgpy/rmg/model.py", line 569, in make_new_reaction
    spcs = self.make_new_species(product, generate_thermo=generate_thermo, check_decay=True, check_cut=check_cut)
  File "/home/alon/Code/RMG-Py-plasma/rmgpy/rmg/model.py", line 401, in make_new_species
    self.generate_thermo(spec, rename=not bool(spec.label))
  File "/home/alon/Code/RMG-database-i221-argon-metastable-thermo/docs/argon-metastable-thermo/job_level_crash_probe.py", line 97, in traced_generate_thermo
    return orig_generate_thermo(self, spc, rename=rename)
  File "/home/alon/Code/RMG-Py-plasma/rmgpy/rmg/model.py", line 1017, in generate_thermo
    submit(spc, self.solvent_name)
  File "/home/alon/Code/RMG-Py-plasma/rmgpy/thermo/thermoengine.py", line 184, in submit
    spc.thermo = evaluator(spc, solvent_name=solvent_name)
  File "/home/alon/Code/RMG-Py-plasma/rmgpy/thermo/thermoengine.py", line 163, in evaluator
    thermo = generate_thermo_data(spc, solvent_name=solvent_name)
  File "/home/alon/Code/RMG-Py-plasma/rmgpy/thermo/thermoengine.py", line 127, in generate_thermo_data
    thermo0 = thermodb.get_thermo_data(spc)
  File "/home/alon/Code/RMG-Py-plasma/rmgpy/data/thermo.py", line 1497, in get_thermo_data
    tdata = self.estimate_radical_thermo_via_hbi(molecule, self.get_thermo_data_from_libraries)
  File "/home/alon/Code/RMG-Py-plasma/rmgpy/data/thermo.py", line 2247, in estimate_radical_thermo_via_hbi
    added = saturated_struct.saturate_radicals()
  File "rmgpy/molecule/molecule.py", line 2512, in rmgpy.molecule.molecule.Molecule.saturate_radicals
  File "rmgpy/molecule/molecule.py", line 2534, in rmgpy.molecule.molecule.Molecule.saturate_radicals
  File "rmgpy/molecule/molecule.py", line 1571, in rmgpy.molecule.molecule.Molecule.update_atomtypes
  File "rmgpy/molecule/molecule.py", line 1592, in rmgpy.molecule.molecule.Molecule.update_atomtypes
  File "rmgpy/molecule/molecule.py", line 1587, in rmgpy.molecule.molecule.Molecule.update_atomtypes
  File "rmgpy/molecule/atomtype.py", line 1153, in rmgpy.molecule.atomtype.get_atomtype
  File "rmgpy/molecule/atomtype.py", line 1181, in rmgpy.molecule.atomtype.get_atomtype
rmgpy.exceptions.AtomTypeError: Unable to determine atom type for atom Ar, which has 2 single bonds, 0 double bonds (0 to O, 0 to S, 0 others), 0 triple bonds, 0 quadruple bonds, 0 benzene bonds, 3 lone pairs, and +0 charge.
