
======================================================================================
0. LOAD -- does the manifest load at all
======================================================================================
  family                  : Plasma_Electron_Impact_Ionization
  quarantine object       : <KineticsQuarantine 'Plasma_Electron_Impact_Ionization' QUARANTINED FOR QUANTITATIVE PLASMA USE applies to KineticsModel>
  state                   : QUARANTINED FOR QUANTITATIVE PLASMA USE
  appliesToKineticsClass  : KineticsModel -> <class 'rmgpy.kinetics.model.KineticsModel'>
  reason                  : estimated rates reach the solver without uses_electron_temperature and are evaluated at the GAS temperature
  path                    : /home/alon/Code/RMG-database-i221-argon-metastable-thermo/input/kinetics/families/Plasma_Electron_Impact_Ionization/quarantine.py

======================================================================================
1. THE CRITERION, EVALUATED AGAINST WHAT THE DATABASE ACTUALLY HOLDS
======================================================================================
  rate rules in the family        : 1
      index 1   label A_rad        class ArrheniusEP    rank 10
  covered by the criterion        : 1 rules, 0 training entries

======================================================================================
2. ADMISSION REFUSES -- the Ar(3P2) channel this library unlocks
======================================================================================
  generated               : [Ar] => [Ar+]
  kinetics before         : None

  REFUSED. The message a user gets:

      QUARANTINED FOR QUANTITATIVE PLASMA USE: refusing to admit a quarantined rate at kinetics estimation for the reaction model.
        family:             Plasma_Electron_Impact_Ionization
        provenance:         rate rule entry 1 "A_rad"; rank 10; template [A_rad]; comment: Exact match found for rate rule [A_rad] Euclidian distance = 0 family: Plasma_Electron_Impact_Ionization
        reaction:           [Ar] => [Ar+]
        kinetics class:     ArrheniusEP
        reason:             estimated rates reach the solver without uses_electron_temperature and are evaluated at the GAS temperature
        quarantine record:  /home/alon/Code/RMG-database-i221-argon-metastable-thermo/input/kinetics/families/Plasma_Electron_Impact_Ionization/quarantine.py
      This reaction is not being dropped, averaged, zeroed, reversed, made irreversible, or given a substitute rate -- any of those would let the run report success on a mechanism that is quietly wrong. The family and its data remain in the database untouched. Remove /home/alon/Code/RMG-database-i221-argon-metastable-thermo/input/kinetics/families/Plasma_Electron_Impact_Ionization/quarantine.py only when the quarantine is genuinely resolved.

======================================================================================
3. THE REFUSED REACTION IS LEFT EXACTLY AS GENERATED
======================================================================================
  rxn.kinetics after refusal      : None
  reactants                       : ['[Ar]']
  products                        : ['[Ar+]']

======================================================================================
4. THE EVIDENCE IS STILL REACHABLE WITH THE QUARANTINE DETACHED
======================================================================================
  kinetics class as estimated     : ArrheniusEP
  kinetics class after barrier    : Arrhenius
  uses_electron_temperature       : False
  A                               : 1.292979e+08 m^3/(mol*s)
  Ea (barrier)                    : 412.5234 kJ/mol
  k(1000 K)                       : 3.664598e-14 m^3/(mol*s)

======================================================================================
5. A SIBLING FAMILY WITH NO MANIFEST IS UNAFFECTED
======================================================================================
  Plasma_Radiative_Recombination quarantine : None

======================================================================================
DONE -- every assertion above passed
======================================================================================
