
1. WHAT EVERY PLASMA FAMILY MAKES OF Ar u2 p3 c0
================================================

  Plasma_Electron_Impact_Ionization                -> 1 reaction(s)
      [Ar] => [Ar+]
      family=Plasma_Electron_Impact_Ionization  template=['A_rad']  degeneracy=1.0  electrons=1  reversible=False
      products: [('[Ar+]', 'multiplicity 2 | 1 Ar u1 p3 c+1')]
      kinetics: None

  Plasma_Electron_Attachment                       -> 0 reaction(s)

  Plasma_Radiative_Recombination                   -> 0 reaction(s)

  Plasma_Associative_Ionization_Alkali_Alkali      -> 0 reaction(s)

  Plasma_Associative_Ionization_Alkali_Alkaline    -> 0 reaction(s)

  Plasma_Associative_Ionization_Alkaline_Alkaline  -> 0 reaction(s)

  TOTAL reactions generated from Ar(3P2) across the plasma families: 1

2. THE PROVENANCE OF THE RATE THAT CHANNEL IS HANDED
====================================================

  2a. every rate rule in the family
  ---------------------------------
    node A_rad        rank 10   ESTIMATE — one-point generalization of the sourced Voronov lithium electron-impact ionisation rate. NOT a fitted rule, NOT a prediction. Order-of-magnitude placeholder handed to every species this family matches. See longDesc for source and bounds.
        | ESTIMATED RATE RULE — one-point cross-family generalization. Read all of this.
        | PROVENANCE
        | ----------
        | The A-factor is the rate coefficient of the sourced reaction
        | [Li] => [Lip]    (Li(2S) + e- => Li+ + 2 e-, `PlasmaElectronImpactIonization/reactions.py`)
        | a `VoronovEIArrhenius(Z=3, N=3)` fit loaded by (Z, N) from
        | `input/kinetics/voronov.yaml`, evaluated ONCE at the campaign's 1 eV working point:
        | k(Te = 1 eV = 11604.5 K) = 1.292979e+08 m^3/(mol*s)
        | and frozen as a temperature-independent Arrhenius (n=0, Ea=0). Its cited source is
        | [Voronov1997]: G.S. Voronov, "A Practical Fit Formula for Ionization Rate
        | Coefficients of Atoms and Ions by Electron Impact: Z = 1-28", Atomic Data and
        | Nuclear Data Tables 65 (1997) 1-35 (Table I, Z=3, N=3: the Li I -> Li II
        | stage, ionisation threshold dE = 5.4 eV).
        | The value here was obtained by
        | `VoronovEIArrhenius(Z=3,N=3).get_rate_coefficient(11604.5)` against the pinned
        | runtime — reproducible, not transcribed.
        | ANCHOR CHANGED, 2026-09-04, on the owner's ruling. This rule was ORIGINALLY
        | anchored on argon electron-impact ionisation ([Golyatina2021], `PlasmaArgon`
        | entry 86, an `ElectronCollisionPlasma` cross-section table, k(1 eV) = 1.254444e3
        | m^3/(mol*s)). It was re-anchored onto Voronov lithium because an order-of-
        | magnitude placeholder should rest on chemistry the family can actually be asked
        | about: this family CANNOT generate argon at all (closed-shell Ar has u0, outside
        | the template's u[1,2,3,4]; `generate_reactions([Ar])` returns 0 reactions),
        | whereas it does generate `Li + e- => Li+`. Lithium is equally sourced and equally
        | citable, so the swap costs nothing in provenance and makes the validity statement
        | below defensible. The old argon number is preserved in the carry report, not
        | silently dropped.
        | WHAT THIS IS
        | ------------
        | A ONE-POINT GENERALIZATION: one sourced reaction's rate coefficient, taken at a
        | single electron temperature, promoted to the top node of a family whose template
        | `A_rad` matches any radical (u[1,2,3,4]) with any charge. It exists so the family
        | returns a defensible order-of-magnitude number instead of nothing. It is a
        | PLACEHOLDER, not a prediction.
        | WHAT THIS IS NOT — the range of validity, and it is the deliverable
        | -------------------------------------------------------------------
        | * It is a light-alkali ionisation rate at 1 eV, applied flat to every radical the
        | template matches. It is defensible as an ORDER-OF-MAGNITUDE estimate for
        | LOW-THRESHOLD light atoms — the alkalis and hydrogen (ionisation thresholds
        | ~4-14 eV) that dominate the campaign's chemistry — NEAR the 1 eV working point.
        | It is NOT defensible for high-threshold species: a noble gas (Ar 15.76 eV,
        | He 24.6 eV) ionises orders of magnitude more slowly at 1 eV than lithium
        | (5.4 eV) does, so on those this rule OVER-predicts badly — the mirror image of
        | the error the original argon anchor made on light atoms. The two sourced
        | endpoints at 1 eV bracket the family's true spread: Li 1.29e8 vs Ar 1.25e3
        | m^3/(mol*s), five orders apart on threshold alone. Read this number as "roughly
        | a light atom near 1 eV", never as a species rate.
        | * It is not electron-temperature-aware. Plain Arrhenius has no
        | `uses_electron_temperature` flag, so the family evaluates it at the GAS
        | temperature — the wrong independent variable for an electron-driven process,
        | exactly as documented for the interim entries in `Plasma_Electron_Attachment`.
        | The true Voronov rate climbs steeply with Te across a discharge; this single
        | 1 eV point does not carry that.
        | * It is not the sibling library, and cannot shadow it. Where the sourced library
        | `PlasmaElectronImpactIonization` (Voronov) covers a species — Li, the very datum
        | this estimate is anchored on — the library wins by RMG's library-over-family
        | precedence and this flat estimate is SUPPRESSED at model construction; the model
        | keeps the sourced Te-dependent fit, not this 1 eV point. Confirmed empirically
        | (see the carry report's precedence section).
        | rank 10: a poor rank (smaller is better; auto-fits use 11), marking this as the
        | least-reliable kind of number a rule can carry — a hand-placed placeholder.
        | Superseded the moment a real per-species electron-temperature-dependent form can
        | be carried by this family.
        A = 1.292979e+08 m^3/(mol*s)

  2b. the family's training depository
  ------------------------------------

3. THE SAME QUESTIONS, AGAINST A FULLY LOADED DATABASE
======================================================

  3a. process_thermo_data on the entry -- E0 and the surviving temperature range
  ------------------------------------------------------------------------------
    library returns ThermoData : Thermo library: PlasmaExcitedNeutralThermo
    stored ThermoData.E0            : None
    processed to NASA, Tmin = 100.0 K, Tmax = 5000.0 K
    NASA.E0                         : 1108.0527 kJ/mol
    spc.conformer.E0                : 1108.0527 kJ/mol
      NASA at  298.15 K: Cp =  20.7862  S =  168.2375  H =  1114.2501
      NASA at 1000.00 K: Cp =  20.7862  S =  193.3921  H =  1128.8389
      NASA at 5000.00 K: Cp =  20.7862  S =  226.8462  H =  1211.9837
      NASA at 6000.00 K RAISED ValueError: No valid NASA polynomial at temperature 6000 K.

  3b. the conformer's electronic degeneracy after normal processing
  -----------------------------------------------------------------
    conformer type                  : Conformer
    conformer.spin_multiplicity     : 1
    conformer.optical_isomers       : 1
    molecule.multiplicity           : 3
    g this entry's S298 assumes     : 5   (2J+1, J = 2)

  3c. explicit statmech generation, with the statmech database loaded
  -------------------------------------------------------------------
    generate_statmech spin_multiplicity : 3
                      optical_isomers   : 1
                      modes             : []
                      Q(298.15)         : <no modes>

  3d. the ground state, for contrast: it is a NASA in the library
  ---------------------------------------------------------------
    Ar resolves to ThermoData : Thermo library: BurkeH2O2
    processed to NASA, Tmin = 100.0 K, Tmax = 5000.0 K
    -> a library entry that is ALREADY a NASA is kept verbatim
       (thermoengine.py:93-99); a ThermoData is refitted to 100-5000 K.
