============================= test session starts ==============================
collecting ... collected 426 items

test/rmgpy/data/autoDatabaseTest.py::TestGetReactorMaxTemperature::test_liquid_reactor PASSED
test/rmgpy/data/autoDatabaseTest.py::TestGetReactorMaxTemperature::test_no_T_attribute PASSED
test/rmgpy/data/autoDatabaseTest.py::TestGetReactorMaxTemperature::test_simple_reactor PASSED
test/rmgpy/data/autoDatabaseTest.py::TestGetReactorMaxTemperature::test_surface_reactor PASSED
test/rmgpy/data/autoDatabaseTest.py::TestGetReactorMaxTemperature::test_temperature_range PASSED
test/rmgpy/data/autoDatabaseTest.py::TestHasPahLibsKeyword::test_absent PASSED
test/rmgpy/data/autoDatabaseTest.py::TestHasPahLibsKeyword::test_in_reaction_libraries PASSED
test/rmgpy/data/autoDatabaseTest.py::TestHasPahLibsKeyword::test_in_thermo PASSED
test/rmgpy/data/autoDatabaseTest.py::TestHasPahLibsKeyword::test_string_field_not_iterated PASSED
test/rmgpy/data/autoDatabaseTest.py::TestDetectChemistry::test_O2 PASSED
test/rmgpy/data/autoDatabaseTest.py::TestDetectChemistry::test_halogens PASSED
test/rmgpy/data/autoDatabaseTest.py::TestDetectChemistry::test_hydrocarbon PASSED
test/rmgpy/data/autoDatabaseTest.py::TestDetectChemistry::test_liquid_reactor PASSED
test/rmgpy/data/autoDatabaseTest.py::TestDetectChemistry::test_max_T_multiple_reactors PASSED
test/rmgpy/data/autoDatabaseTest.py::TestDetectChemistry::test_mixed_reactors PASSED
test/rmgpy/data/autoDatabaseTest.py::TestDetectChemistry::test_nitrogen PASSED
test/rmgpy/data/autoDatabaseTest.py::TestDetectChemistry::test_no_reactors PASSED
test/rmgpy/data/autoDatabaseTest.py::TestDetectChemistry::test_nonreactive_species_ignored PASSED
test/rmgpy/data/autoDatabaseTest.py::TestDetectChemistry::test_oxygenated_fuel PASSED
test/rmgpy/data/autoDatabaseTest.py::TestDetectChemistry::test_solvent PASSED
test/rmgpy/data/autoDatabaseTest.py::TestDetectChemistry::test_sulfur PASSED
test/rmgpy/data/autoDatabaseTest.py::TestDetectChemistry::test_surface_reactor PASSED
test/rmgpy/data/autoDatabaseTest.py::TestDetectChemistry::test_surface_species PASSED
test/rmgpy/data/autoDatabaseTest.py::TestDetermineChemistrySets::test_ch_pyrolysis_core PASSED
test/rmgpy/data/autoDatabaseTest.py::TestDetermineChemistrySets::test_ch_pyrolysis_core_low_T PASSED
test/rmgpy/data/autoDatabaseTest.py::TestDetermineChemistrySets::test_electrochem PASSED
test/rmgpy/data/autoDatabaseTest.py::TestDetermineChemistrySets::test_full_combo PASSED
test/rmgpy/data/autoDatabaseTest.py::TestDetermineChemistrySets::test_halogens PASSED
test/rmgpy/data/autoDatabaseTest.py::TestDetermineChemistrySets::test_liquid_oxidation PASSED
test/rmgpy/data/autoDatabaseTest.py::TestDetermineChemistrySets::test_nitrogen PASSED
test/rmgpy/data/autoDatabaseTest.py::TestDetermineChemistrySets::test_ordering PASSED
test/rmgpy/data/autoDatabaseTest.py::TestDetermineChemistrySets::test_oxidation PASSED
test/rmgpy/data/autoDatabaseTest.py::TestDetermineChemistrySets::test_pah_blocked_by_oxygen PASSED
test/rmgpy/data/autoDatabaseTest.py::TestDetermineChemistrySets::test_pah_no_oxygen PASSED
test/rmgpy/data/autoDatabaseTest.py::TestDetermineChemistrySets::test_pah_with_keyword PASSED
test/rmgpy/data/autoDatabaseTest.py::TestDetermineChemistrySets::test_primary_always PASSED
test/rmgpy/data/autoDatabaseTest.py::TestDetermineChemistrySets::test_sulfur PASSED
test/rmgpy/data/autoDatabaseTest.py::TestDetermineChemistrySets::test_surface PASSED
test/rmgpy/data/autoDatabaseTest.py::TestDetermineChemistrySets::test_surface_nitrogen PASSED
test/rmgpy/data/autoDatabaseTest.py::TestDetermineKineticsFamilies::test_ch_pyrolysis PASSED
test/rmgpy/data/autoDatabaseTest.py::TestDetermineKineticsFamilies::test_ch_pyrolysis_low_T PASSED
test/rmgpy/data/autoDatabaseTest.py::TestDetermineKineticsFamilies::test_default PASSED
test/rmgpy/data/autoDatabaseTest.py::TestDetermineKineticsFamilies::test_electrochem PASSED
test/rmgpy/data/autoDatabaseTest.py::TestDetermineKineticsFamilies::test_halogens PASSED
test/rmgpy/data/autoDatabaseTest.py::TestDetermineKineticsFamilies::test_liquid_peroxide PASSED
test/rmgpy/data/autoDatabaseTest.py::TestDetermineKineticsFamilies::test_surface PASSED
test/rmgpy/data/autoDatabaseTest.py::TestLoadRecommendedYml::test_all_chemistry_sets_present PASSED
test/rmgpy/data/autoDatabaseTest.py::TestLoadRecommendedYml::test_invalid_path PASSED
test/rmgpy/data/autoDatabaseTest.py::TestLoadRecommendedYml::test_loads PASSED
test/rmgpy/data/autoDatabaseTest.py::TestLoadRecommendedYml::test_required_keys PASSED
test/rmgpy/data/autoDatabaseTest.py::TestExpandChemistrySets::test_all_primary_before_other PASSED
test/rmgpy/data/autoDatabaseTest.py::TestExpandChemistrySets::test_ch_pyrolysis_core PASSED
test/rmgpy/data/autoDatabaseTest.py::TestExpandChemistrySets::test_empty PASSED
test/rmgpy/data/autoDatabaseTest.py::TestExpandChemistrySets::test_invalid_set PASSED
test/rmgpy/data/autoDatabaseTest.py::TestExpandChemistrySets::test_nitrogen PASSED
test/rmgpy/data/autoDatabaseTest.py::TestExpandChemistrySets::test_no_duplicates PASSED
test/rmgpy/data/autoDatabaseTest.py::TestExpandChemistrySets::test_pah_formation PASSED
test/rmgpy/data/autoDatabaseTest.py::TestExpandChemistrySets::test_primary PASSED
test/rmgpy/data/autoDatabaseTest.py::TestExpandChemistrySets::test_primary_always_first PASSED
test/rmgpy/data/autoDatabaseTest.py::TestExpandChemistrySets::test_surface_nitrogen PASSED
test/rmgpy/data/autoDatabaseTest.py::TestMergeWithUserLibraries::test_auto_empty_libs PASSED
test/rmgpy/data/autoDatabaseTest.py::TestMergeWithUserLibraries::test_auto_end PASSED
test/rmgpy/data/autoDatabaseTest.py::TestMergeWithUserLibraries::test_auto_middle PASSED
test/rmgpy/data/autoDatabaseTest.py::TestMergeWithUserLibraries::test_auto_start PASSED
test/rmgpy/data/autoDatabaseTest.py::TestMergeWithUserLibraries::test_auto_string PASSED
test/rmgpy/data/autoDatabaseTest.py::TestMergeWithUserLibraries::test_dedup PASSED
test/rmgpy/data/autoDatabaseTest.py::TestMergeWithUserLibraries::test_empty PASSED
test/rmgpy/data/autoDatabaseTest.py::TestMergeWithUserLibraries::test_no_auto PASSED
test/rmgpy/data/autoDatabaseTest.py::TestMergeWithUserLibraries::test_none PASSED
test/rmgpy/data/autoDatabaseTest.py::TestMergeWithUserLibraries::test_pah_no_auto PASSED
test/rmgpy/data/autoDatabaseTest.py::TestMergeWithUserLibraries::test_pah_stripped PASSED
test/rmgpy/data/autoDatabaseTest.py::TestToReactionLibraryTuples::test_all_false PASSED
test/rmgpy/data/autoDatabaseTest.py::TestToReactionLibraryTuples::test_all_true PASSED
test/rmgpy/data/autoDatabaseTest.py::TestToReactionLibraryTuples::test_empty PASSED
test/rmgpy/data/autoDatabaseTest.py::TestToReactionLibraryTuples::test_some_true PASSED
test/rmgpy/data/autoDatabaseTest.py::TestResolveAutoKineticsFamilies::test_default PASSED
test/rmgpy/data/autoDatabaseTest.py::TestResolveAutoKineticsFamilies::test_default_plus_surface PASSED
test/rmgpy/data/autoDatabaseTest.py::TestResolveAutoKineticsFamilies::test_invalid_path PASSED
test/rmgpy/data/autoDatabaseTest.py::TestResolveAutoKineticsFamilies::test_invalid_set PASSED
test/rmgpy/data/autoDatabaseTest.py::TestResolveAutoKineticsFamilies::test_no_duplicates PASSED
test/rmgpy/data/autoDatabaseTest.py::TestResolveAutoKineticsFamilies::test_returns_strings PASSED
test/rmgpy/data/autoDatabaseTest.py::TestLogLibList::test_empty PASSED
test/rmgpy/data/autoDatabaseTest.py::TestLogLibList::test_none PASSED
test/rmgpy/data/autoDatabaseTest.py::TestLogLibList::test_short PASSED
test/rmgpy/data/autoDatabaseTest.py::TestLogLibList::test_wrapping PASSED
test/rmgpy/data/autoDatabaseTest.py::TestAutoSelectLibraries::test_ethane_pyrolysis_includes_pah PASSED
test/rmgpy/data/autoDatabaseTest.py::TestAutoSelectLibraries::test_ethanol_no_pah PASSED
test/rmgpy/data/autoDatabaseTest.py::TestAutoSelectLibraries::test_ethanol_with_pah PASSED
test/rmgpy/data/autoDatabaseTest.py::TestAutoSelectLibraries::test_families_auto_with_addition PASSED
test/rmgpy/data/autoDatabaseTest.py::TestAutoSelectLibraries::test_families_auto_with_exclusion PASSED
test/rmgpy/data/autoDatabaseTest.py::TestAutoSelectLibraries::test_families_auto_with_exclusion_and_addition PASSED
test/rmgpy/data/autoDatabaseTest.py::TestAutoSelectLibraries::test_families_auto_with_multiple_exclusions PASSED
test/rmgpy/data/autoDatabaseTest.py::TestAutoSelectLibraries::test_families_resolved PASSED
test/rmgpy/data/autoDatabaseTest.py::TestAutoSelectLibraries::test_methane_oxidation PASSED
test/rmgpy/data/autoDatabaseTest.py::TestAutoSelectLibraries::test_noop_without_auto PASSED
test/rmgpy/data/autoDatabaseTest.py::TestEndToEnd::test_ethane_pyrolysis PASSED
test/rmgpy/data/autoDatabaseTest.py::TestEndToEnd::test_inert_with_nitrogen PASSED
test/rmgpy/data/autoDatabaseTest.py::TestEndToEnd::test_liquid_pentane_oxidation PASSED
test/rmgpy/data/autoDatabaseTest.py::TestEndToEnd::test_methane_oxidation PASSED
test/rmgpy/data/autoDatabaseTest.py::TestEndToEnd::test_nitrogen_sulfur PASSED
test/rmgpy/data/autoDatabaseTest.py::TestEndToEnd::test_oxyfuel_with_inert_bath_gas PASSED
test/rmgpy/data/baseTest.py::TestBaseDatabase::test_match_node_to_structure PASSED
test/rmgpy/data/baseTest.py::TestBaseDatabase::test_match_node_to_node PASSED
test/rmgpy/data/baseTest.py::TestForbiddenStructures::test_forbidden_group PASSED
test/rmgpy/data/baseTest.py::TestForbiddenStructures::test_forbidden_molecule PASSED
test/rmgpy/data/baseTest.py::TestForbiddenStructures::test_forbidden_species PASSED
test/rmgpy/data/kinetics/cationReverseElectronSignTest.py::TestCationReverseElectronSign::test_reaction_shape_and_direction PASSED
test/rmgpy/data/kinetics/cationReverseElectronSignTest.py::TestCationReverseElectronSign::test_net_electron_change_is_minus_one PASSED
test/rmgpy/data/kinetics/cationReverseElectronSignTest.py::TestCationReverseElectronSign::test_reactant_side_electron_participation_is_one PASSED
test/rmgpy/data/kinetics/cationReverseElectronSignTest.py::TestCationReverseElectronSign::test_molecularity_counts_the_consumed_electron PASSED
test/rmgpy/data/kinetics/cationReverseElectronSignTest.py::TestCationReverseElectronSign::test_expanded_equation_balances_in_E_and_charge PASSED
test/rmgpy/data/kinetics/electronPropagationTest.py::TestMolecularityCountsElectrons::test_electrons_zero_is_unchanged PASSED
test/rmgpy/data/kinetics/electronPropagationTest.py::TestMolecularityCountsElectrons::test_consumed_electron_counts_as_a_reactant PASSED
test/rmgpy/data/kinetics/electronPropagationTest.py::TestMolecularityCountsElectrons::test_consumed_electrons_count_one_each PASSED
test/rmgpy/data/kinetics/electronPropagationTest.py::TestMolecularityCountsElectrons::test_consumed_electron_adds_to_a_bimolecular_reaction PASSED
test/rmgpy/data/kinetics/electronPropagationTest.py::TestMolecularityCountsElectrons::test_released_electron_does_not_count PASSED
test/rmgpy/data/kinetics/electronPropagationTest.py::TestMolecularityCountsElectrons::test_missing_attribute_falls_back_to_the_reactant_count PASSED
test/rmgpy/data/kinetics/electronPropagationTest.py::TestFamilyPropagatesElectronsToItsTrainingDepository::test_family_declaration_is_read PASSED
test/rmgpy/data/kinetics/electronPropagationTest.py::TestFamilyPropagatesElectronsToItsTrainingDepository::test_declared_electrons_reach_the_loaded_training_reactions PASSED
test/rmgpy/data/kinetics/electronPropagationTest.py::TestFamilyPropagatesElectronsToItsTrainingDepository::test_training_reactions_of_an_ordinary_family_are_unchanged PASSED
test/rmgpy/data/kinetics/electronPropagationTest.py::TestFamilyPropagatesElectronsToItsTrainingDepository::test_loaded_training_reactions_have_the_physical_molecularity PASSED
test/rmgpy/data/kinetics/electronPropagationTest.py::TestFamilyPropagatesElectronsToItsTrainingDepository::test_data_borne_count_still_beats_the_family_declaration PASSED
test/rmgpy/data/kinetics/electronPropagationTest.py::TestFamilyPropagatesElectronsToItsTrainingDepository::test_depository_carries_the_count_handed_down_by_its_family PASSED
test/rmgpy/data/kinetics/electronPropagationTest.py::TestReverseTrainingReactionNegatesElectronCount::test_flipped_reverse_training_reaction_negates_electrons PASSED
test/rmgpy/data/kinetics/electronPropagationTest.py::TestCreateReactionStoresFamilyForwardOrientation::test_forward_generation_is_family_forward_and_keeps_the_sign PASSED
test/rmgpy/data/kinetics/electronPropagationTest.py::TestCreateReactionStoresFamilyForwardOrientation::test_reverse_generation_is_also_family_forward_and_keeps_the_sign PASSED
test/rmgpy/data/kinetics/electronPropagationTest.py::TestDepositoryDataBorneElectronPrecedence::test_data_borne_count_wins_for_every_charge_transfer_class PASSED
test/rmgpy/data/kinetics/familyTest.py::TestFamily::test_get_backbone_roots PASSED
test/rmgpy/data/kinetics/familyTest.py::TestFamily::test_get_end_roots PASSED
test/rmgpy/data/kinetics/familyTest.py::TestFamily::test_get_top_level_groups PASSED
test/rmgpy/data/kinetics/familyTest.py::TestFamily::test_react_benzene_bond PASSED
test/rmgpy/data/kinetics/familyTest.py::TestFamily::test_react_benzene_bond2 PASSED
test/rmgpy/data/kinetics/familyTest.py::TestFamily::test_intra__h_migration PASSED
test/rmgpy/data/kinetics/familyTest.py::TestFamily::test_surface_dissociation_charge_separation PASSED
test/rmgpy/data/kinetics/familyTest.py::TestFamily::test_h_abstraction PASSED
test/rmgpy/data/kinetics/familyTest.py::TestFamily::test_intra_ene_reaction PASSED
test/rmgpy/data/kinetics/familyTest.py::TestFamily::test_6_membered_central_cc_shift PASSED
test/rmgpy/data/kinetics/familyTest.py::TestFamily::test_12_shift_c PASSED
test/rmgpy/data/kinetics/familyTest.py::TestFamily::test_intra_r_add_exo_scission PASSED
test/rmgpy/data/kinetics/familyTest.py::TestFamily::test_intra_substitution_s_isomerization PASSED
test/rmgpy/data/kinetics/familyTest.py::TestFamily::test_r_addition_com PASSED
test/rmgpy/data/kinetics/familyTest.py::TestFamily::test_save_family SKIPPED
test/rmgpy/data/kinetics/familyTest.py::TestFamily::test_surface_proton_electron_reduction_alpha PASSED
test/rmgpy/data/kinetics/familyTest.py::TestFamily::test_reactant_num_id PASSED
test/rmgpy/data/kinetics/familyTest.py::TestTreeGeneration::test_a_clear_tree PASSED
test/rmgpy/data/kinetics/familyTest.py::TestTreeGeneration::test_b_generate_tree PASSED
test/rmgpy/data/kinetics/familyTest.py::TestTreeGeneration::test_c_parent_child PASSED
test/rmgpy/data/kinetics/familyTest.py::TestTreeGeneration::test_f_rules PASSED
test/rmgpy/data/kinetics/familyTest.py::TestTreeGeneration::test_d_regularization_dims PASSED
test/rmgpy/data/kinetics/familyTest.py::TestTreeGeneration::test_e_regularization_structure PASSED
test/rmgpy/data/kinetics/familyTest.py::TestGenerateReactions::test_debug_forbidden_reverse_rxn PASSED
test/rmgpy/data/kinetics/familyTest.py::TestGenerateReactions::test_molecule_forbidden PASSED
test/rmgpy/data/kinetics/familyTest.py::TestGenerateReactions::test_add_atom_labels_for_reaction PASSED
test/rmgpy/data/kinetics/familyTest.py::TestGenerateReactions::test_add_atom_labels_for_reaction_r_recombination PASSED
test/rmgpy/data/kinetics/familyTest.py::TestGenerateReactions::test_irreversible_reaction PASSED
test/rmgpy/data/kinetics/familyTest.py::TestGenerateReactions::test_net_charge_of_products PASSED
test/rmgpy/data/kinetics/familyTest.py::TestGenerateReactions::test_reactant_num_mismatch PASSED
test/rmgpy/data/kinetics/familyTest.py::TestGenerateReactions::test_match_reactant_to_template_surface_site PASSED
test/rmgpy/data/kinetics/familyTest.py::TestGenerateReactions::test_reactant_num_mismatch_2 PASSED
test/rmgpy/data/kinetics/familyTest.py::TestGenerateReactions::test_apply_recipe_multiplicity_check PASSED
test/rmgpy/data/kinetics/familyTest.py::TestGenerateReactions::test_retaining_atom_labels_in_template_reaction PASSED
test/rmgpy/data/kinetics/familyTest.py::TestGenerateReactions::test_average_kinetics PASSED
test/rmgpy/data/kinetics/familyTest.py::TestGenerateReactions::test_average_kinetics_accepts_1_per_s_units PASSED
test/rmgpy/data/kinetics/familyTest.py::TestGenerateReactions::test_average_kinetics_requires_matching_electrons PASSED
test/rmgpy/data/kinetics/familyTest.py::TestGenerateReactions::test_rules_average_kinetics_accepts_1_per_s_units PASSED
test/rmgpy/data/kinetics/familyTest.py::TestGenerateReactions::test_rules_average_kinetics_requires_matching_electrons_and_v0 PASSED
test/rmgpy/data/kinetics/kineticsTest.py::TestKineticsDatabase::test_load_families_incorrect PASSED
test/rmgpy/data/kinetics/kineticsTest.py::TestKineticsDatabase::test_load_families_correct PASSED
test/rmgpy/data/kinetics/kineticsTest.py::TestReactionDegeneracy::test_r_addition_multiple_bond_benzene PASSED
test/rmgpy/data/kinetics/kineticsTest.py::TestReactionDegeneracy::test_r_addition_multiple_bond_methyl_naphthalene PASSED
test/rmgpy/data/kinetics/kineticsTest.py::TestReactionDegeneracy::test_r_recombination_phenyl PASSED
test/rmgpy/data/kinetics/kineticsTest.py::TestReactionDegeneracy::test_r_recombination_h PASSED
test/rmgpy/data/kinetics/kineticsTest.py::TestReactionDegeneracy::test_degeneracy_for_methyl_methyl_recombination PASSED
test/rmgpy/data/kinetics/kineticsTest.py::TestReactionDegeneracy::test_degeneracy_for_methyl_labeled_methyl_recombination PASSED
test/rmgpy/data/kinetics/kineticsTest.py::TestReactionDegeneracy::test_degeneracy_for_ethyl_ethyl_disproportionation PASSED
test/rmgpy/data/kinetics/kineticsTest.py::TestReactionDegeneracy::test_degeneracy_for_ethyl_labeled_ethyl_disproportionation PASSED
test/rmgpy/data/kinetics/kineticsTest.py::TestReactionDegeneracy::test_degeneracy_does_not_include_identical_atom_labels SKIPPED
test/rmgpy/data/kinetics/kineticsTest.py::TestReactionDegeneracy::test_degeneracy_keeps_separate_transition_states_separated PASSED
test/rmgpy/data/kinetics/kineticsTest.py::TestReactionDegeneracy::test_separate_transition_states_generated_regardless_of_reactant_order PASSED
test/rmgpy/data/kinetics/kineticsTest.py::TestReactionDegeneracy::test_propyl_propyl_reaction_is_the_half_propyl_butyl PASSED
test/rmgpy/data/kinetics/kineticsTest.py::TestReactionDegeneracy::test_identical_reactants_have_similar_kinetics PASSED
test/rmgpy/data/kinetics/kineticsTest.py::TestReactionDegeneracy::test_reaction_degeneracy_independent_of_generatereactions_direction PASSED
test/rmgpy/data/kinetics/kineticsTest.py::TestReactionDegeneracy::test_degeneracy_same_reactant_different_resonance_structure PASSED
test/rmgpy/data/kinetics/kineticsTest.py::TestReactionDegeneracy::test_degeneracy_multiple_ts_different_template PASSED
test/rmgpy/data/kinetics/kineticsTest.py::TestReactionDegeneracy::test_degeneracy_multiple_resonance_different_template PASSED
test/rmgpy/data/kinetics/kineticsTest.py::TestReactionDegeneracy::test_degeneracy_resonance_keep_isomorphic PASSED
test/rmgpy/data/kinetics/kineticsTest.py::TestKineticsCommentsParsing::test_parse_kinetics PASSED
test/rmgpy/data/kinetics/kineticsTest.py::TestKinetics::test_react_molecules PASSED
test/rmgpy/data/kinetics/kineticsTest.py::TestKinetics::test_ensure_independent_atom_ids PASSED
test/rmgpy/data/kinetics/kineticsTest.py::TestKinetics::test_ensure_independent_atom_ids_no_resonance PASSED
test/rmgpy/data/kinetics/kineticsTest.py::TestKinetics::test_save_entry PASSED
test/rmgpy/data/kinetics/kineticsTest.py::TestKinetics::test_duplicates PASSED
test/rmgpy/data/kinetics/kineticsTest.py::TestKinetics::test_add_reverse_attribute PASSED
test/rmgpy/data/kinetics/kineticsTest.py::TestKinetics::test_calculate_degeneracy_for_non_reactive_molecule PASSED
test/rmgpy/data/kinetics/kineticsTest.py::TestKinetics::test_generate_reactions_from_families_with_resonance PASSED
test/rmgpy/data/kinetics/kineticsTest.py::TestKinetics::test_generate_reactions_from_families_no_resonance PASSED
test/rmgpy/data/kinetics/kineticsTest.py::TestKinetics::test_generate_reactions_from_families_product_resonance PASSED
test/rmgpy/data/kinetics/kineticsTest.py::TestKinetics::test_generate_reactions_from_families_product_resonance2 PASSED
test/rmgpy/data/kinetics/kineticsTest.py::TestKinetics::test_generate_reactions_from_libraries PASSED
test/rmgpy/data/kinetics/kineticsTest.py::TestKinetics::test_generate_reactions_from_libraries2 PASSED
test/rmgpy/data/kinetics/kineticsTest.py::TestKinetics::test_add_atom_labels_for_reaction PASSED
test/rmgpy/data/kinetics/kineticsTest.py::TestKinetics::test_add_atom_labels_for_reaction_2 [Species(label="", molecule=[Molecule(smiles="C=C=C")], molecular_weight=(40.0638,'amu')), Species(label="", molecule=[Molecule(smiles="[CH]=C=C"), Molecule(smiles="C#C[CH2]")], molecular_weight=(39.0558,'amu'))]
[Species(label="", molecule=[Molecule(smiles="[CH]=C=C"), Molecule(smiles="C#C[CH2]")], molecular_weight=(39.0558,'amu')), Species(label="", molecule=[Molecule(smiles="C#CC")], molecular_weight=(40.0638,'amu'))]
PASSED
test/rmgpy/data/kinetics/kineticsTest.py::TestKinetics::test_add_atom_labels_for_reaction_3 [Species(label="", molecule=[Molecule(smiles="C=C=[13CH2]")], molecular_weight=(41.0565,'amu')), Species(label="", molecule=[Molecule(smiles="[CH]=C=[13CH2]"), Molecule(smiles="C#C[13CH2]")], molecular_weight=(40.0486,'amu'))]
[Species(label="", molecule=[Molecule(smiles="C=C=[13CH2]")], molecular_weight=(41.0565,'amu')), Species(label="", molecule=[Molecule(smiles="C=C=[13CH]"), Molecule(smiles="[CH2]C#[13CH]")], molecular_weight=(40.0486,'amu'))]
PASSED
test/rmgpy/data/kinetics/kineticsTest.py::TestKinetics::test_species_preserved_after_generate_reactions PASSED
test/rmgpy/data/kinetics/kineticsTest.py::TestKinetics::test_species_preserved_after_generate_reactions_2 PASSED
test/rmgpy/data/kinetics/libraryElectronPropagationTest.py::TestLibraryElectronPropagation::test_declared_electron_count_reaches_the_reaction PASSED
test/rmgpy/data/kinetics/libraryElectronPropagationTest.py::TestLibraryElectronPropagation::test_charged_library_loads_through_the_database_path PASSED
test/rmgpy/data/kinetics/libraryElectronPropagationTest.py::TestLibraryElectronPropagation::test_wrong_electron_count_is_still_rejected PASSED
test/rmgpy/data/kinetics/libraryTest.py::TestLibrary::test_get_library_reactions PASSED
test/rmgpy/data/kinetics/libraryTest.py::TestLibrary::test_save_library PASSED
test/rmgpy/data/kinetics/libraryTest.py::TestLibrary::test_loading_external_kinetic_library PASSED
test/rmgpy/data/kinetics/libraryTest.py::TestLibrary::test_generate_high_p_limit_kinetics PASSED
test/rmgpy/data/kinetics/neutralReactantTest.py::TestNeutralReactantDeclaration::test_declaration_is_read_from_the_family PASSED
test/rmgpy/data/kinetics/neutralReactantTest.py::TestNeutralReactantDeclaration::test_undeclared_control_inherits_allow_charged_species PASSED
test/rmgpy/data/kinetics/neutralReactantTest.py::TestNeutralReactantDeclaration::test_predicate_answers_for_the_declared_reason PASSED
test/rmgpy/data/kinetics/neutralReactantTest.py::TestNeutralReactantDeclaration::test_declaration_survives_a_save_load_round_trip PASSED
test/rmgpy/data/kinetics/neutralReactantTest.py::TestNeutralReactantGeneration::test_the_anion_really_does_match_the_group PASSED
test/rmgpy/data/kinetics/neutralReactantTest.py::TestNeutralReactantGeneration::test_neutral_attachment_still_generates PASSED
test/rmgpy/data/kinetics/neutralReactantTest.py::TestNeutralReactantGeneration::test_anionic_reactant_generates_nothing PASSED
test/rmgpy/data/kinetics/neutralReactantTest.py::TestNeutralReactantGeneration::test_refusal_does_not_depend_on_atom_ordering PASSED
test/rmgpy/data/kinetics/neutralReactantTest.py::TestNeutralReactantGeneration::test_refusal_does_not_depend_on_where_the_charge_sits PASSED
test/rmgpy/data/kinetics/neutralReactantTest.py::TestNeutralReactantGeneration::test_refusal_holds_for_every_resonance_form PASSED
test/rmgpy/data/kinetics/neutralReactantTest.py::TestNeutralReactantGeneration::test_refusal_is_attributed_to_the_charge_rule PASSED
test/rmgpy/data/kinetics/neutralReactantTest.py::TestNeutralReactantGeneration::test_control_is_what_refuses_it PASSED
test/rmgpy/data/kinetics/neutralReactantTest.py::TestChargedReactantFamiliesUnaffected::test_charge_consuming_family_still_accepts_charged_reactants[Cation_R_Recombination] PASSED
test/rmgpy/data/kinetics/neutralReactantTest.py::TestChargedReactantFamiliesUnaffected::test_charge_consuming_family_still_accepts_charged_reactants[Cation_Addition_MultipleBond] PASSED
test/rmgpy/data/kinetics/neutralReactantTest.py::TestChargedReactantFamiliesUnaffected::test_charge_consuming_family_still_accepts_charged_reactants[Surface_Proton_Electron_Reduction_Alpha] PASSED
test/rmgpy/data/kinetics/neutralReactantTest.py::TestChargedReactantFamiliesUnaffected::test_charge_consuming_family_still_accepts_charged_reactants[Surface_Proton_Electron_Reduction_Beta] PASSED
test/rmgpy/data/kinetics/neutralReactantTest.py::TestChargedReactantFamiliesUnaffected::test_shipped_attachment_family_is_armed_by_the_database PASSED
test/rmgpy/data/kinetics/neutralReactantTest.py::TestChargedReactantFamiliesUnaffected::test_shipped_attachment_family_still_generates_neutral_attachment PASSED
test/rmgpy/data/kinetics/neutralReactantTest.py::TestChargedReactantFamiliesUnaffected::test_shipped_attachment_family_generates_no_dianion PASSED
test/rmgpy/data/kinetics/plasmaAttachmentGenerationTest.py::TestPlasmaAttachmentGeneration::test_attachment_reaction_is_generated PASSED
test/rmgpy/data/kinetics/plasmaAttachmentGenerationTest.py::TestPlasmaAttachmentGeneration::test_reaction_is_o2_plus_electron_to_superoxide PASSED
test/rmgpy/data/kinetics/plasmaAttachmentGenerationTest.py::TestPlasmaAttachmentGeneration::test_provenance_is_the_family_not_a_library PASSED
test/rmgpy/data/kinetics/plasmaAttachmentGenerationTest.py::TestPlasmaAttachmentGeneration::test_reaction_consumes_one_electron PASSED
test/rmgpy/data/kinetics/plasmaAttachmentGenerationTest.py::TestPlasmaAttachmentGeneration::test_molecularity_is_correct PASSED
test/rmgpy/data/kinetics/plasmaAttachmentGenerationTest.py::TestPlasmaAttachmentGeneration::test_rate_coefficient_units_match_the_molecularity PASSED
test/rmgpy/data/kinetics/plasmaAttachmentGenerationTest.py::TestPlasmaAttachmentGeneration::test_reactant_is_neutral_and_product_is_anionic PASSED
test/rmgpy/data/kinetics/plasmaAttachmentGenerationTest.py::TestPlasmaAttachmentGeneration::test_charged_reactant_rejection_is_active PASSED
test/rmgpy/data/kinetics/plasmaAttachmentGenerationTest.py::TestPlasmaAttachmentGeneration::test_generated_anion_does_not_reattach PASSED
test/rmgpy/data/kinetics/plasmaAttachmentGenerationTest.py::TestPlasmaAttachmentGeneration::test_family_level_returns_two_identical_reactions PASSED
test/rmgpy/data/kinetics/plasmaAttachmentGenerationTest.py::TestPlasmaAttachmentGeneration::test_database_level_collapses_to_one PASSED
test/rmgpy/data/kinetics/plasmaAttachmentGenerationTest.py::TestPlasmaAttachmentGeneration::test_family_is_a_member_of_no_recommended_set PASSED
test/rmgpy/data/kinetics/plasmaLocalContextTest.py::TestPlasmaKineticsLocalContext::test_two_temperature_plasma_entry_loads PASSED
test/rmgpy/data/kinetics/plasmaLocalContextTest.py::TestPlasmaKineticsLocalContext::test_electron_collision_plasma_entry_loads PASSED
test/rmgpy/data/kinetics/plasmaLocalContextTest.py::TestPlasmaKineticsLocalContext::test_badnell_rr_arrhenius_entry_loads PASSED
test/rmgpy/data/kinetics/plasmaLocalContextTest.py::TestPlasmaKineticsLocalContext::test_voronov_ei_arrhenius_entry_loads PASSED
test/rmgpy/data/kinetics/plasmaLocalContextTest.py::TestPlasmaKineticsLocalContext::test_all_four_entries_loaded_as_library_reactions PASSED
test/rmgpy/data/kinetics/plasmaLocalContextTest.py::TestPlasmaKineticsLocalContext::test_declared_electron_count_reached_the_reaction_and_balanced_it PASSED
test/rmgpy/data/kinetics/plasmaLocalContextTest.py::TestPlasmaKineticsLocalContext::test_electron_impact_ionization_keeps_its_incident_electron_explicit PASSED
test/rmgpy/data/kinetics/quarantineTest.py::TestTheManifest::test_a_manifest_loads_its_fields PASSED
test/rmgpy/data/kinetics/quarantineTest.py::TestTheManifest::test_a_family_without_a_manifest_is_not_quarantined PASSED
test/rmgpy/data/kinetics/quarantineTest.py::TestTheManifest::test_an_unknown_kinetics_class_raises_rather_than_quarantining_nothing PASSED
test/rmgpy/data/kinetics/quarantineTest.py::TestTheManifest::test_a_declared_engine_requirement_is_honoured PASSED
test/rmgpy/data/kinetics/quarantineTest.py::TestTheManifest::test_a_declared_engine_symbol_is_honoured PASSED
test/rmgpy/data/kinetics/quarantineTest.py::TestTheManifest::test_a_satisfied_engine_requirement_loads PASSED
test/rmgpy/data/kinetics/quarantineTest.py::TestTheManifest::test_the_commit_field_is_not_declarable PASSED
test/rmgpy/data/kinetics/quarantineTest.py::TestTheManifest::test_the_recorded_commit_is_kept_as_provenance_and_reaches_a_reader PASSED
test/rmgpy/data/kinetics/quarantineTest.py::TestTheManifest::test_a_symbol_that_is_not_callable_is_refused PASSED
test/rmgpy/data/kinetics/quarantineTest.py::TestTheManifest::test_a_symbol_without_a_module_is_refused_not_ignored PASSED
test/rmgpy/data/kinetics/quarantineTest.py::TestTheManifest::test_a_gate_that_exists_but_is_not_wired_in_is_refused PASSED
test/rmgpy/data/kinetics/quarantineTest.py::TestTheManifest::test_the_real_call_site_satisfies_the_wiring_check PASSED
test/rmgpy/data/kinetics/quarantineTest.py::TestTheManifest::test_a_manifest_missing_a_required_field_raises[state] PASSED
test/rmgpy/data/kinetics/quarantineTest.py::TestTheManifest::test_a_manifest_missing_a_required_field_raises[appliesToKineticsClass] PASSED
test/rmgpy/data/kinetics/quarantineTest.py::TestTheManifest::test_a_manifest_missing_a_required_field_raises[reason] PASSED
test/rmgpy/data/kinetics/quarantineTest.py::TestTheManifest::test_the_criterion_is_selective PASSED
test/rmgpy/data/kinetics/quarantineTest.py::TestTheManifest::test_the_criterion_is_evaluated_against_the_data_not_a_stored_list PASSED
test/rmgpy/data/kinetics/quarantineTest.py::TestTheManifest::test_no_hard_coded_entry_list_exists_in_the_code PASSED
test/rmgpy/data/kinetics/quarantineTest.py::TestTheRefusalNamesFiveThings::test_it_names_the_family PASSED
test/rmgpy/data/kinetics/quarantineTest.py::TestTheRefusalNamesFiveThings::test_it_names_the_provenance PASSED
test/rmgpy/data/kinetics/quarantineTest.py::TestTheRefusalNamesFiveThings::test_it_names_the_generated_reaction PASSED
test/rmgpy/data/kinetics/quarantineTest.py::TestTheRefusalNamesFiveThings::test_it_names_the_kinetics_class PASSED
test/rmgpy/data/kinetics/quarantineTest.py::TestTheRefusalNamesFiveThings::test_it_names_the_reason PASSED
test/rmgpy/data/kinetics/quarantineTest.py::TestTheRefusalNamesFiveThings::test_it_names_the_campaign_state_and_the_manifest PASSED
test/rmgpy/data/kinetics/quarantineTest.py::TestTheRefusalNamesFiveThings::test_provenance_is_never_blank PASSED
test/rmgpy/data/kinetics/quarantineTest.py::TestTheGateFires::test_at_kinetics_estimation_the_primary_site PASSED
test/rmgpy/data/kinetics/quarantineTest.py::TestTheGateFires::test_at_core_admission_the_backstop PASSED
test/rmgpy/data/kinetics/quarantineTest.py::TestTheGateFires::test_at_edge_admission_the_backstop PASSED
test/rmgpy/data/kinetics/quarantineTest.py::TestTheGateFires::test_ordinary_chemistry_is_untouched PASSED
test/rmgpy/data/kinetics/quarantineTest.py::TestTheGateFires::test_a_quarantined_family_still_admits_its_unquarantined_kinetics PASSED
test/rmgpy/data/kinetics/quarantineTest.py::TestTheGateFires::test_an_unloaded_database_does_not_crash_the_gate PASSED
test/rmgpy/data/kinetics/quarantineTest.py::TestProvenanceNotTheFamilySlot::test_a_quarantined_rate_copied_into_a_library_is_still_refused PASSED
test/rmgpy/data/kinetics/quarantineTest.py::TestProvenanceNotTheFamilySlot::test_the_provenance_may_live_in_the_entry_instead_of_the_comment PASSED
test/rmgpy/data/kinetics/quarantineTest.py::TestProvenanceNotTheFamilySlot::test_a_library_named_like_a_quarantined_family_is_not_refused PASSED
test/rmgpy/data/kinetics/quarantineTest.py::TestProvenanceNotTheFamilySlot::test_authoring_family_reads_authorship_not_the_slot PASSED
test/rmgpy/data/kinetics/quarantineTest.py::TestProvenanceNotTheFamilySlot::test_an_unattributable_rate_is_reported_and_not_refused PASSED
test/rmgpy/data/kinetics/quarantineTest.py::TestProvenanceNotTheFamilySlot::test_an_ordinary_library_rate_says_nothing PASSED
test/rmgpy/data/kinetics/quarantineTest.py::TestTheSevenForbiddenSilentBehaviours::test_1_the_reaction_is_not_removed_after_generation PASSED
test/rmgpy/data/kinetics/quarantineTest.py::TestTheSevenForbiddenSilentBehaviours::test_2_no_average_rule_is_substituted PASSED
test/rmgpy/data/kinetics/quarantineTest.py::TestTheSevenForbiddenSilentBehaviours::test_3_it_is_never_evaluated_at_potential_zero PASSED
test/rmgpy/data/kinetics/quarantineTest.py::TestTheSevenForbiddenSilentBehaviours::test_4_it_is_not_marked_irreversible PASSED
test/rmgpy/data/kinetics/quarantineTest.py::TestTheSevenForbiddenSilentBehaviours::test_5_no_reverse_rate_is_derived PASSED
test/rmgpy/data/kinetics/quarantineTest.py::TestTheSevenForbiddenSilentBehaviours::test_6_seeding_a_product_or_cation_does_not_bypass_it PASSED
test/rmgpy/data/kinetics/quarantineTest.py::TestTheSevenForbiddenSilentBehaviours::test_7_no_generic_collision_rate_replaces_it PASSED
test/rmgpy/data/kinetics/quarantineTest.py::TestTheRealQuarantinedFamily::test_the_family_is_quarantined_with_the_ruling_s_words PASSED
test/rmgpy/data/kinetics/quarantineTest.py::TestTheRealQuarantinedFamily::test_the_affected_set_is_enumerated_from_the_database PASSED
test/rmgpy/data/kinetics/quarantineTest.py::TestTheRealQuarantinedFamily::test_nothing_was_deleted PASSED
test/rmgpy/data/kinetics/quarantineTest.py::TestTheRealQuarantinedFamily::test_the_rates_themselves_were_not_touched PASSED
test/rmgpy/data/kinetics/quarantineTest.py::TestTheDoorLeftOpen::test_the_database_still_loads PASSED
test/rmgpy/data/kinetics/quarantineTest.py::TestTheDoorLeftOpen::test_the_family_is_still_registered_and_still_generates_reactions PASSED
test/rmgpy/data/kinetics/quarantineTest.py::TestTheDoorLeftOpen::test_the_rate_law_still_evaluates PASSED
test/rmgpy/data/kinetics/surfaceChargeTransferBEPLocalContextTest.py::TestSurfaceChargeTransferBEPLocalContext::test_surface_charge_transfer_bep_entry_loads PASSED
test/rmgpy/data/kinetics/surfaceChargeTransferBEPLocalContextTest.py::TestSurfaceChargeTransferBEPLocalContext::test_get_library_reactions_preserves_electrons PASSED
test/rmgpy/data/rmgTest.py::RMGDatabaseLoadSurfaceTest::test_load_surface_false_populates_thermo_without_adsorption_groups_loaded PASSED
test/rmgpy/data/rmgTest.py::RMGDatabaseLoadSurfaceTest::test_load_surface_true_populates_thermo_with_adsorption_groups_loaded PASSED
test/rmgpy/data/saturatedStructureTest.py::TestSaturateForEstimation::test_ordinary_radical_saturates PASSED
test/rmgpy/data/saturatedStructureTest.py::TestSaturateForEstimation::test_input_is_not_mutated PASSED
test/rmgpy/data/saturatedStructureTest.py::TestSaturateForEstimation::test_unownable_saturated_form_raises_named_error PASSED
test/rmgpy/data/saturatedStructureTest.py::TestSaturateForEstimation::test_named_error_is_not_an_atom_type_error PASSED
test/rmgpy/data/saturatedStructureTest.py::TestSaturateForEstimation::test_both_adjacency_lists_in_the_message_read_back PASSED
test/rmgpy/data/saturatedStructureTest.py::TestSaturateForEstimation::test_the_message_says_how_to_read_the_saturated_block_back PASSED
test/rmgpy/data/saturatedStructureTest.py::TestTransportOfUnsaturableSpecies::test_estimation_falls_back_instead_of_crashing PASSED
test/rmgpy/data/saturatedStructureTest.py::TestTransportOfUnsaturableSpecies::test_the_fallback_says_it_is_a_fallback PASSED
test/rmgpy/data/saturatedStructureTest.py::TestTransportOfUnsaturableSpecies::test_group_estimate_still_raises_for_whoever_asks_directly PASSED
test/rmgpy/data/saturatedStructureTest.py::TestTransportOfUnsaturableSpecies::test_ground_state_argon_is_unaffected PASSED
test/rmgpy/data/saturatedStructureTest.py::TestTransportOfUnsaturableSpecies::test_ordinary_radical_is_unaffected PASSED
test/rmgpy/data/saturatedStructureTest.py::TestSoluteDataOfUnsaturableSpecies::test_estimation_names_the_cause PASSED
test/rmgpy/data/saturatedStructureTest.py::TestSoluteDataOfUnsaturableSpecies::test_ground_state_argon_is_unaffected PASSED
test/rmgpy/data/saturatedStructureTest.py::TestSoluteDataOfUnsaturableSpecies::test_ordinary_radical_is_unaffected PASSED
test/rmgpy/data/solvationTest.py::TestSoluteDatabase::test_solute_library PASSED
test/rmgpy/data/solvationTest.py::TestSoluteDatabase::test_mcgowan PASSED
test/rmgpy/data/solvationTest.py::TestSoluteDatabase::test_diffusivity PASSED
test/rmgpy/data/solvationTest.py::TestSoluteDatabase::test_solvent_library PASSED
test/rmgpy/data/solvationTest.py::TestSoluteDatabase::test_viscosity PASSED
test/rmgpy/data/solvationTest.py::TestSoluteDatabase::test_critical_temperature PASSED
test/rmgpy/data/solvationTest.py::TestSoluteDatabase::test_saturation_density PASSED
test/rmgpy/data/solvationTest.py::TestSoluteDatabase::test_find_solvent PASSED
test/rmgpy/data/solvationTest.py::TestSoluteDatabase::test_solute_groups PASSED
test/rmgpy/data/solvationTest.py::TestSoluteDatabase::test_solute_generation PASSED
test/rmgpy/data/solvationTest.py::TestSoluteDatabase::test_solute_with_resonance_structures PASSED
test/rmgpy/data/solvationTest.py::TestSoluteDatabase::test_lone_pair_solute_generation PASSED
test/rmgpy/data/solvationTest.py::TestSoluteDatabase::test_solute_data_generation_ammonia PASSED
test/rmgpy/data/solvationTest.py::TestSoluteDatabase::test_solute_data_generation_amide PASSED
test/rmgpy/data/solvationTest.py::TestSoluteDatabase::test_solute_data_generation_co PASSED
test/rmgpy/data/solvationTest.py::TestSoluteDatabase::test_radical_and_lone_pair_generation PASSED
test/rmgpy/data/solvationTest.py::TestSoluteDatabase::test_radical_solute_group PASSED
test/rmgpy/data/solvationTest.py::TestSoluteDatabase::test_halogen_solute_group PASSED
test/rmgpy/data/solvationTest.py::TestSoluteDatabase::test_radical_halogen_solute_group PASSED
test/rmgpy/data/solvationTest.py::TestSoluteDatabase::test_correction_generation PASSED
test/rmgpy/data/solvationTest.py::TestSoluteDatabase::test_Kfactor_parameters PASSED
test/rmgpy/data/solvationTest.py::TestSoluteDatabase::test_Tdep_solvation_calculation PASSED
test/rmgpy/data/solvationTest.py::TestSoluteDatabase::test_initial_species SKIPPED
test/rmgpy/data/solvationTest.py::TestSoluteDatabase::test_solvent_molecule PASSED
test/rmgpy/data/surfaceTest.py::TestMetalDatabase::test_load_metal_library PASSED
test/rmgpy/data/surfaceTest.py::TestMetalDatabase::test_write_entry_to_database PASSED
test/rmgpy/data/surfaceTest.py::TestMetalDatabase::test_load_from_label PASSED
test/rmgpy/data/surfaceTest.py::TestMetalDatabase::test_load_all_entries_on_one_metal PASSED
test/rmgpy/data/thermoTest.py::TestThermoDatabaseLoading::test_failing_loads_thermo_libraries PASSED
test/rmgpy/data/thermoTest.py::TestThermoDatabaseLoading::test_loading_external_thermo_library PASSED
test/rmgpy/data/thermoTest.py::TestThermoDatabaseLoading::test_load_unload_libraries PASSED
test/rmgpy/data/thermoTest.py::TestThermoDatabase::test_pickle PASSED
test/rmgpy/data/thermoTest.py::TestThermoDatabase::test_symmetry_added_by_get_thermo_data PASSED
test/rmgpy/data/thermoTest.py::TestThermoDatabase::test_symmetry_contribution_radicals PASSED
test/rmgpy/data/thermoTest.py::TestThermoDatabase::test_parse_thermo_comments PASSED
test/rmgpy/data/thermoTest.py::TestThermoDatabase::test_species_thermo_generation_hbi_library PASSED
test/rmgpy/data/thermoTest.py::TestThermoDatabase::test_species_thermo_generation_hbi_gav PASSED
test/rmgpy/data/thermoTest.py::TestThermoDatabase::test_species_thermo_generation_library PASSED
test/rmgpy/data/thermoTest.py::TestThermoDatabase::test_species_thermo_generation_ml SKIPPED
test/rmgpy/data/thermoTest.py::TestThermoDatabase::test_thermo_generation_ml_settings SKIPPED
test/rmgpy/data/thermoTest.py::TestThermoDatabase::test_thermo_estimation_not_affect_database PASSED
test/rmgpy/data/thermoTest.py::TestThermoDatabase::test_get_all_thermo_data_fails_quietly PASSED
test/rmgpy/data/thermoTest.py::TestThermoDatabase::test_lowest_h298_for_resonance_structures PASSED
test/rmgpy/data/thermoTest.py::TestThermoDatabase::test_thermo_for_mixed_reactive_and_nonreactive_molecules PASSED
test/rmgpy/data/thermoTest.py::TestThermoDatabase::test_thermo_for_aromatic_radicals PASSED
test/rmgpy/data/thermoTest.py::TestThermoDatabase::test_identifying_missing_group PASSED
test/rmgpy/data/thermoTest.py::TestThermoDatabase::test_adsorbate_thermo_generation_gav PASSED
test/rmgpy/data/thermoTest.py::TestThermoDatabase::test_adsorbate_thermo_generation_library PASSED
test/rmgpy/data/thermoTest.py::TestThermoDatabase::test_adsorbate_thermo_generation_bidentate PASSED
test/rmgpy/data/thermoTest.py::TestThermoDatabase::test_adsorbate_thermo_generation_bidentate_double PASSED
test/rmgpy/data/thermoTest.py::TestThermoDatabase::test_adsorbate_thermo_generation_bidentate_C2 PASSED
test/rmgpy/data/thermoTest.py::TestThermoDatabase::test_adsorbate_thermo_generation_bidentate_asymmetric PASSED
test/rmgpy/data/thermoTest.py::TestThermoDatabase::test_adsorbate_thermo_generation_bidentate_asymmetric_NNOH PASSED
test/rmgpy/data/thermoTest.py::TestThermoDatabase::test_adsorbate_thermo_generation_bidentate_OO PASSED
test/rmgpy/data/thermoTest.py::TestThermoDatabase::test_adsorbate_thermo_generation_bidentate_CO PASSED
test/rmgpy/data/thermoTest.py::TestThermoDatabase::test_adsorbate_thermo_raises_error PASSED
test/rmgpy/data/thermoTest.py::TestThermoDatabase::test_binding_energy_correction_with_van_der_waals_bond PASSED
test/rmgpy/data/thermoTest.py::TestThermoDatabase::test_adsorbate_thermo_generation_bidentate_weird_CO PASSED
test/rmgpy/data/thermoTest.py::TestThermoDatabase::test_adsorbate_thermo_generation_bidentate_nonadjacent PASSED
test/rmgpy/data/thermoTest.py::TestThermoDatabase::test_remove_group PASSED
test/rmgpy/data/thermoTest.py::TestThermoAccuracy::test_new_thermo_generation SKIPPED
test/rmgpy/data/thermoTest.py::TestThermoAccuracy::test_symmetry_number_generation PASSED
test/rmgpy/data/thermoTest.py::TestThermoAccuracyAromatics::test_long_distance_interaction_in_aromatic_molecule PASSED
test/rmgpy/data/thermoTest.py::TestThermoAccuracyAromatics::test_long_distance_interaction_in_aromatic_radical PASSED
test/rmgpy/data/thermoTest.py::TestThermoAccuracyAromatics::test_long_distance_interaction_in_aromatic_biradical PASSED
test/rmgpy/data/thermoTest.py::TestCyclicThermo::test_compute_group_additivity_thermo_for_two_ring_molecule PASSED
test/rmgpy/data/thermoTest.py::TestCyclicThermo::test_thermo_for_monocyclic_and_polycyclic_same_molecule PASSED
test/rmgpy/data/thermoTest.py::TestCyclicThermo::test_get_ring_groups_from_comments PASSED
test/rmgpy/data/thermoTest.py::TestCyclicThermo::test_is_ring_partial_matched PASSED
test/rmgpy/data/thermoTest.py::TestCyclicThermo::test_add_ring_correction_thermo_data_from_tree_for_existing_tricyclic PASSED
test/rmgpy/data/thermoTest.py::TestCyclicThermo::test_add_poly_ring_correction_thermo_data_from_heuristic_using_pyrene PASSED
test/rmgpy/data/thermoTest.py::TestCyclicThermo::test_add_poly_ring_correction_thermo_data_from_heuristic_using_aromatic_tricyclic PASSED
test/rmgpy/data/thermoTest.py::TestCyclicThermo::test_add_poly_ring_correction_thermo_data_from_heuristic_using_alkane_tricyclic PASSED
test/rmgpy/data/thermoTest.py::TestCyclicThermo::test_add_poly_ring_correction_thermo_data_from_heuristic_using_highly_unsaturated_polycyclics1 PASSED
test/rmgpy/data/thermoTest.py::TestCyclicThermo::test_add_poly_ring_correction_thermo_data_from_heuristic_using_highly_unsaturated_polycyclics2 PASSED
test/rmgpy/data/thermoTest.py::TestCyclicThermo::test_get_bicyclic_correction_thermo_data_from_heuristic1 PASSED
test/rmgpy/data/thermoTest.py::TestCyclicThermo::test_get_bicyclic_correction_thermo_data_from_heuristic2 PASSED
test/rmgpy/data/thermoTest.py::TestMolecularManipulationInvolvedInThermoEstimation::test_convert_ring_to_sub_molecule PASSED
test/rmgpy/data/thermoTest.py::TestMolecularManipulationInvolvedInThermoEstimation::test_get_copy_for_one_ring PASSED
test/rmgpy/data/thermoTest.py::TestMolecularManipulationInvolvedInThermoEstimation::test_to_fail_combine_two_rings_into_sub_molecule PASSED
test/rmgpy/data/thermoTest.py::TestMolecularManipulationInvolvedInThermoEstimation::test_combine_two_rings_into_sub_molecule PASSED
test/rmgpy/data/thermoTest.py::TestMolecularManipulationInvolvedInThermoEstimation::test_is_aromatic_ring PASSED
test/rmgpy/data/thermoTest.py::TestMolecularManipulationInvolvedInThermoEstimation::test_is_bicyclic1 PASSED
test/rmgpy/data/thermoTest.py::TestMolecularManipulationInvolvedInThermoEstimation::test_is_bicyclic2 PASSED
test/rmgpy/data/thermoTest.py::TestMolecularManipulationInvolvedInThermoEstimation::test_find_aromatic_bonds_from_sub_molecule PASSED
test/rmgpy/data/thermoTest.py::TestMolecularManipulationInvolvedInThermoEstimation::test_bicyclic_decomposition_for_polyring_using_pyrene PASSED
test/rmgpy/data/thermoTest.py::TestMolecularManipulationInvolvedInThermoEstimation::test_bicyclic_decomposition_for_polyring_using_aromatic_tricyclic PASSED
test/rmgpy/data/thermoTest.py::TestMolecularManipulationInvolvedInThermoEstimation::test_bicyclic_decomposition_for_polyring_using_alkane_tricyclic PASSED
test/rmgpy/data/thermoTest.py::TestMolecularManipulationInvolvedInThermoEstimation::test_deterministic_bicyclic_decomposition SKIPPED
test/rmgpy/data/thermoTest.py::TestMolecularManipulationInvolvedInThermoEstimation::test_combine_cycles PASSED
test/rmgpy/data/thermoTest.py::TestMolecularManipulationInvolvedInThermoEstimation::test_split_bicyclic_into_single_rings1 PASSED
test/rmgpy/data/thermoTest.py::TestMolecularManipulationInvolvedInThermoEstimation::test_split_bicyclic_into_single_rings2 PASSED
test/rmgpy/data/thermoTest.py::TestMolecularManipulationInvolvedInThermoEstimation::test_saturate_ring_bonds1 PASSED
test/rmgpy/data/thermoTest.py::TestMolecularManipulationInvolvedInThermoEstimation::test_saturate_ring_bonds2 PASSED
test/rmgpy/data/thermoTest.py::TestMolecularManipulationInvolvedInThermoEstimation::test_saturate_ring_bonds3 PASSED
test/rmgpy/data/transportTest.py::TestCriticalPointGroupContribution::test__tc PASSED
test/rmgpy/data/transportTest.py::TestCriticalPointGroupContribution::test__pc PASSED
test/rmgpy/data/transportTest.py::TestCriticalPointGroupContribution::test__vc PASSED
test/rmgpy/data/transportTest.py::TestCriticalPointGroupContribution::test__tb PASSED
test/rmgpy/data/transportTest.py::TestCriticalPointGroupContribution::test_structure_index PASSED
test/rmgpy/data/transportTest.py::TestCriticalPointGroupContribution::test_pickle PASSED
test/rmgpy/data/transportTest.py::TestCriticalPointGroupContribution::test_repr PASSED
test/rmgpy/data/transportTest.py::TestTransportDatabase::test_joback PASSED
test/rmgpy/data/transportTest.py::TestTransportDatabase::test_joback_on_benzene_bonds SKIPPED
test/rmgpy/data/transportTest.py::TestTransportDatabase::test_Tb_correction_for_halogens PASSED
test/rmgpy/data/transportTest.py::TestTransportDatabase::test_get_transport_properties PASSED
test/rmgpy/data/transportTest.py::TestTransportDatabase::test_get_all_transport_properties PASSED

================================ tests coverage ================================
_______________ coverage: platform linux, python 3.9.23-final-0 ________________

Coverage HTML written to dir htmlcov
======================= 418 passed, 8 skipped in 39.31s ========================
