loading every family from /home/alon/Code/RMG-database-i221-argon-metastable-thermo/input
families loaded: 140
    ! Birad_R_Recombination forward slot 0 raised RuntimeError: sabotage: this slot cannot be evaluated
    ! Birad_R_Recombination forward slot 1 raised RuntimeError: sabotage: this slot cannot be evaluated
    ! Birad_R_Recombination reverse slot 0 raised RuntimeError: sabotage: this slot cannot be evaluated

=== families whose TEMPLATE admits Ar u2 p3 c0 ===
family                             fwd slots    rev slots    forbidden?
Br_Abstraction                     [0]          -            YES
CO_Disproportionation              [0]          -            YES
Cation_NO_Substitution             -            [1]          YES
Cl_Abstraction                     [0]          -            YES
Disproportionation                 [0]          -            YES
Disproportionation-Y               [0]          -            YES
F_Abstraction                      [0]          -            YES
Li_NO_Substitution                 -            [1]          YES
Plasma_Electron_Impact_Ionization  [0]          -            n/a (EII, intended)
R_Addition_MultipleBond            [1]          -            YES
Surface_Adsorption_Double          [0]          -            YES

total families whose template admits it: 11

=== controls ===
    ! Birad_R_Recombination forward slot 0 raised RuntimeError: sabotage: this slot cannot be evaluated
    ! Birad_R_Recombination forward slot 1 raised RuntimeError: sabotage: this slot cannot be evaluated
  [O] u2 p2 matches Birad_R_Recombination forward slots -  (must be non-empty)
    ! Birad_R_Recombination forward slot 0 raised RuntimeError: sabotage: this slot cannot be evaluated
    ! Birad_R_Recombination forward slot 1 raised RuntimeError: sabotage: this slot cannot be evaluated
    ! Birad_R_Recombination reverse slot 0 raised RuntimeError: sabotage: this slot cannot be evaluated
  ground-state Ar u0 p4 matches 2 families; metastable matches 11
  ground state does NOT match the biradical sites: True
  controls pass: False

=== RESULT ===
  every family whose template admits the metastable is forbidden, except Plasma_Electron_Impact_Ionization, which is the intended channel
  UNDETERMINED: 8 template slots could not be evaluated, so the sweep did not see the whole template space and no completeness claim is made:
      Birad_R_Recombination forward slot 0: RuntimeError: sabotage: this slot cannot be evaluated
      Birad_R_Recombination forward slot 1: RuntimeError: sabotage: this slot cannot be evaluated
      Birad_R_Recombination reverse slot 0: RuntimeError: sabotage: this slot cannot be evaluated
      Birad_R_Recombination forward slot 0: RuntimeError: sabotage: this slot cannot be evaluated
      Birad_R_Recombination forward slot 1: RuntimeError: sabotage: this slot cannot be evaluated
      Birad_R_Recombination forward slot 0: RuntimeError: sabotage: this slot cannot be evaluated
      Birad_R_Recombination forward slot 1: RuntimeError: sabotage: this slot cannot be evaluated
      Birad_R_Recombination reverse slot 0: RuntimeError: sabotage: this slot cannot be evaluated

EXIT 1

SABOTAGE CHECK: derivation exited 1 (must be 1 -- an unevaluable slot must not pass)
