............................................                             [100%]
=============================== warnings summary ===============================
test/test_argon_metastable_thermo.py::test_the_entry_is_the_1s5_level_and_says_so
test/test_argon_metastable_thermo.py::test_without_this_library_the_species_cannot_exist_at_all
test/test_argon_metastable_thermo.py::test_the_advertised_6000_K_now_survives_normal_processing
test/test_argon_metastable_thermo.py::test_the_estimate_arrives_as_an_ordinary_arrhenius_with_no_electron_temperature
  <string>:5427: DeprecationWarning: invalid escape sequence \D

test/test_argon_metastable_thermo.py::test_the_entry_is_the_1s5_level_and_says_so
test/test_argon_metastable_thermo.py::test_without_this_library_the_species_cannot_exist_at_all
test/test_argon_metastable_thermo.py::test_the_advertised_6000_K_now_survives_normal_processing
test/test_argon_metastable_thermo.py::test_the_estimate_arrives_as_an_ordinary_arrhenius_with_no_electron_temperature
  <string>:5539: DeprecationWarning: invalid escape sequence \D

test/test_argon_metastable_thermo.py::test_the_entry_is_the_1s5_level_and_says_so
test/test_argon_metastable_thermo.py::test_without_this_library_the_species_cannot_exist_at_all
test/test_argon_metastable_thermo.py::test_the_advertised_6000_K_now_survives_normal_processing
test/test_argon_metastable_thermo.py::test_the_estimate_arrives_as_an_ordinary_arrhenius_with_no_electron_temperature
  <string>:5628: DeprecationWarning: invalid escape sequence \D

test/test_argon_metastable_thermo.py::test_the_entry_is_the_1s5_level_and_says_so
test/test_argon_metastable_thermo.py::test_without_this_library_the_species_cannot_exist_at_all
test/test_argon_metastable_thermo.py::test_the_advertised_6000_K_now_survives_normal_processing
test/test_argon_metastable_thermo.py::test_the_estimate_arrives_as_an_ordinary_arrhenius_with_no_electron_temperature
  <string>:5672: DeprecationWarning: invalid escape sequence \D

test/test_argon_metastable_thermo.py::test_the_entry_is_the_1s5_level_and_says_so
test/test_argon_metastable_thermo.py::test_without_this_library_the_species_cannot_exist_at_all
test/test_argon_metastable_thermo.py::test_the_advertised_6000_K_now_survives_normal_processing
test/test_argon_metastable_thermo.py::test_the_estimate_arrives_as_an_ordinary_arrhenius_with_no_electron_temperature
  <string>:5698: DeprecationWarning: invalid escape sequence \D

test/test_argon_metastable_thermo.py::test_the_entry_is_the_1s5_level_and_says_so
test/test_argon_metastable_thermo.py::test_without_this_library_the_species_cannot_exist_at_all
test/test_argon_metastable_thermo.py::test_the_advertised_6000_K_now_survives_normal_processing
test/test_argon_metastable_thermo.py::test_the_estimate_arrives_as_an_ordinary_arrhenius_with_no_electron_temperature
  <string>:5860: DeprecationWarning: invalid escape sequence \D

test/test_argon_metastable_thermo.py::test_the_entry_is_the_1s5_level_and_says_so
test/test_argon_metastable_thermo.py::test_without_this_library_the_species_cannot_exist_at_all
test/test_argon_metastable_thermo.py::test_the_advertised_6000_K_now_survives_normal_processing
test/test_argon_metastable_thermo.py::test_the_estimate_arrives_as_an_ordinary_arrhenius_with_no_electron_temperature
  <string>:5904: DeprecationWarning: invalid escape sequence \D

test/test_argon_metastable_thermo.py::test_the_entry_is_the_1s5_level_and_says_so
test/test_argon_metastable_thermo.py::test_without_this_library_the_species_cannot_exist_at_all
test/test_argon_metastable_thermo.py::test_the_advertised_6000_K_now_survives_normal_processing
test/test_argon_metastable_thermo.py::test_the_estimate_arrives_as_an_ordinary_arrhenius_with_no_electron_temperature
  <string>:5930: DeprecationWarning: invalid escape sequence \D

test/test_argon_metastable_thermo.py::test_the_entry_is_the_1s5_level_and_says_so
test/test_argon_metastable_thermo.py::test_without_this_library_the_species_cannot_exist_at_all
test/test_argon_metastable_thermo.py::test_the_advertised_6000_K_now_survives_normal_processing
test/test_argon_metastable_thermo.py::test_the_estimate_arrives_as_an_ordinary_arrhenius_with_no_electron_temperature
  <string>:6097: DeprecationWarning: invalid escape sequence \D

test/test_argon_metastable_thermo.py::test_the_entry_is_the_1s5_level_and_says_so
test/test_argon_metastable_thermo.py::test_without_this_library_the_species_cannot_exist_at_all
test/test_argon_metastable_thermo.py::test_the_advertised_6000_K_now_survives_normal_processing
test/test_argon_metastable_thermo.py::test_the_estimate_arrives_as_an_ordinary_arrhenius_with_no_electron_temperature
  <string>:6141: DeprecationWarning: invalid escape sequence \D

test/test_argon_metastable_thermo.py::test_the_entry_is_the_1s5_level_and_says_so
test/test_argon_metastable_thermo.py::test_without_this_library_the_species_cannot_exist_at_all
test/test_argon_metastable_thermo.py::test_the_advertised_6000_K_now_survives_normal_processing
test/test_argon_metastable_thermo.py::test_the_estimate_arrives_as_an_ordinary_arrhenius_with_no_electron_temperature
  <string>:6167: DeprecationWarning: invalid escape sequence \D

test/test_argon_metastable_thermo.py::test_the_entry_is_the_1s5_level_and_says_so
test/test_argon_metastable_thermo.py::test_without_this_library_the_species_cannot_exist_at_all
test/test_argon_metastable_thermo.py::test_the_advertised_6000_K_now_survives_normal_processing
test/test_argon_metastable_thermo.py::test_the_estimate_arrives_as_an_ordinary_arrhenius_with_no_electron_temperature
  <string>:6295: DeprecationWarning: invalid escape sequence \D

test/test_argon_metastable_thermo.py::test_the_entry_is_the_1s5_level_and_says_so
test/test_argon_metastable_thermo.py::test_without_this_library_the_species_cannot_exist_at_all
test/test_argon_metastable_thermo.py::test_the_advertised_6000_K_now_survives_normal_processing
test/test_argon_metastable_thermo.py::test_the_estimate_arrives_as_an_ordinary_arrhenius_with_no_electron_temperature
  <string>:7200: DeprecationWarning: invalid escape sequence \D

test/test_argon_metastable_thermo.py::test_the_entry_is_the_1s5_level_and_says_so
test/test_argon_metastable_thermo.py::test_without_this_library_the_species_cannot_exist_at_all
test/test_argon_metastable_thermo.py::test_the_advertised_6000_K_now_survives_normal_processing
test/test_argon_metastable_thermo.py::test_the_estimate_arrives_as_an_ordinary_arrhenius_with_no_electron_temperature
  <string>:7470: DeprecationWarning: invalid escape sequence \D

test/test_argon_metastable_thermo.py::test_the_entry_is_the_1s5_level_and_says_so
test/test_argon_metastable_thermo.py::test_without_this_library_the_species_cannot_exist_at_all
test/test_argon_metastable_thermo.py::test_the_advertised_6000_K_now_survives_normal_processing
test/test_argon_metastable_thermo.py::test_the_estimate_arrives_as_an_ordinary_arrhenius_with_no_electron_temperature
  <string>:7726: DeprecationWarning: invalid escape sequence \D

test/test_argon_metastable_thermo.py::test_the_entry_is_the_1s5_level_and_says_so
test/test_argon_metastable_thermo.py::test_without_this_library_the_species_cannot_exist_at_all
test/test_argon_metastable_thermo.py::test_the_advertised_6000_K_now_survives_normal_processing
test/test_argon_metastable_thermo.py::test_the_estimate_arrives_as_an_ordinary_arrhenius_with_no_electron_temperature
  <string>:7840: DeprecationWarning: invalid escape sequence \D

test/test_argon_metastable_thermo.py::test_the_entry_is_the_1s5_level_and_says_so
test/test_argon_metastable_thermo.py::test_without_this_library_the_species_cannot_exist_at_all
test/test_argon_metastable_thermo.py::test_the_advertised_6000_K_now_survives_normal_processing
test/test_argon_metastable_thermo.py::test_the_estimate_arrives_as_an_ordinary_arrhenius_with_no_electron_temperature
  <string>:8025: DeprecationWarning: invalid escape sequence \D

test/test_argon_metastable_thermo.py::test_the_entry_is_the_1s5_level_and_says_so
test/test_argon_metastable_thermo.py::test_without_this_library_the_species_cannot_exist_at_all
test/test_argon_metastable_thermo.py::test_the_advertised_6000_K_now_survives_normal_processing
test/test_argon_metastable_thermo.py::test_the_estimate_arrives_as_an_ordinary_arrhenius_with_no_electron_temperature
  <string>:8128: DeprecationWarning: invalid escape sequence \D

test/test_argon_metastable_thermo.py::test_the_entry_is_the_1s5_level_and_says_so
test/test_argon_metastable_thermo.py::test_without_this_library_the_species_cannot_exist_at_all
test/test_argon_metastable_thermo.py::test_the_advertised_6000_K_now_survives_normal_processing
test/test_argon_metastable_thermo.py::test_the_estimate_arrives_as_an_ordinary_arrhenius_with_no_electron_temperature
  <string>:9315: DeprecationWarning: invalid escape sequence \D

test/test_argon_metastable_thermo.py::test_the_entry_is_the_1s5_level_and_says_so
test/test_argon_metastable_thermo.py::test_without_this_library_the_species_cannot_exist_at_all
test/test_argon_metastable_thermo.py::test_the_advertised_6000_K_now_survives_normal_processing
test/test_argon_metastable_thermo.py::test_the_estimate_arrives_as_an_ordinary_arrhenius_with_no_electron_temperature
  <string>:10169: DeprecationWarning: invalid escape sequence \D

test/test_argon_metastable_thermo.py::test_the_entry_is_the_1s5_level_and_says_so
test/test_argon_metastable_thermo.py::test_without_this_library_the_species_cannot_exist_at_all
test/test_argon_metastable_thermo.py::test_the_advertised_6000_K_now_survives_normal_processing
test/test_argon_metastable_thermo.py::test_the_estimate_arrives_as_an_ordinary_arrhenius_with_no_electron_temperature
  <string>:10258: DeprecationWarning: invalid escape sequence \D

test/test_argon_metastable_thermo.py::test_the_entry_is_the_1s5_level_and_says_so
test/test_argon_metastable_thermo.py::test_without_this_library_the_species_cannot_exist_at_all
test/test_argon_metastable_thermo.py::test_the_advertised_6000_K_now_survives_normal_processing
test/test_argon_metastable_thermo.py::test_the_estimate_arrives_as_an_ordinary_arrhenius_with_no_electron_temperature
  <string>:11178: DeprecationWarning: invalid escape sequence \D

test/test_argon_metastable_thermo.py::test_the_entry_is_the_1s5_level_and_says_so
test/test_argon_metastable_thermo.py::test_without_this_library_the_species_cannot_exist_at_all
test/test_argon_metastable_thermo.py::test_the_advertised_6000_K_now_survives_normal_processing
test/test_argon_metastable_thermo.py::test_the_estimate_arrives_as_an_ordinary_arrhenius_with_no_electron_temperature
  <string>:20791: DeprecationWarning: invalid escape sequence \D

test/test_argon_metastable_thermo.py::test_the_entry_is_the_1s5_level_and_says_so
test/test_argon_metastable_thermo.py::test_without_this_library_the_species_cannot_exist_at_all
test/test_argon_metastable_thermo.py::test_the_advertised_6000_K_now_survives_normal_processing
test/test_argon_metastable_thermo.py::test_the_estimate_arrives_as_an_ordinary_arrhenius_with_no_electron_temperature
  <string>:20884: DeprecationWarning: invalid escape sequence \D

test/test_argon_metastable_thermo.py::test_the_entry_is_the_1s5_level_and_says_so
test/test_argon_metastable_thermo.py::test_without_this_library_the_species_cannot_exist_at_all
test/test_argon_metastable_thermo.py::test_the_advertised_6000_K_now_survives_normal_processing
test/test_argon_metastable_thermo.py::test_the_estimate_arrives_as_an_ordinary_arrhenius_with_no_electron_temperature
  <string>:21052: DeprecationWarning: invalid escape sequence \D

test/test_argon_metastable_thermo.py::test_the_entry_is_the_1s5_level_and_says_so
test/test_argon_metastable_thermo.py::test_without_this_library_the_species_cannot_exist_at_all
test/test_argon_metastable_thermo.py::test_the_advertised_6000_K_now_survives_normal_processing
test/test_argon_metastable_thermo.py::test_the_estimate_arrives_as_an_ordinary_arrhenius_with_no_electron_temperature
  <string>:21078: DeprecationWarning: invalid escape sequence \D

test/test_argon_metastable_thermo.py::test_the_entry_is_the_1s5_level_and_says_so
test/test_argon_metastable_thermo.py::test_without_this_library_the_species_cannot_exist_at_all
test/test_argon_metastable_thermo.py::test_the_advertised_6000_K_now_survives_normal_processing
test/test_argon_metastable_thermo.py::test_the_estimate_arrives_as_an_ordinary_arrhenius_with_no_electron_temperature
  <string>:21531: DeprecationWarning: invalid escape sequence \D

test/test_argon_metastable_thermo.py::test_the_entry_is_the_1s5_level_and_says_so
test/test_argon_metastable_thermo.py::test_without_this_library_the_species_cannot_exist_at_all
test/test_argon_metastable_thermo.py::test_the_advertised_6000_K_now_survives_normal_processing
test/test_argon_metastable_thermo.py::test_the_estimate_arrives_as_an_ordinary_arrhenius_with_no_electron_temperature
  <string>:21711: DeprecationWarning: invalid escape sequence \D

test/test_argon_metastable_thermo.py::test_the_entry_is_the_1s5_level_and_says_so
test/test_argon_metastable_thermo.py::test_without_this_library_the_species_cannot_exist_at_all
test/test_argon_metastable_thermo.py::test_the_advertised_6000_K_now_survives_normal_processing
test/test_argon_metastable_thermo.py::test_the_estimate_arrives_as_an_ordinary_arrhenius_with_no_electron_temperature
  <string>:21739: DeprecationWarning: invalid escape sequence \D

test/test_argon_metastable_thermo.py::test_the_entry_is_the_1s5_level_and_says_so
test/test_argon_metastable_thermo.py::test_without_this_library_the_species_cannot_exist_at_all
test/test_argon_metastable_thermo.py::test_the_advertised_6000_K_now_survives_normal_processing
test/test_argon_metastable_thermo.py::test_the_estimate_arrives_as_an_ordinary_arrhenius_with_no_electron_temperature
  <string>:21927: DeprecationWarning: invalid escape sequence \D

test/test_argon_metastable_thermo.py::test_the_entry_is_the_1s5_level_and_says_so
test/test_argon_metastable_thermo.py::test_without_this_library_the_species_cannot_exist_at_all
test/test_argon_metastable_thermo.py::test_the_advertised_6000_K_now_survives_normal_processing
test/test_argon_metastable_thermo.py::test_the_estimate_arrives_as_an_ordinary_arrhenius_with_no_electron_temperature
  <string>:22858: DeprecationWarning: invalid escape sequence \D

test/test_argon_metastable_thermo.py::test_the_entry_is_the_1s5_level_and_says_so
test/test_argon_metastable_thermo.py::test_without_this_library_the_species_cannot_exist_at_all
test/test_argon_metastable_thermo.py::test_the_advertised_6000_K_now_survives_normal_processing
test/test_argon_metastable_thermo.py::test_the_estimate_arrives_as_an_ordinary_arrhenius_with_no_electron_temperature
  <string>:22951: DeprecationWarning: invalid escape sequence \D

test/test_argon_metastable_thermo.py::test_the_entry_is_the_1s5_level_and_says_so
test/test_argon_metastable_thermo.py::test_without_this_library_the_species_cannot_exist_at_all
test/test_argon_metastable_thermo.py::test_the_advertised_6000_K_now_survives_normal_processing
test/test_argon_metastable_thermo.py::test_the_estimate_arrives_as_an_ordinary_arrhenius_with_no_electron_temperature
  <string>:23114: DeprecationWarning: invalid escape sequence \D

test/test_argon_metastable_thermo.py::test_the_entry_is_the_1s5_level_and_says_so
test/test_argon_metastable_thermo.py::test_without_this_library_the_species_cannot_exist_at_all
test/test_argon_metastable_thermo.py::test_the_advertised_6000_K_now_survives_normal_processing
test/test_argon_metastable_thermo.py::test_the_estimate_arrives_as_an_ordinary_arrhenius_with_no_electron_temperature
  <string>:23297: DeprecationWarning: invalid escape sequence \D

test/test_argon_metastable_thermo.py::test_the_entry_is_the_1s5_level_and_says_so
test/test_argon_metastable_thermo.py::test_without_this_library_the_species_cannot_exist_at_all
test/test_argon_metastable_thermo.py::test_the_advertised_6000_K_now_survives_normal_processing
test/test_argon_metastable_thermo.py::test_the_estimate_arrives_as_an_ordinary_arrhenius_with_no_electron_temperature
  <string>:23392: DeprecationWarning: invalid escape sequence \D

test/test_argon_metastable_thermo.py::test_the_entry_is_the_1s5_level_and_says_so
test/test_argon_metastable_thermo.py::test_without_this_library_the_species_cannot_exist_at_all
test/test_argon_metastable_thermo.py::test_the_advertised_6000_K_now_survives_normal_processing
test/test_argon_metastable_thermo.py::test_the_estimate_arrives_as_an_ordinary_arrhenius_with_no_electron_temperature
  <string>:24051: DeprecationWarning: invalid escape sequence \D

test/test_argon_metastable_thermo.py::test_the_entry_is_the_1s5_level_and_says_so
test/test_argon_metastable_thermo.py::test_without_this_library_the_species_cannot_exist_at_all
test/test_argon_metastable_thermo.py::test_the_advertised_6000_K_now_survives_normal_processing
test/test_argon_metastable_thermo.py::test_the_estimate_arrives_as_an_ordinary_arrhenius_with_no_electron_temperature
  <string>:24336: DeprecationWarning: invalid escape sequence \D

test/test_argon_metastable_thermo.py::test_the_entry_is_the_1s5_level_and_says_so
test/test_argon_metastable_thermo.py::test_without_this_library_the_species_cannot_exist_at_all
test/test_argon_metastable_thermo.py::test_the_advertised_6000_K_now_survives_normal_processing
test/test_argon_metastable_thermo.py::test_the_estimate_arrives_as_an_ordinary_arrhenius_with_no_electron_temperature
  <string>:27050: DeprecationWarning: invalid escape sequence \D

test/test_argon_metastable_thermo.py::test_the_entry_is_the_1s5_level_and_says_so
test/test_argon_metastable_thermo.py::test_without_this_library_the_species_cannot_exist_at_all
test/test_argon_metastable_thermo.py::test_the_advertised_6000_K_now_survives_normal_processing
test/test_argon_metastable_thermo.py::test_the_estimate_arrives_as_an_ordinary_arrhenius_with_no_electron_temperature
  <string>:27143: DeprecationWarning: invalid escape sequence \D

test/test_argon_metastable_thermo.py::test_the_entry_is_the_1s5_level_and_says_so
test/test_argon_metastable_thermo.py::test_without_this_library_the_species_cannot_exist_at_all
test/test_argon_metastable_thermo.py::test_the_advertised_6000_K_now_survives_normal_processing
test/test_argon_metastable_thermo.py::test_the_estimate_arrives_as_an_ordinary_arrhenius_with_no_electron_temperature
  <string>:27280: DeprecationWarning: invalid escape sequence \D

test/test_argon_metastable_thermo.py::test_the_entry_is_the_1s5_level_and_says_so
test/test_argon_metastable_thermo.py::test_without_this_library_the_species_cannot_exist_at_all
test/test_argon_metastable_thermo.py::test_the_advertised_6000_K_now_survives_normal_processing
test/test_argon_metastable_thermo.py::test_the_estimate_arrives_as_an_ordinary_arrhenius_with_no_electron_temperature
  <string>:27308: DeprecationWarning: invalid escape sequence \D

test/test_argon_metastable_thermo.py::test_the_entry_is_the_1s5_level_and_says_so
test/test_argon_metastable_thermo.py::test_without_this_library_the_species_cannot_exist_at_all
test/test_argon_metastable_thermo.py::test_the_advertised_6000_K_now_survives_normal_processing
test/test_argon_metastable_thermo.py::test_the_estimate_arrives_as_an_ordinary_arrhenius_with_no_electron_temperature
  <string>:27491: DeprecationWarning: invalid escape sequence \D

test/test_argon_metastable_thermo.py::test_the_entry_is_the_1s5_level_and_says_so
test/test_argon_metastable_thermo.py::test_without_this_library_the_species_cannot_exist_at_all
test/test_argon_metastable_thermo.py::test_the_advertised_6000_K_now_survives_normal_processing
test/test_argon_metastable_thermo.py::test_the_estimate_arrives_as_an_ordinary_arrhenius_with_no_electron_temperature
  <string>:28152: DeprecationWarning: invalid escape sequence \D

test/test_argon_metastable_thermo.py::test_the_entry_is_the_1s5_level_and_says_so
test/test_argon_metastable_thermo.py::test_without_this_library_the_species_cannot_exist_at_all
test/test_argon_metastable_thermo.py::test_the_advertised_6000_K_now_survives_normal_processing
test/test_argon_metastable_thermo.py::test_the_estimate_arrives_as_an_ordinary_arrhenius_with_no_electron_temperature
  <string>:30542: DeprecationWarning: invalid escape sequence \D

test/test_argon_metastable_thermo.py::test_the_entry_is_the_1s5_level_and_says_so
test/test_argon_metastable_thermo.py::test_without_this_library_the_species_cannot_exist_at_all
test/test_argon_metastable_thermo.py::test_the_advertised_6000_K_now_survives_normal_processing
test/test_argon_metastable_thermo.py::test_the_estimate_arrives_as_an_ordinary_arrhenius_with_no_electron_temperature
  <string>:38231: DeprecationWarning: invalid escape sequence \D

test/test_argon_metastable_thermo.py::test_the_entry_is_the_1s5_level_and_says_so
test/test_argon_metastable_thermo.py::test_without_this_library_the_species_cannot_exist_at_all
test/test_argon_metastable_thermo.py::test_the_advertised_6000_K_now_survives_normal_processing
test/test_argon_metastable_thermo.py::test_the_estimate_arrives_as_an_ordinary_arrhenius_with_no_electron_temperature
  <string>:38277: DeprecationWarning: invalid escape sequence \D

test/test_argon_metastable_thermo.py::test_the_entry_is_the_1s5_level_and_says_so
test/test_argon_metastable_thermo.py::test_without_this_library_the_species_cannot_exist_at_all
test/test_argon_metastable_thermo.py::test_the_advertised_6000_K_now_survives_normal_processing
test/test_argon_metastable_thermo.py::test_the_estimate_arrives_as_an_ordinary_arrhenius_with_no_electron_temperature
  <string>:38304: DeprecationWarning: invalid escape sequence \D

test/test_argon_metastable_thermo.py::test_the_entry_is_the_1s5_level_and_says_so
test/test_argon_metastable_thermo.py::test_without_this_library_the_species_cannot_exist_at_all
test/test_argon_metastable_thermo.py::test_the_advertised_6000_K_now_survives_normal_processing
test/test_argon_metastable_thermo.py::test_the_estimate_arrives_as_an_ordinary_arrhenius_with_no_electron_temperature
  <string>:38507: DeprecationWarning: invalid escape sequence \D

test/test_argon_metastable_thermo.py::test_the_entry_is_the_1s5_level_and_says_so
test/test_argon_metastable_thermo.py::test_without_this_library_the_species_cannot_exist_at_all
test/test_argon_metastable_thermo.py::test_the_advertised_6000_K_now_survives_normal_processing
test/test_argon_metastable_thermo.py::test_the_estimate_arrives_as_an_ordinary_arrhenius_with_no_electron_temperature
  <string>:39316: DeprecationWarning: invalid escape sequence \D

test/test_argon_metastable_thermo.py::test_the_entry_is_the_1s5_level_and_says_so
test/test_argon_metastable_thermo.py::test_without_this_library_the_species_cannot_exist_at_all
test/test_argon_metastable_thermo.py::test_the_advertised_6000_K_now_survives_normal_processing
test/test_argon_metastable_thermo.py::test_the_estimate_arrives_as_an_ordinary_arrhenius_with_no_electron_temperature
  <string>:41060: DeprecationWarning: invalid escape sequence \D

test/test_argon_metastable_thermo.py::test_the_entry_is_the_1s5_level_and_says_so
test/test_argon_metastable_thermo.py::test_without_this_library_the_species_cannot_exist_at_all
test/test_argon_metastable_thermo.py::test_the_advertised_6000_K_now_survives_normal_processing
test/test_argon_metastable_thermo.py::test_the_estimate_arrives_as_an_ordinary_arrhenius_with_no_electron_temperature
  <string>:41126: DeprecationWarning: invalid escape sequence \D

test/test_argon_metastable_thermo.py::test_the_entry_is_the_1s5_level_and_says_so
test/test_argon_metastable_thermo.py::test_without_this_library_the_species_cannot_exist_at_all
test/test_argon_metastable_thermo.py::test_the_advertised_6000_K_now_survives_normal_processing
test/test_argon_metastable_thermo.py::test_the_estimate_arrives_as_an_ordinary_arrhenius_with_no_electron_temperature
  <string>:41383: DeprecationWarning: invalid escape sequence \D

test/test_argon_metastable_thermo.py::test_the_entry_is_the_1s5_level_and_says_so
test/test_argon_metastable_thermo.py::test_without_this_library_the_species_cannot_exist_at_all
test/test_argon_metastable_thermo.py::test_the_advertised_6000_K_now_survives_normal_processing
test/test_argon_metastable_thermo.py::test_the_estimate_arrives_as_an_ordinary_arrhenius_with_no_electron_temperature
  <string>:42688: DeprecationWarning: invalid escape sequence \D

test/test_argon_metastable_thermo.py::test_the_entry_is_the_1s5_level_and_says_so
test/test_argon_metastable_thermo.py::test_without_this_library_the_species_cannot_exist_at_all
test/test_argon_metastable_thermo.py::test_the_advertised_6000_K_now_survives_normal_processing
test/test_argon_metastable_thermo.py::test_the_estimate_arrives_as_an_ordinary_arrhenius_with_no_electron_temperature
  <string>:42759: DeprecationWarning: invalid escape sequence \D

test/test_argon_metastable_thermo.py::test_the_entry_is_the_1s5_level_and_says_so
test/test_argon_metastable_thermo.py::test_without_this_library_the_species_cannot_exist_at_all
test/test_argon_metastable_thermo.py::test_the_advertised_6000_K_now_survives_normal_processing
test/test_argon_metastable_thermo.py::test_the_estimate_arrives_as_an_ordinary_arrhenius_with_no_electron_temperature
  <string>:43026: DeprecationWarning: invalid escape sequence \D

test/test_argon_metastable_thermo.py::test_the_entry_is_the_1s5_level_and_says_so
test/test_argon_metastable_thermo.py::test_without_this_library_the_species_cannot_exist_at_all
test/test_argon_metastable_thermo.py::test_the_advertised_6000_K_now_survives_normal_processing
test/test_argon_metastable_thermo.py::test_the_estimate_arrives_as_an_ordinary_arrhenius_with_no_electron_temperature
  <string>:43634: DeprecationWarning: invalid escape sequence \D

test/test_argon_metastable_thermo.py::test_the_entry_is_the_1s5_level_and_says_so
test/test_argon_metastable_thermo.py::test_without_this_library_the_species_cannot_exist_at_all
test/test_argon_metastable_thermo.py::test_the_advertised_6000_K_now_survives_normal_processing
test/test_argon_metastable_thermo.py::test_the_estimate_arrives_as_an_ordinary_arrhenius_with_no_electron_temperature
  <string>:43680: DeprecationWarning: invalid escape sequence \D

test/test_argon_metastable_thermo.py::test_the_entry_is_the_1s5_level_and_says_so
test/test_argon_metastable_thermo.py::test_without_this_library_the_species_cannot_exist_at_all
test/test_argon_metastable_thermo.py::test_the_advertised_6000_K_now_survives_normal_processing
test/test_argon_metastable_thermo.py::test_the_estimate_arrives_as_an_ordinary_arrhenius_with_no_electron_temperature
  <string>:43707: DeprecationWarning: invalid escape sequence \D

test/test_argon_metastable_thermo.py::test_the_entry_is_the_1s5_level_and_says_so
test/test_argon_metastable_thermo.py::test_without_this_library_the_species_cannot_exist_at_all
test/test_argon_metastable_thermo.py::test_the_advertised_6000_K_now_survives_normal_processing
test/test_argon_metastable_thermo.py::test_the_estimate_arrives_as_an_ordinary_arrhenius_with_no_electron_temperature
  <string>:51842: DeprecationWarning: invalid escape sequence \D

test/test_argon_metastable_thermo.py::test_the_entry_is_the_1s5_level_and_says_so
test/test_argon_metastable_thermo.py::test_without_this_library_the_species_cannot_exist_at_all
test/test_argon_metastable_thermo.py::test_the_advertised_6000_K_now_survives_normal_processing
test/test_argon_metastable_thermo.py::test_the_estimate_arrives_as_an_ordinary_arrhenius_with_no_electron_temperature
  <string>:51867: DeprecationWarning: invalid escape sequence \D

test/test_argon_metastable_thermo.py::test_the_entry_is_the_1s5_level_and_says_so
test/test_argon_metastable_thermo.py::test_without_this_library_the_species_cannot_exist_at_all
test/test_argon_metastable_thermo.py::test_the_advertised_6000_K_now_survives_normal_processing
test/test_argon_metastable_thermo.py::test_the_estimate_arrives_as_an_ordinary_arrhenius_with_no_electron_temperature
  <string>:51916: DeprecationWarning: invalid escape sequence \D

test/test_argon_metastable_thermo.py::test_the_entry_is_the_1s5_level_and_says_so
test/test_argon_metastable_thermo.py::test_without_this_library_the_species_cannot_exist_at_all
test/test_argon_metastable_thermo.py::test_the_advertised_6000_K_now_survives_normal_processing
test/test_argon_metastable_thermo.py::test_the_estimate_arrives_as_an_ordinary_arrhenius_with_no_electron_temperature
  <string>:52269: DeprecationWarning: invalid escape sequence \D

test/test_argon_metastable_thermo.py::test_the_entry_is_the_1s5_level_and_says_so
test/test_argon_metastable_thermo.py::test_without_this_library_the_species_cannot_exist_at_all
test/test_argon_metastable_thermo.py::test_the_advertised_6000_K_now_survives_normal_processing
test/test_argon_metastable_thermo.py::test_the_estimate_arrives_as_an_ordinary_arrhenius_with_no_electron_temperature
  <string>:52295: DeprecationWarning: invalid escape sequence \D

test/test_argon_metastable_thermo.py::test_the_entry_is_the_1s5_level_and_says_so
test/test_argon_metastable_thermo.py::test_without_this_library_the_species_cannot_exist_at_all
test/test_argon_metastable_thermo.py::test_the_advertised_6000_K_now_survives_normal_processing
test/test_argon_metastable_thermo.py::test_the_estimate_arrives_as_an_ordinary_arrhenius_with_no_electron_temperature
  <string>:52359: DeprecationWarning: invalid escape sequence \D

test/test_argon_metastable_thermo.py::test_the_entry_is_the_1s5_level_and_says_so
test/test_argon_metastable_thermo.py::test_without_this_library_the_species_cannot_exist_at_all
test/test_argon_metastable_thermo.py::test_the_advertised_6000_K_now_survives_normal_processing
test/test_argon_metastable_thermo.py::test_the_estimate_arrives_as_an_ordinary_arrhenius_with_no_electron_temperature
  <string>:52384: DeprecationWarning: invalid escape sequence \D

test/test_argon_metastable_thermo.py::test_the_entry_is_the_1s5_level_and_says_so
test/test_argon_metastable_thermo.py::test_without_this_library_the_species_cannot_exist_at_all
test/test_argon_metastable_thermo.py::test_the_advertised_6000_K_now_survives_normal_processing
test/test_argon_metastable_thermo.py::test_the_estimate_arrives_as_an_ordinary_arrhenius_with_no_electron_temperature
  <string>:52461: DeprecationWarning: invalid escape sequence \D

test/test_argon_metastable_thermo.py::test_the_entry_is_the_1s5_level_and_says_so
test/test_argon_metastable_thermo.py::test_without_this_library_the_species_cannot_exist_at_all
test/test_argon_metastable_thermo.py::test_the_advertised_6000_K_now_survives_normal_processing
test/test_argon_metastable_thermo.py::test_the_estimate_arrives_as_an_ordinary_arrhenius_with_no_electron_temperature
  <string>:22378: DeprecationWarning: invalid escape sequence \D

test/test_argon_metastable_thermo.py::test_the_entry_is_the_1s5_level_and_says_so
test/test_argon_metastable_thermo.py::test_without_this_library_the_species_cannot_exist_at_all
test/test_argon_metastable_thermo.py::test_the_advertised_6000_K_now_survives_normal_processing
test/test_argon_metastable_thermo.py::test_the_estimate_arrives_as_an_ordinary_arrhenius_with_no_electron_temperature
  <string>:22405: DeprecationWarning: invalid escape sequence \D

test/test_argon_metastable_thermo.py::test_the_entry_is_the_1s5_level_and_says_so
test/test_argon_metastable_thermo.py::test_without_this_library_the_species_cannot_exist_at_all
test/test_argon_metastable_thermo.py::test_the_advertised_6000_K_now_survives_normal_processing
test/test_argon_metastable_thermo.py::test_the_estimate_arrives_as_an_ordinary_arrhenius_with_no_electron_temperature
  <string>:22458: DeprecationWarning: invalid escape sequence \D

test/test_argon_metastable_thermo.py::test_the_entry_is_the_1s5_level_and_says_so
test/test_argon_metastable_thermo.py::test_without_this_library_the_species_cannot_exist_at_all
test/test_argon_metastable_thermo.py::test_the_advertised_6000_K_now_survives_normal_processing
test/test_argon_metastable_thermo.py::test_the_estimate_arrives_as_an_ordinary_arrhenius_with_no_electron_temperature
  <string>:22486: DeprecationWarning: invalid escape sequence \D

test/test_argon_metastable_thermo.py::test_the_entry_is_the_1s5_level_and_says_so
test/test_argon_metastable_thermo.py::test_without_this_library_the_species_cannot_exist_at_all
test/test_argon_metastable_thermo.py::test_the_advertised_6000_K_now_survives_normal_processing
test/test_argon_metastable_thermo.py::test_the_estimate_arrives_as_an_ordinary_arrhenius_with_no_electron_temperature
  <string>:22515: DeprecationWarning: invalid escape sequence \D

test/test_argon_metastable_thermo.py::test_the_entry_is_the_1s5_level_and_says_so
test/test_argon_metastable_thermo.py::test_without_this_library_the_species_cannot_exist_at_all
test/test_argon_metastable_thermo.py::test_the_advertised_6000_K_now_survives_normal_processing
test/test_argon_metastable_thermo.py::test_the_estimate_arrives_as_an_ordinary_arrhenius_with_no_electron_temperature
  <string>:22545: DeprecationWarning: invalid escape sequence \D

test/test_argon_metastable_thermo.py::test_the_entry_is_the_1s5_level_and_says_so
test/test_argon_metastable_thermo.py::test_without_this_library_the_species_cannot_exist_at_all
test/test_argon_metastable_thermo.py::test_the_advertised_6000_K_now_survives_normal_processing
test/test_argon_metastable_thermo.py::test_the_estimate_arrives_as_an_ordinary_arrhenius_with_no_electron_temperature
  <string>:22574: DeprecationWarning: invalid escape sequence \D

test/test_argon_metastable_thermo.py::test_the_entry_is_the_1s5_level_and_says_so
test/test_argon_metastable_thermo.py::test_without_this_library_the_species_cannot_exist_at_all
test/test_argon_metastable_thermo.py::test_the_advertised_6000_K_now_survives_normal_processing
test/test_argon_metastable_thermo.py::test_the_estimate_arrives_as_an_ordinary_arrhenius_with_no_electron_temperature
  <string>:22602: DeprecationWarning: invalid escape sequence \D

test/test_argon_metastable_thermo.py::test_the_entry_is_the_1s5_level_and_says_so
test/test_argon_metastable_thermo.py::test_without_this_library_the_species_cannot_exist_at_all
test/test_argon_metastable_thermo.py::test_the_advertised_6000_K_now_survives_normal_processing
test/test_argon_metastable_thermo.py::test_the_estimate_arrives_as_an_ordinary_arrhenius_with_no_electron_temperature
  <string>:22631: DeprecationWarning: invalid escape sequence \D

test/test_argon_metastable_thermo.py::test_the_entry_is_the_1s5_level_and_says_so
test/test_argon_metastable_thermo.py::test_without_this_library_the_species_cannot_exist_at_all
test/test_argon_metastable_thermo.py::test_the_advertised_6000_K_now_survives_normal_processing
test/test_argon_metastable_thermo.py::test_the_estimate_arrives_as_an_ordinary_arrhenius_with_no_electron_temperature
  <string>:23066: DeprecationWarning: invalid escape sequence \D

test/test_argon_metastable_thermo.py::test_the_entry_is_the_1s5_level_and_says_so
test/test_argon_metastable_thermo.py::test_without_this_library_the_species_cannot_exist_at_all
test/test_argon_metastable_thermo.py::test_the_advertised_6000_K_now_survives_normal_processing
test/test_argon_metastable_thermo.py::test_the_estimate_arrives_as_an_ordinary_arrhenius_with_no_electron_temperature
  <string>:23095: DeprecationWarning: invalid escape sequence \D

test/test_argon_metastable_thermo.py::test_the_entry_is_the_1s5_level_and_says_so
test/test_argon_metastable_thermo.py::test_without_this_library_the_species_cannot_exist_at_all
test/test_argon_metastable_thermo.py::test_the_advertised_6000_K_now_survives_normal_processing
test/test_argon_metastable_thermo.py::test_the_estimate_arrives_as_an_ordinary_arrhenius_with_no_electron_temperature
  <string>:23125: DeprecationWarning: invalid escape sequence \D

test/test_argon_metastable_thermo.py::test_the_entry_is_the_1s5_level_and_says_so
test/test_argon_metastable_thermo.py::test_without_this_library_the_species_cannot_exist_at_all
test/test_argon_metastable_thermo.py::test_the_advertised_6000_K_now_survives_normal_processing
test/test_argon_metastable_thermo.py::test_the_estimate_arrives_as_an_ordinary_arrhenius_with_no_electron_temperature
  <string>:23156: DeprecationWarning: invalid escape sequence \D

test/test_argon_metastable_thermo.py::test_the_entry_is_the_1s5_level_and_says_so
test/test_argon_metastable_thermo.py::test_without_this_library_the_species_cannot_exist_at_all
test/test_argon_metastable_thermo.py::test_the_advertised_6000_K_now_survives_normal_processing
test/test_argon_metastable_thermo.py::test_the_estimate_arrives_as_an_ordinary_arrhenius_with_no_electron_temperature
  <string>:23186: DeprecationWarning: invalid escape sequence \D

test/test_argon_metastable_thermo.py::test_the_entry_is_the_1s5_level_and_says_so
test/test_argon_metastable_thermo.py::test_without_this_library_the_species_cannot_exist_at_all
test/test_argon_metastable_thermo.py::test_the_advertised_6000_K_now_survives_normal_processing
test/test_argon_metastable_thermo.py::test_the_estimate_arrives_as_an_ordinary_arrhenius_with_no_electron_temperature
  <string>:23214: DeprecationWarning: invalid escape sequence \D

test/test_argon_metastable_thermo.py::test_the_entry_is_the_1s5_level_and_says_so
test/test_argon_metastable_thermo.py::test_without_this_library_the_species_cannot_exist_at_all
test/test_argon_metastable_thermo.py::test_the_advertised_6000_K_now_survives_normal_processing
test/test_argon_metastable_thermo.py::test_the_estimate_arrives_as_an_ordinary_arrhenius_with_no_electron_temperature
  <string>:23242: DeprecationWarning: invalid escape sequence \D

test/test_argon_metastable_thermo.py::test_the_entry_is_the_1s5_level_and_says_so
test/test_argon_metastable_thermo.py::test_without_this_library_the_species_cannot_exist_at_all
test/test_argon_metastable_thermo.py::test_the_advertised_6000_K_now_survives_normal_processing
test/test_argon_metastable_thermo.py::test_the_estimate_arrives_as_an_ordinary_arrhenius_with_no_electron_temperature
  <string>:23479: DeprecationWarning: invalid escape sequence \D

test/test_argon_metastable_thermo.py::test_the_entry_is_the_1s5_level_and_says_so
test/test_argon_metastable_thermo.py::test_without_this_library_the_species_cannot_exist_at_all
test/test_argon_metastable_thermo.py::test_the_advertised_6000_K_now_survives_normal_processing
test/test_argon_metastable_thermo.py::test_the_estimate_arrives_as_an_ordinary_arrhenius_with_no_electron_temperature
  <string>:23508: DeprecationWarning: invalid escape sequence \D

test/test_argon_metastable_thermo.py::test_the_entry_is_the_1s5_level_and_says_so
test/test_argon_metastable_thermo.py::test_without_this_library_the_species_cannot_exist_at_all
test/test_argon_metastable_thermo.py::test_the_advertised_6000_K_now_survives_normal_processing
test/test_argon_metastable_thermo.py::test_the_estimate_arrives_as_an_ordinary_arrhenius_with_no_electron_temperature
  <string>:23537: DeprecationWarning: invalid escape sequence \D

test/test_argon_metastable_thermo.py::test_the_entry_is_the_1s5_level_and_says_so
test/test_argon_metastable_thermo.py::test_without_this_library_the_species_cannot_exist_at_all
test/test_argon_metastable_thermo.py::test_the_advertised_6000_K_now_survives_normal_processing
test/test_argon_metastable_thermo.py::test_the_estimate_arrives_as_an_ordinary_arrhenius_with_no_electron_temperature
  <string>:24531: DeprecationWarning: invalid escape sequence \D

test/test_argon_metastable_thermo.py::test_the_entry_is_the_1s5_level_and_says_so
test/test_argon_metastable_thermo.py::test_without_this_library_the_species_cannot_exist_at_all
test/test_argon_metastable_thermo.py::test_the_advertised_6000_K_now_survives_normal_processing
test/test_argon_metastable_thermo.py::test_the_estimate_arrives_as_an_ordinary_arrhenius_with_no_electron_temperature
  <string>:24668: DeprecationWarning: invalid escape sequence \D

test/test_argon_metastable_thermo.py::test_the_entry_is_the_1s5_level_and_says_so
test/test_argon_metastable_thermo.py::test_without_this_library_the_species_cannot_exist_at_all
test/test_argon_metastable_thermo.py::test_the_advertised_6000_K_now_survives_normal_processing
test/test_argon_metastable_thermo.py::test_the_estimate_arrives_as_an_ordinary_arrhenius_with_no_electron_temperature
  <string>:24742: DeprecationWarning: invalid escape sequence \D

test/test_argon_metastable_thermo.py::test_the_entry_is_the_1s5_level_and_says_so
test/test_argon_metastable_thermo.py::test_without_this_library_the_species_cannot_exist_at_all
test/test_argon_metastable_thermo.py::test_the_advertised_6000_K_now_survives_normal_processing
test/test_argon_metastable_thermo.py::test_the_estimate_arrives_as_an_ordinary_arrhenius_with_no_electron_temperature
  <string>:24769: DeprecationWarning: invalid escape sequence \D

test/test_argon_metastable_thermo.py::test_the_entry_is_the_1s5_level_and_says_so
test/test_argon_metastable_thermo.py::test_without_this_library_the_species_cannot_exist_at_all
test/test_argon_metastable_thermo.py::test_the_advertised_6000_K_now_survives_normal_processing
test/test_argon_metastable_thermo.py::test_the_estimate_arrives_as_an_ordinary_arrhenius_with_no_electron_temperature
  <string>:24798: DeprecationWarning: invalid escape sequence \D

test/test_argon_metastable_thermo.py::test_the_entry_is_the_1s5_level_and_says_so
test/test_argon_metastable_thermo.py::test_without_this_library_the_species_cannot_exist_at_all
test/test_argon_metastable_thermo.py::test_the_advertised_6000_K_now_survives_normal_processing
test/test_argon_metastable_thermo.py::test_the_estimate_arrives_as_an_ordinary_arrhenius_with_no_electron_temperature
  <string>:26751: DeprecationWarning: invalid escape sequence \D

test/test_argon_metastable_thermo.py::test_the_entry_is_the_1s5_level_and_says_so
test/test_argon_metastable_thermo.py::test_without_this_library_the_species_cannot_exist_at_all
test/test_argon_metastable_thermo.py::test_the_advertised_6000_K_now_survives_normal_processing
test/test_argon_metastable_thermo.py::test_the_estimate_arrives_as_an_ordinary_arrhenius_with_no_electron_temperature
  <string>:26779: DeprecationWarning: invalid escape sequence \D

test/test_argon_metastable_thermo.py::test_the_entry_is_the_1s5_level_and_says_so
test/test_argon_metastable_thermo.py::test_without_this_library_the_species_cannot_exist_at_all
test/test_argon_metastable_thermo.py::test_the_advertised_6000_K_now_survives_normal_processing
test/test_argon_metastable_thermo.py::test_the_estimate_arrives_as_an_ordinary_arrhenius_with_no_electron_temperature
  <string>:33222: DeprecationWarning: invalid escape sequence \D

test/test_argon_metastable_thermo.py::test_the_entry_is_the_1s5_level_and_says_so
test/test_argon_metastable_thermo.py::test_without_this_library_the_species_cannot_exist_at_all
test/test_argon_metastable_thermo.py::test_the_advertised_6000_K_now_survives_normal_processing
test/test_argon_metastable_thermo.py::test_the_estimate_arrives_as_an_ordinary_arrhenius_with_no_electron_temperature
  <string>:33684: DeprecationWarning: invalid escape sequence \D

test/test_argon_metastable_thermo.py::test_the_entry_is_the_1s5_level_and_says_so
test/test_argon_metastable_thermo.py::test_without_this_library_the_species_cannot_exist_at_all
test/test_argon_metastable_thermo.py::test_the_advertised_6000_K_now_survives_normal_processing
test/test_argon_metastable_thermo.py::test_the_estimate_arrives_as_an_ordinary_arrhenius_with_no_electron_temperature
  <string>:33736: DeprecationWarning: invalid escape sequence \D

test/test_argon_metastable_thermo.py::test_the_entry_is_the_1s5_level_and_says_so
test/test_argon_metastable_thermo.py::test_without_this_library_the_species_cannot_exist_at_all
test/test_argon_metastable_thermo.py::test_the_advertised_6000_K_now_survives_normal_processing
test/test_argon_metastable_thermo.py::test_the_estimate_arrives_as_an_ordinary_arrhenius_with_no_electron_temperature
  <string>:33780: DeprecationWarning: invalid escape sequence \D

test/test_argon_metastable_thermo.py::test_the_entry_is_the_1s5_level_and_says_so
test/test_argon_metastable_thermo.py::test_without_this_library_the_species_cannot_exist_at_all
test/test_argon_metastable_thermo.py::test_the_advertised_6000_K_now_survives_normal_processing
test/test_argon_metastable_thermo.py::test_the_estimate_arrives_as_an_ordinary_arrhenius_with_no_electron_temperature
  <string>:34311: DeprecationWarning: invalid escape sequence \D

test/test_argon_metastable_thermo.py::test_the_entry_is_the_1s5_level_and_says_so
test/test_argon_metastable_thermo.py::test_without_this_library_the_species_cannot_exist_at_all
test/test_argon_metastable_thermo.py::test_the_advertised_6000_K_now_survives_normal_processing
test/test_argon_metastable_thermo.py::test_the_estimate_arrives_as_an_ordinary_arrhenius_with_no_electron_temperature
  <string>:34339: DeprecationWarning: invalid escape sequence \D

test/test_argon_metastable_thermo.py::test_the_entry_is_the_1s5_level_and_says_so
test/test_argon_metastable_thermo.py::test_without_this_library_the_species_cannot_exist_at_all
test/test_argon_metastable_thermo.py::test_the_advertised_6000_K_now_survives_normal_processing
test/test_argon_metastable_thermo.py::test_the_estimate_arrives_as_an_ordinary_arrhenius_with_no_electron_temperature
  <string>:34368: DeprecationWarning: invalid escape sequence \D

test/test_argon_metastable_thermo.py::test_the_entry_is_the_1s5_level_and_says_so
test/test_argon_metastable_thermo.py::test_without_this_library_the_species_cannot_exist_at_all
test/test_argon_metastable_thermo.py::test_the_advertised_6000_K_now_survives_normal_processing
test/test_argon_metastable_thermo.py::test_the_estimate_arrives_as_an_ordinary_arrhenius_with_no_electron_temperature
  <string>:34817: DeprecationWarning: invalid escape sequence \D

test/test_argon_metastable_thermo.py::test_the_entry_is_the_1s5_level_and_says_so
test/test_argon_metastable_thermo.py::test_without_this_library_the_species_cannot_exist_at_all
test/test_argon_metastable_thermo.py::test_the_advertised_6000_K_now_survives_normal_processing
test/test_argon_metastable_thermo.py::test_the_estimate_arrives_as_an_ordinary_arrhenius_with_no_electron_temperature
  <string>:34845: DeprecationWarning: invalid escape sequence \D

test/test_argon_metastable_thermo.py::test_the_entry_is_the_1s5_level_and_says_so
test/test_argon_metastable_thermo.py::test_without_this_library_the_species_cannot_exist_at_all
test/test_argon_metastable_thermo.py::test_the_advertised_6000_K_now_survives_normal_processing
test/test_argon_metastable_thermo.py::test_the_estimate_arrives_as_an_ordinary_arrhenius_with_no_electron_temperature
  <string>:34938: DeprecationWarning: invalid escape sequence \D

test/test_argon_metastable_thermo.py::test_the_entry_is_the_1s5_level_and_says_so
test/test_argon_metastable_thermo.py::test_without_this_library_the_species_cannot_exist_at_all
test/test_argon_metastable_thermo.py::test_the_advertised_6000_K_now_survives_normal_processing
test/test_argon_metastable_thermo.py::test_the_estimate_arrives_as_an_ordinary_arrhenius_with_no_electron_temperature
  <string>:35231: DeprecationWarning: invalid escape sequence \D

test/test_argon_metastable_thermo.py::test_the_entry_is_the_1s5_level_and_says_so
test/test_argon_metastable_thermo.py::test_without_this_library_the_species_cannot_exist_at_all
test/test_argon_metastable_thermo.py::test_the_advertised_6000_K_now_survives_normal_processing
test/test_argon_metastable_thermo.py::test_the_estimate_arrives_as_an_ordinary_arrhenius_with_no_electron_temperature
  <string>:35330: DeprecationWarning: invalid escape sequence \D

test/test_argon_metastable_thermo.py::test_the_entry_is_the_1s5_level_and_says_so
test/test_argon_metastable_thermo.py::test_without_this_library_the_species_cannot_exist_at_all
test/test_argon_metastable_thermo.py::test_the_advertised_6000_K_now_survives_normal_processing
test/test_argon_metastable_thermo.py::test_the_estimate_arrives_as_an_ordinary_arrhenius_with_no_electron_temperature
  <string>:35376: DeprecationWarning: invalid escape sequence \D

test/test_argon_metastable_thermo.py::test_the_entry_is_the_1s5_level_and_says_so
test/test_argon_metastable_thermo.py::test_without_this_library_the_species_cannot_exist_at_all
test/test_argon_metastable_thermo.py::test_the_advertised_6000_K_now_survives_normal_processing
test/test_argon_metastable_thermo.py::test_the_estimate_arrives_as_an_ordinary_arrhenius_with_no_electron_temperature
  <string>:36210: DeprecationWarning: invalid escape sequence \D

test/test_argon_metastable_thermo.py::test_the_entry_is_the_1s5_level_and_says_so
test/test_argon_metastable_thermo.py::test_without_this_library_the_species_cannot_exist_at_all
test/test_argon_metastable_thermo.py::test_the_advertised_6000_K_now_survives_normal_processing
test/test_argon_metastable_thermo.py::test_the_estimate_arrives_as_an_ordinary_arrhenius_with_no_electron_temperature
  <string>:36236: DeprecationWarning: invalid escape sequence \D

test/test_argon_metastable_thermo.py::test_the_entry_is_the_1s5_level_and_says_so
test/test_argon_metastable_thermo.py::test_without_this_library_the_species_cannot_exist_at_all
test/test_argon_metastable_thermo.py::test_the_advertised_6000_K_now_survives_normal_processing
test/test_argon_metastable_thermo.py::test_the_estimate_arrives_as_an_ordinary_arrhenius_with_no_electron_temperature
  <string>:36783: DeprecationWarning: invalid escape sequence \D

test/test_argon_metastable_thermo.py::test_the_entry_is_the_1s5_level_and_says_so
test/test_argon_metastable_thermo.py::test_without_this_library_the_species_cannot_exist_at_all
test/test_argon_metastable_thermo.py::test_the_advertised_6000_K_now_survives_normal_processing
test/test_argon_metastable_thermo.py::test_the_estimate_arrives_as_an_ordinary_arrhenius_with_no_electron_temperature
  <string>:37597: DeprecationWarning: invalid escape sequence \D

test/test_argon_metastable_thermo.py::test_the_entry_is_the_1s5_level_and_says_so
test/test_argon_metastable_thermo.py::test_without_this_library_the_species_cannot_exist_at_all
test/test_argon_metastable_thermo.py::test_the_advertised_6000_K_now_survives_normal_processing
test/test_argon_metastable_thermo.py::test_the_estimate_arrives_as_an_ordinary_arrhenius_with_no_electron_temperature
  <string>:40266: DeprecationWarning: invalid escape sequence \D

test/test_argon_metastable_thermo.py::test_the_entry_is_the_1s5_level_and_says_so
test/test_argon_metastable_thermo.py::test_without_this_library_the_species_cannot_exist_at_all
test/test_argon_metastable_thermo.py::test_the_advertised_6000_K_now_survives_normal_processing
test/test_argon_metastable_thermo.py::test_the_estimate_arrives_as_an_ordinary_arrhenius_with_no_electron_temperature
  <string>:40293: DeprecationWarning: invalid escape sequence \D

test/test_argon_metastable_thermo.py::test_the_entry_is_the_1s5_level_and_says_so
test/test_argon_metastable_thermo.py::test_without_this_library_the_species_cannot_exist_at_all
test/test_argon_metastable_thermo.py::test_the_advertised_6000_K_now_survives_normal_processing
test/test_argon_metastable_thermo.py::test_the_estimate_arrives_as_an_ordinary_arrhenius_with_no_electron_temperature
  <string>:40321: DeprecationWarning: invalid escape sequence \D

test/test_argon_metastable_thermo.py::test_the_entry_is_the_1s5_level_and_says_so
test/test_argon_metastable_thermo.py::test_without_this_library_the_species_cannot_exist_at_all
test/test_argon_metastable_thermo.py::test_the_advertised_6000_K_now_survives_normal_processing
test/test_argon_metastable_thermo.py::test_the_estimate_arrives_as_an_ordinary_arrhenius_with_no_electron_temperature
  <string>:40350: DeprecationWarning: invalid escape sequence \D

test/test_argon_metastable_thermo.py::test_the_entry_is_the_1s5_level_and_says_so
test/test_argon_metastable_thermo.py::test_without_this_library_the_species_cannot_exist_at_all
test/test_argon_metastable_thermo.py::test_the_advertised_6000_K_now_survives_normal_processing
test/test_argon_metastable_thermo.py::test_the_estimate_arrives_as_an_ordinary_arrhenius_with_no_electron_temperature
  <string>:40378: DeprecationWarning: invalid escape sequence \D

test/test_argon_metastable_thermo.py::test_the_entry_is_the_1s5_level_and_says_so
test/test_argon_metastable_thermo.py::test_without_this_library_the_species_cannot_exist_at_all
test/test_argon_metastable_thermo.py::test_the_advertised_6000_K_now_survives_normal_processing
test/test_argon_metastable_thermo.py::test_the_estimate_arrives_as_an_ordinary_arrhenius_with_no_electron_temperature
  <string>:40405: DeprecationWarning: invalid escape sequence \D

test/test_argon_metastable_thermo.py::test_the_entry_is_the_1s5_level_and_says_so
test/test_argon_metastable_thermo.py::test_without_this_library_the_species_cannot_exist_at_all
test/test_argon_metastable_thermo.py::test_the_advertised_6000_K_now_survives_normal_processing
test/test_argon_metastable_thermo.py::test_the_estimate_arrives_as_an_ordinary_arrhenius_with_no_electron_temperature
  <string>:40433: DeprecationWarning: invalid escape sequence \D

test/test_argon_metastable_thermo.py::test_the_entry_is_the_1s5_level_and_says_so
test/test_argon_metastable_thermo.py::test_without_this_library_the_species_cannot_exist_at_all
test/test_argon_metastable_thermo.py::test_the_advertised_6000_K_now_survives_normal_processing
test/test_argon_metastable_thermo.py::test_the_estimate_arrives_as_an_ordinary_arrhenius_with_no_electron_temperature
  <string>:40458: DeprecationWarning: invalid escape sequence \D

test/test_argon_metastable_thermo.py::test_the_entry_is_the_1s5_level_and_says_so
test/test_argon_metastable_thermo.py::test_without_this_library_the_species_cannot_exist_at_all
test/test_argon_metastable_thermo.py::test_the_advertised_6000_K_now_survives_normal_processing
test/test_argon_metastable_thermo.py::test_the_estimate_arrives_as_an_ordinary_arrhenius_with_no_electron_temperature
  <string>:40484: DeprecationWarning: invalid escape sequence \D

test/test_argon_metastable_thermo.py::test_the_entry_is_the_1s5_level_and_says_so
test/test_argon_metastable_thermo.py::test_without_this_library_the_species_cannot_exist_at_all
test/test_argon_metastable_thermo.py::test_the_advertised_6000_K_now_survives_normal_processing
test/test_argon_metastable_thermo.py::test_the_estimate_arrives_as_an_ordinary_arrhenius_with_no_electron_temperature
  <string>:40511: DeprecationWarning: invalid escape sequence \D

test/test_argon_metastable_thermo.py::test_the_entry_is_the_1s5_level_and_says_so
test/test_argon_metastable_thermo.py::test_without_this_library_the_species_cannot_exist_at_all
test/test_argon_metastable_thermo.py::test_the_advertised_6000_K_now_survives_normal_processing
test/test_argon_metastable_thermo.py::test_the_estimate_arrives_as_an_ordinary_arrhenius_with_no_electron_temperature
  <string>:40537: DeprecationWarning: invalid escape sequence \D

test/test_argon_metastable_thermo.py::test_the_entry_is_the_1s5_level_and_says_so
test/test_argon_metastable_thermo.py::test_without_this_library_the_species_cannot_exist_at_all
test/test_argon_metastable_thermo.py::test_the_advertised_6000_K_now_survives_normal_processing
test/test_argon_metastable_thermo.py::test_the_estimate_arrives_as_an_ordinary_arrhenius_with_no_electron_temperature
  <string>:41052: DeprecationWarning: invalid escape sequence \D

test/test_argon_metastable_thermo.py::test_the_entry_is_the_1s5_level_and_says_so
test/test_argon_metastable_thermo.py::test_without_this_library_the_species_cannot_exist_at_all
test/test_argon_metastable_thermo.py::test_the_advertised_6000_K_now_survives_normal_processing
test/test_argon_metastable_thermo.py::test_the_estimate_arrives_as_an_ordinary_arrhenius_with_no_electron_temperature
  <string>:41160: DeprecationWarning: invalid escape sequence \D

test/test_argon_metastable_thermo.py::test_the_entry_is_the_1s5_level_and_says_so
test/test_argon_metastable_thermo.py::test_without_this_library_the_species_cannot_exist_at_all
test/test_argon_metastable_thermo.py::test_the_advertised_6000_K_now_survives_normal_processing
test/test_argon_metastable_thermo.py::test_the_estimate_arrives_as_an_ordinary_arrhenius_with_no_electron_temperature
  <string>:41225: DeprecationWarning: invalid escape sequence \D

test/test_argon_metastable_thermo.py::test_the_entry_is_the_1s5_level_and_says_so
test/test_argon_metastable_thermo.py::test_without_this_library_the_species_cannot_exist_at_all
test/test_argon_metastable_thermo.py::test_the_advertised_6000_K_now_survives_normal_processing
test/test_argon_metastable_thermo.py::test_the_estimate_arrives_as_an_ordinary_arrhenius_with_no_electron_temperature
  <string>:41874: DeprecationWarning: invalid escape sequence \D

test/test_argon_metastable_thermo.py::test_the_entry_is_the_1s5_level_and_says_so
test/test_argon_metastable_thermo.py::test_without_this_library_the_species_cannot_exist_at_all
test/test_argon_metastable_thermo.py::test_the_advertised_6000_K_now_survives_normal_processing
test/test_argon_metastable_thermo.py::test_the_estimate_arrives_as_an_ordinary_arrhenius_with_no_electron_temperature
  <string>:44422: DeprecationWarning: invalid escape sequence \D

test/test_argon_metastable_thermo.py::test_the_entry_is_the_1s5_level_and_says_so
test/test_argon_metastable_thermo.py::test_without_this_library_the_species_cannot_exist_at_all
test/test_argon_metastable_thermo.py::test_the_advertised_6000_K_now_survives_normal_processing
test/test_argon_metastable_thermo.py::test_the_estimate_arrives_as_an_ordinary_arrhenius_with_no_electron_temperature
  <string>:44449: DeprecationWarning: invalid escape sequence \D

test/test_argon_metastable_thermo.py::test_the_entry_is_the_1s5_level_and_says_so
test/test_argon_metastable_thermo.py::test_without_this_library_the_species_cannot_exist_at_all
test/test_argon_metastable_thermo.py::test_the_advertised_6000_K_now_survives_normal_processing
test/test_argon_metastable_thermo.py::test_the_estimate_arrives_as_an_ordinary_arrhenius_with_no_electron_temperature
  <string>:44476: DeprecationWarning: invalid escape sequence \D

test/test_argon_metastable_thermo.py::test_the_entry_is_the_1s5_level_and_says_so
test/test_argon_metastable_thermo.py::test_without_this_library_the_species_cannot_exist_at_all
test/test_argon_metastable_thermo.py::test_the_advertised_6000_K_now_survives_normal_processing
test/test_argon_metastable_thermo.py::test_the_estimate_arrives_as_an_ordinary_arrhenius_with_no_electron_temperature
  <string>:49272: DeprecationWarning: invalid escape sequence \D

test/test_argon_metastable_thermo.py::test_the_entry_is_the_1s5_level_and_says_so
test/test_argon_metastable_thermo.py::test_without_this_library_the_species_cannot_exist_at_all
test/test_argon_metastable_thermo.py::test_the_advertised_6000_K_now_survives_normal_processing
test/test_argon_metastable_thermo.py::test_the_estimate_arrives_as_an_ordinary_arrhenius_with_no_electron_temperature
  <string>:50344: DeprecationWarning: invalid escape sequence \D

test/test_argon_metastable_thermo.py::test_the_entry_is_the_1s5_level_and_says_so
test/test_argon_metastable_thermo.py::test_without_this_library_the_species_cannot_exist_at_all
test/test_argon_metastable_thermo.py::test_the_advertised_6000_K_now_survives_normal_processing
test/test_argon_metastable_thermo.py::test_the_estimate_arrives_as_an_ordinary_arrhenius_with_no_electron_temperature
  <string>:50369: DeprecationWarning: invalid escape sequence \D

test/test_argon_metastable_thermo.py::test_the_entry_is_the_1s5_level_and_says_so
test/test_argon_metastable_thermo.py::test_without_this_library_the_species_cannot_exist_at_all
test/test_argon_metastable_thermo.py::test_the_advertised_6000_K_now_survives_normal_processing
test/test_argon_metastable_thermo.py::test_the_estimate_arrives_as_an_ordinary_arrhenius_with_no_electron_temperature
  <string>:50397: DeprecationWarning: invalid escape sequence \D

test/test_argon_metastable_thermo.py::test_the_entry_is_the_1s5_level_and_says_so
test/test_argon_metastable_thermo.py::test_without_this_library_the_species_cannot_exist_at_all
test/test_argon_metastable_thermo.py::test_the_advertised_6000_K_now_survives_normal_processing
test/test_argon_metastable_thermo.py::test_the_estimate_arrives_as_an_ordinary_arrhenius_with_no_electron_temperature
  <string>:50424: DeprecationWarning: invalid escape sequence \D

test/test_argon_metastable_thermo.py::test_the_entry_is_the_1s5_level_and_says_so
test/test_argon_metastable_thermo.py::test_without_this_library_the_species_cannot_exist_at_all
test/test_argon_metastable_thermo.py::test_the_advertised_6000_K_now_survives_normal_processing
test/test_argon_metastable_thermo.py::test_the_estimate_arrives_as_an_ordinary_arrhenius_with_no_electron_temperature
  <string>:50450: DeprecationWarning: invalid escape sequence \D

test/test_argon_metastable_thermo.py::test_the_entry_is_the_1s5_level_and_says_so
test/test_argon_metastable_thermo.py::test_without_this_library_the_species_cannot_exist_at_all
test/test_argon_metastable_thermo.py::test_the_advertised_6000_K_now_survives_normal_processing
test/test_argon_metastable_thermo.py::test_the_estimate_arrives_as_an_ordinary_arrhenius_with_no_electron_temperature
  <string>:50610: DeprecationWarning: invalid escape sequence \D

test/test_argon_metastable_thermo.py::test_the_entry_is_the_1s5_level_and_says_so
test/test_argon_metastable_thermo.py::test_without_this_library_the_species_cannot_exist_at_all
test/test_argon_metastable_thermo.py::test_the_advertised_6000_K_now_survives_normal_processing
test/test_argon_metastable_thermo.py::test_the_estimate_arrives_as_an_ordinary_arrhenius_with_no_electron_temperature
  <string>:50636: DeprecationWarning: invalid escape sequence \D

test/test_argon_metastable_thermo.py::test_the_entry_is_the_1s5_level_and_says_so
test/test_argon_metastable_thermo.py::test_without_this_library_the_species_cannot_exist_at_all
test/test_argon_metastable_thermo.py::test_the_advertised_6000_K_now_survives_normal_processing
test/test_argon_metastable_thermo.py::test_the_estimate_arrives_as_an_ordinary_arrhenius_with_no_electron_temperature
  <string>:50663: DeprecationWarning: invalid escape sequence \D

test/test_argon_metastable_thermo.py::test_the_entry_is_the_1s5_level_and_says_so
test/test_argon_metastable_thermo.py::test_without_this_library_the_species_cannot_exist_at_all
test/test_argon_metastable_thermo.py::test_the_advertised_6000_K_now_survives_normal_processing
test/test_argon_metastable_thermo.py::test_the_estimate_arrives_as_an_ordinary_arrhenius_with_no_electron_temperature
  <string>:50689: DeprecationWarning: invalid escape sequence \D

test/test_argon_metastable_thermo.py::test_the_entry_is_the_1s5_level_and_says_so
test/test_argon_metastable_thermo.py::test_without_this_library_the_species_cannot_exist_at_all
test/test_argon_metastable_thermo.py::test_the_advertised_6000_K_now_survives_normal_processing
test/test_argon_metastable_thermo.py::test_the_estimate_arrives_as_an_ordinary_arrhenius_with_no_electron_temperature
  <string>:50716: DeprecationWarning: invalid escape sequence \D

test/test_argon_metastable_thermo.py::test_the_entry_is_the_1s5_level_and_says_so
test/test_argon_metastable_thermo.py::test_without_this_library_the_species_cannot_exist_at_all
test/test_argon_metastable_thermo.py::test_the_advertised_6000_K_now_survives_normal_processing
test/test_argon_metastable_thermo.py::test_the_estimate_arrives_as_an_ordinary_arrhenius_with_no_electron_temperature
  <string>:50984: DeprecationWarning: invalid escape sequence \D

test/test_argon_metastable_thermo.py::test_the_entry_is_the_1s5_level_and_says_so
test/test_argon_metastable_thermo.py::test_without_this_library_the_species_cannot_exist_at_all
test/test_argon_metastable_thermo.py::test_the_advertised_6000_K_now_survives_normal_processing
test/test_argon_metastable_thermo.py::test_the_estimate_arrives_as_an_ordinary_arrhenius_with_no_electron_temperature
  <string>:51613: DeprecationWarning: invalid escape sequence \D

test/test_argon_metastable_thermo.py::test_the_entry_is_the_1s5_level_and_says_so
test/test_argon_metastable_thermo.py::test_without_this_library_the_species_cannot_exist_at_all
test/test_argon_metastable_thermo.py::test_the_advertised_6000_K_now_survives_normal_processing
test/test_argon_metastable_thermo.py::test_the_estimate_arrives_as_an_ordinary_arrhenius_with_no_electron_temperature
  <string>:51732: DeprecationWarning: invalid escape sequence \D

test/test_argon_metastable_thermo.py::test_the_entry_is_the_1s5_level_and_says_so
test/test_argon_metastable_thermo.py::test_without_this_library_the_species_cannot_exist_at_all
test/test_argon_metastable_thermo.py::test_the_advertised_6000_K_now_survives_normal_processing
test/test_argon_metastable_thermo.py::test_the_estimate_arrives_as_an_ordinary_arrhenius_with_no_electron_temperature
  <string>:51756: DeprecationWarning: invalid escape sequence \D

test/test_argon_metastable_thermo.py::test_the_advertised_6000_K_now_survives_normal_processing
test/test_argon_metastable_thermo.py::test_the_estimate_arrives_as_an_ordinary_arrhenius_with_no_electron_temperature
  <string>:5425: DeprecationWarning: invalid escape sequence \C

test/test_argon_metastable_thermo.py::test_the_advertised_6000_K_now_survives_normal_processing
test/test_argon_metastable_thermo.py::test_the_estimate_arrives_as_an_ordinary_arrhenius_with_no_electron_temperature
  <string>:6531: DeprecationWarning: invalid escape sequence \C

test/test_argon_metastable_thermo.py::test_being_a_nasa_is_not_enough_the_library_comment_is_the_gate
  /home/alon/anaconda3/envs/rmg_env/lib/python3.9/site-packages/scipy/optimize/_optimize.py:2322: LinAlgWarning: Ill-conditioned matrix (rcond=9.78829e-18): result may not be accurate.
    fu = func(x, *args)

test/test_argon_metastable_thermo.py::test_being_a_nasa_is_not_enough_the_library_comment_is_the_gate
  /home/alon/anaconda3/envs/rmg_env/lib/python3.9/site-packages/scipy/optimize/_optimize.py:2322: LinAlgWarning: Ill-conditioned matrix (rcond=8.30526e-20): result may not be accurate.
    fu = func(x, *args)

test/test_argon_metastable_thermo.py::test_being_a_nasa_is_not_enough_the_library_comment_is_the_gate
  /home/alon/anaconda3/envs/rmg_env/lib/python3.9/site-packages/scipy/optimize/_optimize.py:2322: LinAlgWarning: Ill-conditioned matrix (rcond=1.38146e-20): result may not be accurate.
    fu = func(x, *args)

test/test_argon_metastable_thermo.py::test_being_a_nasa_is_not_enough_the_library_comment_is_the_gate
  /home/alon/anaconda3/envs/rmg_env/lib/python3.9/site-packages/scipy/optimize/_optimize.py:2322: LinAlgWarning: Ill-conditioned matrix (rcond=8.43874e-21): result may not be accurate.
    fu = func(x, *args)

test/test_argon_metastable_thermo.py::test_being_a_nasa_is_not_enough_the_library_comment_is_the_gate
  /home/alon/anaconda3/envs/rmg_env/lib/python3.9/site-packages/scipy/optimize/_optimize.py:2322: LinAlgWarning: Ill-conditioned matrix (rcond=2.11249e-21): result may not be accurate.
    fu = func(x, *args)

test/test_argon_metastable_thermo.py::test_being_a_nasa_is_not_enough_the_library_comment_is_the_gate
  /home/alon/anaconda3/envs/rmg_env/lib/python3.9/site-packages/scipy/optimize/_optimize.py:2322: LinAlgWarning: Ill-conditioned matrix (rcond=5.2787e-21): result may not be accurate.
    fu = func(x, *args)

test/test_argon_metastable_thermo.py::test_being_a_nasa_is_not_enough_the_library_comment_is_the_gate
  /home/alon/anaconda3/envs/rmg_env/lib/python3.9/site-packages/scipy/optimize/_optimize.py:2322: LinAlgWarning: Ill-conditioned matrix (rcond=2.26538e-21): result may not be accurate.
    fu = func(x, *args)

test/test_argon_metastable_thermo.py::test_being_a_nasa_is_not_enough_the_library_comment_is_the_gate
  /home/alon/anaconda3/envs/rmg_env/lib/python3.9/site-packages/scipy/optimize/_optimize.py:2322: LinAlgWarning: Ill-conditioned matrix (rcond=1.9079e-21): result may not be accurate.
    fu = func(x, *args)

test/test_argon_metastable_thermo.py::test_being_a_nasa_is_not_enough_the_library_comment_is_the_gate
  /home/alon/anaconda3/envs/rmg_env/lib/python3.9/site-packages/scipy/optimize/_optimize.py:2322: LinAlgWarning: Ill-conditioned matrix (rcond=7.53573e-21): result may not be accurate.
    fu = func(x, *args)

test/test_argon_metastable_thermo.py::test_being_a_nasa_is_not_enough_the_library_comment_is_the_gate
  /home/alon/anaconda3/envs/rmg_env/lib/python3.9/site-packages/scipy/optimize/_optimize.py:2322: LinAlgWarning: Ill-conditioned matrix (rcond=7.43345e-21): result may not be accurate.
    fu = func(x, *args)

test/test_argon_metastable_thermo.py::test_being_a_nasa_is_not_enough_the_library_comment_is_the_gate
  /home/alon/anaconda3/envs/rmg_env/lib/python3.9/site-packages/scipy/optimize/_optimize.py:2322: LinAlgWarning: Ill-conditioned matrix (rcond=1.47964e-21): result may not be accurate.
    fu = func(x, *args)

test/test_argon_metastable_thermo.py::test_being_a_nasa_is_not_enough_the_library_comment_is_the_gate
  /home/alon/anaconda3/envs/rmg_env/lib/python3.9/site-packages/scipy/optimize/_optimize.py:2322: LinAlgWarning: Ill-conditioned matrix (rcond=1.34061e-20): result may not be accurate.
    fu = func(x, *args)

test/test_argon_metastable_thermo.py::test_being_a_nasa_is_not_enough_the_library_comment_is_the_gate
  /home/alon/anaconda3/envs/rmg_env/lib/python3.9/site-packages/scipy/optimize/_optimize.py:2322: LinAlgWarning: Ill-conditioned matrix (rcond=8.87325e-21): result may not be accurate.
    fu = func(x, *args)

test/test_argon_metastable_thermo.py::test_being_a_nasa_is_not_enough_the_library_comment_is_the_gate
  /home/alon/anaconda3/envs/rmg_env/lib/python3.9/site-packages/scipy/optimize/_optimize.py:2322: LinAlgWarning: Ill-conditioned matrix (rcond=3.20362e-21): result may not be accurate.
    fu = func(x, *args)

test/test_argon_metastable_thermo.py::test_being_a_nasa_is_not_enough_the_library_comment_is_the_gate
  /home/alon/anaconda3/envs/rmg_env/lib/python3.9/site-packages/scipy/optimize/_optimize.py:2322: LinAlgWarning: Ill-conditioned matrix (rcond=2.39961e-21): result may not be accurate.
    fu = func(x, *args)

test/test_argon_metastable_thermo.py::test_being_a_nasa_is_not_enough_the_library_comment_is_the_gate
  /home/alon/anaconda3/envs/rmg_env/lib/python3.9/site-packages/scipy/optimize/_optimize.py:2322: LinAlgWarning: Ill-conditioned matrix (rcond=3.56405e-21): result may not be accurate.
    fu = func(x, *args)

test/test_argon_metastable_thermo.py::test_being_a_nasa_is_not_enough_the_library_comment_is_the_gate
  /home/alon/anaconda3/envs/rmg_env/lib/python3.9/site-packages/scipy/optimize/_optimize.py:2322: LinAlgWarning: Ill-conditioned matrix (rcond=4.40143e-21): result may not be accurate.
    fu = func(x, *args)

test/test_argon_metastable_thermo.py::test_being_a_nasa_is_not_enough_the_library_comment_is_the_gate
  /home/alon/anaconda3/envs/rmg_env/lib/python3.9/site-packages/scipy/optimize/_optimize.py:2322: LinAlgWarning: Ill-conditioned matrix (rcond=4.71804e-22): result may not be accurate.
    fu = func(x, *args)

test/test_argon_metastable_thermo.py::test_being_a_nasa_is_not_enough_the_library_comment_is_the_gate
  /home/alon/anaconda3/envs/rmg_env/lib/python3.9/site-packages/scipy/optimize/_optimize.py:2322: LinAlgWarning: Ill-conditioned matrix (rcond=4.97734e-21): result may not be accurate.
    fu = func(x, *args)

test/test_argon_metastable_thermo.py::test_being_a_nasa_is_not_enough_the_library_comment_is_the_gate
  /home/alon/anaconda3/envs/rmg_env/lib/python3.9/site-packages/scipy/optimize/_optimize.py:2322: LinAlgWarning: Ill-conditioned matrix (rcond=7.47076e-21): result may not be accurate.
    fu = func(x, *args)

test/test_argon_metastable_thermo.py::test_being_a_nasa_is_not_enough_the_library_comment_is_the_gate
  /home/alon/anaconda3/envs/rmg_env/lib/python3.9/site-packages/scipy/optimize/_optimize.py:2322: LinAlgWarning: Ill-conditioned matrix (rcond=6.10745e-21): result may not be accurate.
    fu = func(x, *args)

test/test_argon_metastable_thermo.py::test_being_a_nasa_is_not_enough_the_library_comment_is_the_gate
  /home/alon/anaconda3/envs/rmg_env/lib/python3.9/site-packages/scipy/optimize/_optimize.py:2322: LinAlgWarning: Ill-conditioned matrix (rcond=3.69387e-21): result may not be accurate.
    fu = func(x, *args)

test/test_argon_metastable_thermo.py::test_being_a_nasa_is_not_enough_the_library_comment_is_the_gate
  /home/alon/anaconda3/envs/rmg_env/lib/python3.9/site-packages/scipy/optimize/_optimize.py:2322: LinAlgWarning: Ill-conditioned matrix (rcond=1.30536e-20): result may not be accurate.
    fu = func(x, *args)

test/test_argon_metastable_thermo.py::test_being_a_nasa_is_not_enough_the_library_comment_is_the_gate
  /home/alon/anaconda3/envs/rmg_env/lib/python3.9/site-packages/scipy/optimize/_optimize.py:2322: LinAlgWarning: Ill-conditioned matrix (rcond=1.51603e-20): result may not be accurate.
    fu = func(x, *args)

test/test_argon_metastable_thermo.py::test_being_a_nasa_is_not_enough_the_library_comment_is_the_gate
  /home/alon/anaconda3/envs/rmg_env/lib/python3.9/site-packages/scipy/optimize/_optimize.py:2322: LinAlgWarning: Ill-conditioned matrix (rcond=3.18757e-21): result may not be accurate.
    fu = func(x, *args)

test/test_argon_metastable_thermo.py::test_being_a_nasa_is_not_enough_the_library_comment_is_the_gate
  /home/alon/Code/RMG-Py-i222-metastable-argon-atomtype/rmgpy/thermo/thermoengine.py:100: LinAlgWarning: Ill-conditioned matrix (rcond=3.18757e-21): result may not be accurate.
    thermo = wilhoit.to_nasa(Tmin=100.0, Tmax=5000.0, Tint=1000.0)

test/test_argon_metastable_thermo.py::test_being_a_nasa_is_not_enough_the_library_comment_is_the_gate
  /home/alon/Code/RMG-Py-i222-metastable-argon-atomtype/rmgpy/thermo/thermoengine.py:100: LinAlgWarning: Ill-conditioned matrix (rcond=1.08953e-21): result may not be accurate.
    thermo = wilhoit.to_nasa(Tmin=100.0, Tmax=5000.0, Tint=1000.0)

-- Docs: https://docs.pytest.org/en/stable/how-to/capture-warnings.html
44 passed, 599 warnings in 45.83s
