......................................................................   [100%]
=============================== warnings summary ===============================
test/test_argon_cation_thermo.py::test_every_electron_entry_in_this_database_prices_the_electron_at_zero
test/test_argon_cation_thermo.py::test_without_this_library_the_species_is_refused
test/test_argon_cation_buildtime.py::test_at_build_time_with_the_library_loaded_it_wins_over_group_additivity
test/test_argon_cation_buildtime.py::test_at_build_time_with_the_reference_deck_argon_is_refused_loudly
  <string>:5427: DeprecationWarning: invalid escape sequence \D

test/test_argon_cation_thermo.py::test_every_electron_entry_in_this_database_prices_the_electron_at_zero
test/test_argon_cation_thermo.py::test_without_this_library_the_species_is_refused
test/test_argon_cation_buildtime.py::test_at_build_time_with_the_library_loaded_it_wins_over_group_additivity
test/test_argon_cation_buildtime.py::test_at_build_time_with_the_reference_deck_argon_is_refused_loudly
  <string>:5539: DeprecationWarning: invalid escape sequence \D

test/test_argon_cation_thermo.py::test_every_electron_entry_in_this_database_prices_the_electron_at_zero
test/test_argon_cation_thermo.py::test_without_this_library_the_species_is_refused
test/test_argon_cation_buildtime.py::test_at_build_time_with_the_library_loaded_it_wins_over_group_additivity
test/test_argon_cation_buildtime.py::test_at_build_time_with_the_reference_deck_argon_is_refused_loudly
  <string>:5628: DeprecationWarning: invalid escape sequence \D

test/test_argon_cation_thermo.py::test_every_electron_entry_in_this_database_prices_the_electron_at_zero
test/test_argon_cation_thermo.py::test_without_this_library_the_species_is_refused
test/test_argon_cation_buildtime.py::test_at_build_time_with_the_library_loaded_it_wins_over_group_additivity
test/test_argon_cation_buildtime.py::test_at_build_time_with_the_reference_deck_argon_is_refused_loudly
  <string>:5672: DeprecationWarning: invalid escape sequence \D

test/test_argon_cation_thermo.py::test_every_electron_entry_in_this_database_prices_the_electron_at_zero
test/test_argon_cation_thermo.py::test_without_this_library_the_species_is_refused
test/test_argon_cation_buildtime.py::test_at_build_time_with_the_library_loaded_it_wins_over_group_additivity
test/test_argon_cation_buildtime.py::test_at_build_time_with_the_reference_deck_argon_is_refused_loudly
  <string>:5698: DeprecationWarning: invalid escape sequence \D

test/test_argon_cation_thermo.py::test_every_electron_entry_in_this_database_prices_the_electron_at_zero
test/test_argon_cation_thermo.py::test_without_this_library_the_species_is_refused
test/test_argon_cation_buildtime.py::test_at_build_time_with_the_library_loaded_it_wins_over_group_additivity
test/test_argon_cation_buildtime.py::test_at_build_time_with_the_reference_deck_argon_is_refused_loudly
  <string>:5860: DeprecationWarning: invalid escape sequence \D

test/test_argon_cation_thermo.py::test_every_electron_entry_in_this_database_prices_the_electron_at_zero
test/test_argon_cation_thermo.py::test_without_this_library_the_species_is_refused
test/test_argon_cation_buildtime.py::test_at_build_time_with_the_library_loaded_it_wins_over_group_additivity
test/test_argon_cation_buildtime.py::test_at_build_time_with_the_reference_deck_argon_is_refused_loudly
  <string>:5904: DeprecationWarning: invalid escape sequence \D

test/test_argon_cation_thermo.py::test_every_electron_entry_in_this_database_prices_the_electron_at_zero
test/test_argon_cation_thermo.py::test_without_this_library_the_species_is_refused
test/test_argon_cation_buildtime.py::test_at_build_time_with_the_library_loaded_it_wins_over_group_additivity
test/test_argon_cation_buildtime.py::test_at_build_time_with_the_reference_deck_argon_is_refused_loudly
  <string>:5930: DeprecationWarning: invalid escape sequence \D

test/test_argon_cation_thermo.py::test_every_electron_entry_in_this_database_prices_the_electron_at_zero
test/test_argon_cation_thermo.py::test_without_this_library_the_species_is_refused
test/test_argon_cation_buildtime.py::test_at_build_time_with_the_library_loaded_it_wins_over_group_additivity
test/test_argon_cation_buildtime.py::test_at_build_time_with_the_reference_deck_argon_is_refused_loudly
  <string>:6097: DeprecationWarning: invalid escape sequence \D

test/test_argon_cation_thermo.py::test_every_electron_entry_in_this_database_prices_the_electron_at_zero
test/test_argon_cation_thermo.py::test_without_this_library_the_species_is_refused
test/test_argon_cation_buildtime.py::test_at_build_time_with_the_library_loaded_it_wins_over_group_additivity
test/test_argon_cation_buildtime.py::test_at_build_time_with_the_reference_deck_argon_is_refused_loudly
  <string>:6141: DeprecationWarning: invalid escape sequence \D

test/test_argon_cation_thermo.py::test_every_electron_entry_in_this_database_prices_the_electron_at_zero
test/test_argon_cation_thermo.py::test_without_this_library_the_species_is_refused
test/test_argon_cation_buildtime.py::test_at_build_time_with_the_library_loaded_it_wins_over_group_additivity
test/test_argon_cation_buildtime.py::test_at_build_time_with_the_reference_deck_argon_is_refused_loudly
  <string>:6167: DeprecationWarning: invalid escape sequence \D

test/test_argon_cation_thermo.py::test_every_electron_entry_in_this_database_prices_the_electron_at_zero
test/test_argon_cation_thermo.py::test_without_this_library_the_species_is_refused
test/test_argon_cation_buildtime.py::test_at_build_time_with_the_library_loaded_it_wins_over_group_additivity
test/test_argon_cation_buildtime.py::test_at_build_time_with_the_reference_deck_argon_is_refused_loudly
  <string>:6295: DeprecationWarning: invalid escape sequence \D

test/test_argon_cation_thermo.py::test_every_electron_entry_in_this_database_prices_the_electron_at_zero
test/test_argon_cation_thermo.py::test_without_this_library_the_species_is_refused
test/test_argon_cation_buildtime.py::test_at_build_time_with_the_library_loaded_it_wins_over_group_additivity
test/test_argon_cation_buildtime.py::test_at_build_time_with_the_reference_deck_argon_is_refused_loudly
  <string>:7200: DeprecationWarning: invalid escape sequence \D

test/test_argon_cation_thermo.py::test_every_electron_entry_in_this_database_prices_the_electron_at_zero
test/test_argon_cation_thermo.py::test_without_this_library_the_species_is_refused
test/test_argon_cation_buildtime.py::test_at_build_time_with_the_library_loaded_it_wins_over_group_additivity
test/test_argon_cation_buildtime.py::test_at_build_time_with_the_reference_deck_argon_is_refused_loudly
  <string>:7470: DeprecationWarning: invalid escape sequence \D

test/test_argon_cation_thermo.py::test_every_electron_entry_in_this_database_prices_the_electron_at_zero
test/test_argon_cation_thermo.py::test_without_this_library_the_species_is_refused
test/test_argon_cation_buildtime.py::test_at_build_time_with_the_library_loaded_it_wins_over_group_additivity
test/test_argon_cation_buildtime.py::test_at_build_time_with_the_reference_deck_argon_is_refused_loudly
  <string>:7726: DeprecationWarning: invalid escape sequence \D

test/test_argon_cation_thermo.py::test_every_electron_entry_in_this_database_prices_the_electron_at_zero
test/test_argon_cation_thermo.py::test_without_this_library_the_species_is_refused
test/test_argon_cation_buildtime.py::test_at_build_time_with_the_library_loaded_it_wins_over_group_additivity
test/test_argon_cation_buildtime.py::test_at_build_time_with_the_reference_deck_argon_is_refused_loudly
  <string>:7840: DeprecationWarning: invalid escape sequence \D

test/test_argon_cation_thermo.py::test_every_electron_entry_in_this_database_prices_the_electron_at_zero
test/test_argon_cation_thermo.py::test_without_this_library_the_species_is_refused
test/test_argon_cation_buildtime.py::test_at_build_time_with_the_library_loaded_it_wins_over_group_additivity
test/test_argon_cation_buildtime.py::test_at_build_time_with_the_reference_deck_argon_is_refused_loudly
  <string>:8025: DeprecationWarning: invalid escape sequence \D

test/test_argon_cation_thermo.py::test_every_electron_entry_in_this_database_prices_the_electron_at_zero
test/test_argon_cation_thermo.py::test_without_this_library_the_species_is_refused
test/test_argon_cation_buildtime.py::test_at_build_time_with_the_library_loaded_it_wins_over_group_additivity
test/test_argon_cation_buildtime.py::test_at_build_time_with_the_reference_deck_argon_is_refused_loudly
  <string>:8128: DeprecationWarning: invalid escape sequence \D

test/test_argon_cation_thermo.py::test_every_electron_entry_in_this_database_prices_the_electron_at_zero
test/test_argon_cation_thermo.py::test_without_this_library_the_species_is_refused
test/test_argon_cation_buildtime.py::test_at_build_time_with_the_library_loaded_it_wins_over_group_additivity
test/test_argon_cation_buildtime.py::test_at_build_time_with_the_reference_deck_argon_is_refused_loudly
  <string>:9315: DeprecationWarning: invalid escape sequence \D

test/test_argon_cation_thermo.py::test_every_electron_entry_in_this_database_prices_the_electron_at_zero
test/test_argon_cation_thermo.py::test_without_this_library_the_species_is_refused
test/test_argon_cation_buildtime.py::test_at_build_time_with_the_library_loaded_it_wins_over_group_additivity
test/test_argon_cation_buildtime.py::test_at_build_time_with_the_reference_deck_argon_is_refused_loudly
  <string>:10169: DeprecationWarning: invalid escape sequence \D

test/test_argon_cation_thermo.py::test_every_electron_entry_in_this_database_prices_the_electron_at_zero
test/test_argon_cation_thermo.py::test_without_this_library_the_species_is_refused
test/test_argon_cation_buildtime.py::test_at_build_time_with_the_library_loaded_it_wins_over_group_additivity
test/test_argon_cation_buildtime.py::test_at_build_time_with_the_reference_deck_argon_is_refused_loudly
  <string>:10258: DeprecationWarning: invalid escape sequence \D

test/test_argon_cation_thermo.py::test_every_electron_entry_in_this_database_prices_the_electron_at_zero
test/test_argon_cation_thermo.py::test_without_this_library_the_species_is_refused
test/test_argon_cation_buildtime.py::test_at_build_time_with_the_library_loaded_it_wins_over_group_additivity
test/test_argon_cation_buildtime.py::test_at_build_time_with_the_reference_deck_argon_is_refused_loudly
  <string>:11178: DeprecationWarning: invalid escape sequence \D

test/test_argon_cation_thermo.py::test_every_electron_entry_in_this_database_prices_the_electron_at_zero
test/test_argon_cation_thermo.py::test_without_this_library_the_species_is_refused
test/test_argon_cation_buildtime.py::test_at_build_time_with_the_library_loaded_it_wins_over_group_additivity
test/test_argon_cation_buildtime.py::test_at_build_time_with_the_reference_deck_argon_is_refused_loudly
  <string>:20791: DeprecationWarning: invalid escape sequence \D

test/test_argon_cation_thermo.py::test_every_electron_entry_in_this_database_prices_the_electron_at_zero
test/test_argon_cation_thermo.py::test_without_this_library_the_species_is_refused
test/test_argon_cation_buildtime.py::test_at_build_time_with_the_library_loaded_it_wins_over_group_additivity
test/test_argon_cation_buildtime.py::test_at_build_time_with_the_reference_deck_argon_is_refused_loudly
  <string>:20884: DeprecationWarning: invalid escape sequence \D

test/test_argon_cation_thermo.py::test_every_electron_entry_in_this_database_prices_the_electron_at_zero
test/test_argon_cation_thermo.py::test_without_this_library_the_species_is_refused
test/test_argon_cation_buildtime.py::test_at_build_time_with_the_library_loaded_it_wins_over_group_additivity
test/test_argon_cation_buildtime.py::test_at_build_time_with_the_reference_deck_argon_is_refused_loudly
  <string>:21052: DeprecationWarning: invalid escape sequence \D

test/test_argon_cation_thermo.py::test_every_electron_entry_in_this_database_prices_the_electron_at_zero
test/test_argon_cation_thermo.py::test_without_this_library_the_species_is_refused
test/test_argon_cation_buildtime.py::test_at_build_time_with_the_library_loaded_it_wins_over_group_additivity
test/test_argon_cation_buildtime.py::test_at_build_time_with_the_reference_deck_argon_is_refused_loudly
  <string>:21078: DeprecationWarning: invalid escape sequence \D

test/test_argon_cation_thermo.py::test_every_electron_entry_in_this_database_prices_the_electron_at_zero
test/test_argon_cation_thermo.py::test_without_this_library_the_species_is_refused
test/test_argon_cation_buildtime.py::test_at_build_time_with_the_library_loaded_it_wins_over_group_additivity
test/test_argon_cation_buildtime.py::test_at_build_time_with_the_reference_deck_argon_is_refused_loudly
  <string>:21531: DeprecationWarning: invalid escape sequence \D

test/test_argon_cation_thermo.py::test_every_electron_entry_in_this_database_prices_the_electron_at_zero
test/test_argon_cation_thermo.py::test_without_this_library_the_species_is_refused
test/test_argon_cation_buildtime.py::test_at_build_time_with_the_library_loaded_it_wins_over_group_additivity
test/test_argon_cation_buildtime.py::test_at_build_time_with_the_reference_deck_argon_is_refused_loudly
  <string>:21711: DeprecationWarning: invalid escape sequence \D

test/test_argon_cation_thermo.py::test_every_electron_entry_in_this_database_prices_the_electron_at_zero
test/test_argon_cation_thermo.py::test_without_this_library_the_species_is_refused
test/test_argon_cation_buildtime.py::test_at_build_time_with_the_library_loaded_it_wins_over_group_additivity
test/test_argon_cation_buildtime.py::test_at_build_time_with_the_reference_deck_argon_is_refused_loudly
  <string>:21739: DeprecationWarning: invalid escape sequence \D

test/test_argon_cation_thermo.py::test_every_electron_entry_in_this_database_prices_the_electron_at_zero
test/test_argon_cation_thermo.py::test_without_this_library_the_species_is_refused
test/test_argon_cation_buildtime.py::test_at_build_time_with_the_library_loaded_it_wins_over_group_additivity
test/test_argon_cation_buildtime.py::test_at_build_time_with_the_reference_deck_argon_is_refused_loudly
  <string>:21927: DeprecationWarning: invalid escape sequence \D

test/test_argon_cation_thermo.py::test_every_electron_entry_in_this_database_prices_the_electron_at_zero
test/test_argon_cation_thermo.py::test_without_this_library_the_species_is_refused
test/test_argon_cation_buildtime.py::test_at_build_time_with_the_library_loaded_it_wins_over_group_additivity
test/test_argon_cation_buildtime.py::test_at_build_time_with_the_reference_deck_argon_is_refused_loudly
  <string>:22858: DeprecationWarning: invalid escape sequence \D

test/test_argon_cation_thermo.py::test_every_electron_entry_in_this_database_prices_the_electron_at_zero
test/test_argon_cation_thermo.py::test_without_this_library_the_species_is_refused
test/test_argon_cation_buildtime.py::test_at_build_time_with_the_library_loaded_it_wins_over_group_additivity
test/test_argon_cation_buildtime.py::test_at_build_time_with_the_reference_deck_argon_is_refused_loudly
  <string>:22951: DeprecationWarning: invalid escape sequence \D

test/test_argon_cation_thermo.py::test_every_electron_entry_in_this_database_prices_the_electron_at_zero
test/test_argon_cation_thermo.py::test_without_this_library_the_species_is_refused
test/test_argon_cation_buildtime.py::test_at_build_time_with_the_library_loaded_it_wins_over_group_additivity
test/test_argon_cation_buildtime.py::test_at_build_time_with_the_reference_deck_argon_is_refused_loudly
  <string>:23114: DeprecationWarning: invalid escape sequence \D

test/test_argon_cation_thermo.py::test_every_electron_entry_in_this_database_prices_the_electron_at_zero
test/test_argon_cation_thermo.py::test_without_this_library_the_species_is_refused
test/test_argon_cation_buildtime.py::test_at_build_time_with_the_library_loaded_it_wins_over_group_additivity
test/test_argon_cation_buildtime.py::test_at_build_time_with_the_reference_deck_argon_is_refused_loudly
  <string>:23297: DeprecationWarning: invalid escape sequence \D

test/test_argon_cation_thermo.py::test_every_electron_entry_in_this_database_prices_the_electron_at_zero
test/test_argon_cation_thermo.py::test_without_this_library_the_species_is_refused
test/test_argon_cation_buildtime.py::test_at_build_time_with_the_library_loaded_it_wins_over_group_additivity
test/test_argon_cation_buildtime.py::test_at_build_time_with_the_reference_deck_argon_is_refused_loudly
  <string>:23392: DeprecationWarning: invalid escape sequence \D

test/test_argon_cation_thermo.py::test_every_electron_entry_in_this_database_prices_the_electron_at_zero
test/test_argon_cation_thermo.py::test_without_this_library_the_species_is_refused
test/test_argon_cation_buildtime.py::test_at_build_time_with_the_library_loaded_it_wins_over_group_additivity
test/test_argon_cation_buildtime.py::test_at_build_time_with_the_reference_deck_argon_is_refused_loudly
  <string>:24051: DeprecationWarning: invalid escape sequence \D

test/test_argon_cation_thermo.py::test_every_electron_entry_in_this_database_prices_the_electron_at_zero
test/test_argon_cation_thermo.py::test_without_this_library_the_species_is_refused
test/test_argon_cation_buildtime.py::test_at_build_time_with_the_library_loaded_it_wins_over_group_additivity
test/test_argon_cation_buildtime.py::test_at_build_time_with_the_reference_deck_argon_is_refused_loudly
  <string>:24336: DeprecationWarning: invalid escape sequence \D

test/test_argon_cation_thermo.py::test_every_electron_entry_in_this_database_prices_the_electron_at_zero
test/test_argon_cation_thermo.py::test_without_this_library_the_species_is_refused
test/test_argon_cation_buildtime.py::test_at_build_time_with_the_library_loaded_it_wins_over_group_additivity
test/test_argon_cation_buildtime.py::test_at_build_time_with_the_reference_deck_argon_is_refused_loudly
  <string>:27050: DeprecationWarning: invalid escape sequence \D

test/test_argon_cation_thermo.py::test_every_electron_entry_in_this_database_prices_the_electron_at_zero
test/test_argon_cation_thermo.py::test_without_this_library_the_species_is_refused
test/test_argon_cation_buildtime.py::test_at_build_time_with_the_library_loaded_it_wins_over_group_additivity
test/test_argon_cation_buildtime.py::test_at_build_time_with_the_reference_deck_argon_is_refused_loudly
  <string>:27143: DeprecationWarning: invalid escape sequence \D

test/test_argon_cation_thermo.py::test_every_electron_entry_in_this_database_prices_the_electron_at_zero
test/test_argon_cation_thermo.py::test_without_this_library_the_species_is_refused
test/test_argon_cation_buildtime.py::test_at_build_time_with_the_library_loaded_it_wins_over_group_additivity
test/test_argon_cation_buildtime.py::test_at_build_time_with_the_reference_deck_argon_is_refused_loudly
  <string>:27280: DeprecationWarning: invalid escape sequence \D

test/test_argon_cation_thermo.py::test_every_electron_entry_in_this_database_prices_the_electron_at_zero
test/test_argon_cation_thermo.py::test_without_this_library_the_species_is_refused
test/test_argon_cation_buildtime.py::test_at_build_time_with_the_library_loaded_it_wins_over_group_additivity
test/test_argon_cation_buildtime.py::test_at_build_time_with_the_reference_deck_argon_is_refused_loudly
  <string>:27308: DeprecationWarning: invalid escape sequence \D

test/test_argon_cation_thermo.py::test_every_electron_entry_in_this_database_prices_the_electron_at_zero
test/test_argon_cation_thermo.py::test_without_this_library_the_species_is_refused
test/test_argon_cation_buildtime.py::test_at_build_time_with_the_library_loaded_it_wins_over_group_additivity
test/test_argon_cation_buildtime.py::test_at_build_time_with_the_reference_deck_argon_is_refused_loudly
  <string>:27491: DeprecationWarning: invalid escape sequence \D

test/test_argon_cation_thermo.py::test_every_electron_entry_in_this_database_prices_the_electron_at_zero
test/test_argon_cation_thermo.py::test_without_this_library_the_species_is_refused
test/test_argon_cation_buildtime.py::test_at_build_time_with_the_library_loaded_it_wins_over_group_additivity
test/test_argon_cation_buildtime.py::test_at_build_time_with_the_reference_deck_argon_is_refused_loudly
  <string>:28152: DeprecationWarning: invalid escape sequence \D

test/test_argon_cation_thermo.py::test_every_electron_entry_in_this_database_prices_the_electron_at_zero
test/test_argon_cation_thermo.py::test_without_this_library_the_species_is_refused
test/test_argon_cation_buildtime.py::test_at_build_time_with_the_library_loaded_it_wins_over_group_additivity
test/test_argon_cation_buildtime.py::test_at_build_time_with_the_reference_deck_argon_is_refused_loudly
  <string>:30542: DeprecationWarning: invalid escape sequence \D

test/test_argon_cation_thermo.py::test_every_electron_entry_in_this_database_prices_the_electron_at_zero
test/test_argon_cation_thermo.py::test_without_this_library_the_species_is_refused
test/test_argon_cation_buildtime.py::test_at_build_time_with_the_library_loaded_it_wins_over_group_additivity
test/test_argon_cation_buildtime.py::test_at_build_time_with_the_reference_deck_argon_is_refused_loudly
  <string>:38231: DeprecationWarning: invalid escape sequence \D

test/test_argon_cation_thermo.py::test_every_electron_entry_in_this_database_prices_the_electron_at_zero
test/test_argon_cation_thermo.py::test_without_this_library_the_species_is_refused
test/test_argon_cation_buildtime.py::test_at_build_time_with_the_library_loaded_it_wins_over_group_additivity
test/test_argon_cation_buildtime.py::test_at_build_time_with_the_reference_deck_argon_is_refused_loudly
  <string>:38277: DeprecationWarning: invalid escape sequence \D

test/test_argon_cation_thermo.py::test_every_electron_entry_in_this_database_prices_the_electron_at_zero
test/test_argon_cation_thermo.py::test_without_this_library_the_species_is_refused
test/test_argon_cation_buildtime.py::test_at_build_time_with_the_library_loaded_it_wins_over_group_additivity
test/test_argon_cation_buildtime.py::test_at_build_time_with_the_reference_deck_argon_is_refused_loudly
  <string>:38304: DeprecationWarning: invalid escape sequence \D

test/test_argon_cation_thermo.py::test_every_electron_entry_in_this_database_prices_the_electron_at_zero
test/test_argon_cation_thermo.py::test_without_this_library_the_species_is_refused
test/test_argon_cation_buildtime.py::test_at_build_time_with_the_library_loaded_it_wins_over_group_additivity
test/test_argon_cation_buildtime.py::test_at_build_time_with_the_reference_deck_argon_is_refused_loudly
  <string>:38507: DeprecationWarning: invalid escape sequence \D

test/test_argon_cation_thermo.py::test_every_electron_entry_in_this_database_prices_the_electron_at_zero
test/test_argon_cation_thermo.py::test_without_this_library_the_species_is_refused
test/test_argon_cation_buildtime.py::test_at_build_time_with_the_library_loaded_it_wins_over_group_additivity
test/test_argon_cation_buildtime.py::test_at_build_time_with_the_reference_deck_argon_is_refused_loudly
  <string>:39316: DeprecationWarning: invalid escape sequence \D

test/test_argon_cation_thermo.py::test_every_electron_entry_in_this_database_prices_the_electron_at_zero
test/test_argon_cation_thermo.py::test_without_this_library_the_species_is_refused
test/test_argon_cation_buildtime.py::test_at_build_time_with_the_library_loaded_it_wins_over_group_additivity
test/test_argon_cation_buildtime.py::test_at_build_time_with_the_reference_deck_argon_is_refused_loudly
  <string>:41060: DeprecationWarning: invalid escape sequence \D

test/test_argon_cation_thermo.py::test_every_electron_entry_in_this_database_prices_the_electron_at_zero
test/test_argon_cation_thermo.py::test_without_this_library_the_species_is_refused
test/test_argon_cation_buildtime.py::test_at_build_time_with_the_library_loaded_it_wins_over_group_additivity
test/test_argon_cation_buildtime.py::test_at_build_time_with_the_reference_deck_argon_is_refused_loudly
  <string>:41126: DeprecationWarning: invalid escape sequence \D

test/test_argon_cation_thermo.py::test_every_electron_entry_in_this_database_prices_the_electron_at_zero
test/test_argon_cation_thermo.py::test_without_this_library_the_species_is_refused
test/test_argon_cation_buildtime.py::test_at_build_time_with_the_library_loaded_it_wins_over_group_additivity
test/test_argon_cation_buildtime.py::test_at_build_time_with_the_reference_deck_argon_is_refused_loudly
  <string>:41383: DeprecationWarning: invalid escape sequence \D

test/test_argon_cation_thermo.py::test_every_electron_entry_in_this_database_prices_the_electron_at_zero
test/test_argon_cation_thermo.py::test_without_this_library_the_species_is_refused
test/test_argon_cation_buildtime.py::test_at_build_time_with_the_library_loaded_it_wins_over_group_additivity
test/test_argon_cation_buildtime.py::test_at_build_time_with_the_reference_deck_argon_is_refused_loudly
  <string>:42688: DeprecationWarning: invalid escape sequence \D

test/test_argon_cation_thermo.py::test_every_electron_entry_in_this_database_prices_the_electron_at_zero
test/test_argon_cation_thermo.py::test_without_this_library_the_species_is_refused
test/test_argon_cation_buildtime.py::test_at_build_time_with_the_library_loaded_it_wins_over_group_additivity
test/test_argon_cation_buildtime.py::test_at_build_time_with_the_reference_deck_argon_is_refused_loudly
  <string>:42759: DeprecationWarning: invalid escape sequence \D

test/test_argon_cation_thermo.py::test_every_electron_entry_in_this_database_prices_the_electron_at_zero
test/test_argon_cation_thermo.py::test_without_this_library_the_species_is_refused
test/test_argon_cation_buildtime.py::test_at_build_time_with_the_library_loaded_it_wins_over_group_additivity
test/test_argon_cation_buildtime.py::test_at_build_time_with_the_reference_deck_argon_is_refused_loudly
  <string>:43026: DeprecationWarning: invalid escape sequence \D

test/test_argon_cation_thermo.py::test_every_electron_entry_in_this_database_prices_the_electron_at_zero
test/test_argon_cation_thermo.py::test_without_this_library_the_species_is_refused
test/test_argon_cation_buildtime.py::test_at_build_time_with_the_library_loaded_it_wins_over_group_additivity
test/test_argon_cation_buildtime.py::test_at_build_time_with_the_reference_deck_argon_is_refused_loudly
  <string>:43634: DeprecationWarning: invalid escape sequence \D

test/test_argon_cation_thermo.py::test_every_electron_entry_in_this_database_prices_the_electron_at_zero
test/test_argon_cation_thermo.py::test_without_this_library_the_species_is_refused
test/test_argon_cation_buildtime.py::test_at_build_time_with_the_library_loaded_it_wins_over_group_additivity
test/test_argon_cation_buildtime.py::test_at_build_time_with_the_reference_deck_argon_is_refused_loudly
  <string>:43680: DeprecationWarning: invalid escape sequence \D

test/test_argon_cation_thermo.py::test_every_electron_entry_in_this_database_prices_the_electron_at_zero
test/test_argon_cation_thermo.py::test_without_this_library_the_species_is_refused
test/test_argon_cation_buildtime.py::test_at_build_time_with_the_library_loaded_it_wins_over_group_additivity
test/test_argon_cation_buildtime.py::test_at_build_time_with_the_reference_deck_argon_is_refused_loudly
  <string>:43707: DeprecationWarning: invalid escape sequence \D

test/test_argon_cation_thermo.py::test_every_electron_entry_in_this_database_prices_the_electron_at_zero
test/test_argon_cation_thermo.py::test_without_this_library_the_species_is_refused
test/test_argon_cation_buildtime.py::test_at_build_time_with_the_library_loaded_it_wins_over_group_additivity
test/test_argon_cation_buildtime.py::test_at_build_time_with_the_reference_deck_argon_is_refused_loudly
  <string>:51842: DeprecationWarning: invalid escape sequence \D

test/test_argon_cation_thermo.py::test_every_electron_entry_in_this_database_prices_the_electron_at_zero
test/test_argon_cation_thermo.py::test_without_this_library_the_species_is_refused
test/test_argon_cation_buildtime.py::test_at_build_time_with_the_library_loaded_it_wins_over_group_additivity
test/test_argon_cation_buildtime.py::test_at_build_time_with_the_reference_deck_argon_is_refused_loudly
  <string>:51867: DeprecationWarning: invalid escape sequence \D

test/test_argon_cation_thermo.py::test_every_electron_entry_in_this_database_prices_the_electron_at_zero
test/test_argon_cation_thermo.py::test_without_this_library_the_species_is_refused
test/test_argon_cation_buildtime.py::test_at_build_time_with_the_library_loaded_it_wins_over_group_additivity
test/test_argon_cation_buildtime.py::test_at_build_time_with_the_reference_deck_argon_is_refused_loudly
  <string>:51916: DeprecationWarning: invalid escape sequence \D

test/test_argon_cation_thermo.py::test_every_electron_entry_in_this_database_prices_the_electron_at_zero
test/test_argon_cation_thermo.py::test_without_this_library_the_species_is_refused
test/test_argon_cation_buildtime.py::test_at_build_time_with_the_library_loaded_it_wins_over_group_additivity
test/test_argon_cation_buildtime.py::test_at_build_time_with_the_reference_deck_argon_is_refused_loudly
  <string>:52269: DeprecationWarning: invalid escape sequence \D

test/test_argon_cation_thermo.py::test_every_electron_entry_in_this_database_prices_the_electron_at_zero
test/test_argon_cation_thermo.py::test_without_this_library_the_species_is_refused
test/test_argon_cation_buildtime.py::test_at_build_time_with_the_library_loaded_it_wins_over_group_additivity
test/test_argon_cation_buildtime.py::test_at_build_time_with_the_reference_deck_argon_is_refused_loudly
  <string>:52295: DeprecationWarning: invalid escape sequence \D

test/test_argon_cation_thermo.py::test_every_electron_entry_in_this_database_prices_the_electron_at_zero
test/test_argon_cation_thermo.py::test_without_this_library_the_species_is_refused
test/test_argon_cation_buildtime.py::test_at_build_time_with_the_library_loaded_it_wins_over_group_additivity
test/test_argon_cation_buildtime.py::test_at_build_time_with_the_reference_deck_argon_is_refused_loudly
  <string>:52359: DeprecationWarning: invalid escape sequence \D

test/test_argon_cation_thermo.py::test_every_electron_entry_in_this_database_prices_the_electron_at_zero
test/test_argon_cation_thermo.py::test_without_this_library_the_species_is_refused
test/test_argon_cation_buildtime.py::test_at_build_time_with_the_library_loaded_it_wins_over_group_additivity
test/test_argon_cation_buildtime.py::test_at_build_time_with_the_reference_deck_argon_is_refused_loudly
  <string>:52384: DeprecationWarning: invalid escape sequence \D

test/test_argon_cation_thermo.py::test_every_electron_entry_in_this_database_prices_the_electron_at_zero
test/test_argon_cation_thermo.py::test_without_this_library_the_species_is_refused
test/test_argon_cation_buildtime.py::test_at_build_time_with_the_library_loaded_it_wins_over_group_additivity
test/test_argon_cation_buildtime.py::test_at_build_time_with_the_reference_deck_argon_is_refused_loudly
  <string>:52461: DeprecationWarning: invalid escape sequence \D

test/test_argon_cation_thermo.py::test_every_electron_entry_in_this_database_prices_the_electron_at_zero
test/test_argon_cation_thermo.py::test_without_this_library_the_species_is_refused
test/test_argon_cation_buildtime.py::test_at_build_time_with_the_library_loaded_it_wins_over_group_additivity
test/test_argon_cation_buildtime.py::test_at_build_time_with_the_reference_deck_argon_is_refused_loudly
  <string>:22378: DeprecationWarning: invalid escape sequence \D

test/test_argon_cation_thermo.py::test_every_electron_entry_in_this_database_prices_the_electron_at_zero
test/test_argon_cation_thermo.py::test_without_this_library_the_species_is_refused
test/test_argon_cation_buildtime.py::test_at_build_time_with_the_library_loaded_it_wins_over_group_additivity
test/test_argon_cation_buildtime.py::test_at_build_time_with_the_reference_deck_argon_is_refused_loudly
  <string>:22405: DeprecationWarning: invalid escape sequence \D

test/test_argon_cation_thermo.py::test_every_electron_entry_in_this_database_prices_the_electron_at_zero
test/test_argon_cation_thermo.py::test_without_this_library_the_species_is_refused
test/test_argon_cation_buildtime.py::test_at_build_time_with_the_library_loaded_it_wins_over_group_additivity
test/test_argon_cation_buildtime.py::test_at_build_time_with_the_reference_deck_argon_is_refused_loudly
  <string>:22458: DeprecationWarning: invalid escape sequence \D

test/test_argon_cation_thermo.py::test_every_electron_entry_in_this_database_prices_the_electron_at_zero
test/test_argon_cation_thermo.py::test_without_this_library_the_species_is_refused
test/test_argon_cation_buildtime.py::test_at_build_time_with_the_library_loaded_it_wins_over_group_additivity
test/test_argon_cation_buildtime.py::test_at_build_time_with_the_reference_deck_argon_is_refused_loudly
  <string>:22486: DeprecationWarning: invalid escape sequence \D

test/test_argon_cation_thermo.py::test_every_electron_entry_in_this_database_prices_the_electron_at_zero
test/test_argon_cation_thermo.py::test_without_this_library_the_species_is_refused
test/test_argon_cation_buildtime.py::test_at_build_time_with_the_library_loaded_it_wins_over_group_additivity
test/test_argon_cation_buildtime.py::test_at_build_time_with_the_reference_deck_argon_is_refused_loudly
  <string>:22515: DeprecationWarning: invalid escape sequence \D

test/test_argon_cation_thermo.py::test_every_electron_entry_in_this_database_prices_the_electron_at_zero
test/test_argon_cation_thermo.py::test_without_this_library_the_species_is_refused
test/test_argon_cation_buildtime.py::test_at_build_time_with_the_library_loaded_it_wins_over_group_additivity
test/test_argon_cation_buildtime.py::test_at_build_time_with_the_reference_deck_argon_is_refused_loudly
  <string>:22545: DeprecationWarning: invalid escape sequence \D

test/test_argon_cation_thermo.py::test_every_electron_entry_in_this_database_prices_the_electron_at_zero
test/test_argon_cation_thermo.py::test_without_this_library_the_species_is_refused
test/test_argon_cation_buildtime.py::test_at_build_time_with_the_library_loaded_it_wins_over_group_additivity
test/test_argon_cation_buildtime.py::test_at_build_time_with_the_reference_deck_argon_is_refused_loudly
  <string>:22574: DeprecationWarning: invalid escape sequence \D

test/test_argon_cation_thermo.py::test_every_electron_entry_in_this_database_prices_the_electron_at_zero
test/test_argon_cation_thermo.py::test_without_this_library_the_species_is_refused
test/test_argon_cation_buildtime.py::test_at_build_time_with_the_library_loaded_it_wins_over_group_additivity
test/test_argon_cation_buildtime.py::test_at_build_time_with_the_reference_deck_argon_is_refused_loudly
  <string>:22602: DeprecationWarning: invalid escape sequence \D

test/test_argon_cation_thermo.py::test_every_electron_entry_in_this_database_prices_the_electron_at_zero
test/test_argon_cation_thermo.py::test_without_this_library_the_species_is_refused
test/test_argon_cation_buildtime.py::test_at_build_time_with_the_library_loaded_it_wins_over_group_additivity
test/test_argon_cation_buildtime.py::test_at_build_time_with_the_reference_deck_argon_is_refused_loudly
  <string>:22631: DeprecationWarning: invalid escape sequence \D

test/test_argon_cation_thermo.py::test_every_electron_entry_in_this_database_prices_the_electron_at_zero
test/test_argon_cation_thermo.py::test_without_this_library_the_species_is_refused
test/test_argon_cation_buildtime.py::test_at_build_time_with_the_library_loaded_it_wins_over_group_additivity
test/test_argon_cation_buildtime.py::test_at_build_time_with_the_reference_deck_argon_is_refused_loudly
  <string>:23066: DeprecationWarning: invalid escape sequence \D

test/test_argon_cation_thermo.py::test_every_electron_entry_in_this_database_prices_the_electron_at_zero
test/test_argon_cation_thermo.py::test_without_this_library_the_species_is_refused
test/test_argon_cation_buildtime.py::test_at_build_time_with_the_library_loaded_it_wins_over_group_additivity
test/test_argon_cation_buildtime.py::test_at_build_time_with_the_reference_deck_argon_is_refused_loudly
  <string>:23095: DeprecationWarning: invalid escape sequence \D

test/test_argon_cation_thermo.py::test_every_electron_entry_in_this_database_prices_the_electron_at_zero
test/test_argon_cation_thermo.py::test_without_this_library_the_species_is_refused
test/test_argon_cation_buildtime.py::test_at_build_time_with_the_library_loaded_it_wins_over_group_additivity
test/test_argon_cation_buildtime.py::test_at_build_time_with_the_reference_deck_argon_is_refused_loudly
  <string>:23125: DeprecationWarning: invalid escape sequence \D

test/test_argon_cation_thermo.py::test_every_electron_entry_in_this_database_prices_the_electron_at_zero
test/test_argon_cation_thermo.py::test_without_this_library_the_species_is_refused
test/test_argon_cation_buildtime.py::test_at_build_time_with_the_library_loaded_it_wins_over_group_additivity
test/test_argon_cation_buildtime.py::test_at_build_time_with_the_reference_deck_argon_is_refused_loudly
  <string>:23156: DeprecationWarning: invalid escape sequence \D

test/test_argon_cation_thermo.py::test_every_electron_entry_in_this_database_prices_the_electron_at_zero
test/test_argon_cation_thermo.py::test_without_this_library_the_species_is_refused
test/test_argon_cation_buildtime.py::test_at_build_time_with_the_library_loaded_it_wins_over_group_additivity
test/test_argon_cation_buildtime.py::test_at_build_time_with_the_reference_deck_argon_is_refused_loudly
  <string>:23186: DeprecationWarning: invalid escape sequence \D

test/test_argon_cation_thermo.py::test_every_electron_entry_in_this_database_prices_the_electron_at_zero
test/test_argon_cation_thermo.py::test_without_this_library_the_species_is_refused
test/test_argon_cation_buildtime.py::test_at_build_time_with_the_library_loaded_it_wins_over_group_additivity
test/test_argon_cation_buildtime.py::test_at_build_time_with_the_reference_deck_argon_is_refused_loudly
  <string>:23214: DeprecationWarning: invalid escape sequence \D

test/test_argon_cation_thermo.py::test_every_electron_entry_in_this_database_prices_the_electron_at_zero
test/test_argon_cation_thermo.py::test_without_this_library_the_species_is_refused
test/test_argon_cation_buildtime.py::test_at_build_time_with_the_library_loaded_it_wins_over_group_additivity
test/test_argon_cation_buildtime.py::test_at_build_time_with_the_reference_deck_argon_is_refused_loudly
  <string>:23242: DeprecationWarning: invalid escape sequence \D

test/test_argon_cation_thermo.py::test_every_electron_entry_in_this_database_prices_the_electron_at_zero
test/test_argon_cation_thermo.py::test_without_this_library_the_species_is_refused
test/test_argon_cation_buildtime.py::test_at_build_time_with_the_library_loaded_it_wins_over_group_additivity
test/test_argon_cation_buildtime.py::test_at_build_time_with_the_reference_deck_argon_is_refused_loudly
  <string>:23479: DeprecationWarning: invalid escape sequence \D

test/test_argon_cation_thermo.py::test_every_electron_entry_in_this_database_prices_the_electron_at_zero
test/test_argon_cation_thermo.py::test_without_this_library_the_species_is_refused
test/test_argon_cation_buildtime.py::test_at_build_time_with_the_library_loaded_it_wins_over_group_additivity
test/test_argon_cation_buildtime.py::test_at_build_time_with_the_reference_deck_argon_is_refused_loudly
  <string>:23508: DeprecationWarning: invalid escape sequence \D

test/test_argon_cation_thermo.py::test_every_electron_entry_in_this_database_prices_the_electron_at_zero
test/test_argon_cation_thermo.py::test_without_this_library_the_species_is_refused
test/test_argon_cation_buildtime.py::test_at_build_time_with_the_library_loaded_it_wins_over_group_additivity
test/test_argon_cation_buildtime.py::test_at_build_time_with_the_reference_deck_argon_is_refused_loudly
  <string>:23537: DeprecationWarning: invalid escape sequence \D

test/test_argon_cation_thermo.py::test_every_electron_entry_in_this_database_prices_the_electron_at_zero
test/test_argon_cation_thermo.py::test_without_this_library_the_species_is_refused
test/test_argon_cation_buildtime.py::test_at_build_time_with_the_library_loaded_it_wins_over_group_additivity
test/test_argon_cation_buildtime.py::test_at_build_time_with_the_reference_deck_argon_is_refused_loudly
  <string>:24531: DeprecationWarning: invalid escape sequence \D

test/test_argon_cation_thermo.py::test_every_electron_entry_in_this_database_prices_the_electron_at_zero
test/test_argon_cation_thermo.py::test_without_this_library_the_species_is_refused
test/test_argon_cation_buildtime.py::test_at_build_time_with_the_library_loaded_it_wins_over_group_additivity
test/test_argon_cation_buildtime.py::test_at_build_time_with_the_reference_deck_argon_is_refused_loudly
  <string>:24668: DeprecationWarning: invalid escape sequence \D

test/test_argon_cation_thermo.py::test_every_electron_entry_in_this_database_prices_the_electron_at_zero
test/test_argon_cation_thermo.py::test_without_this_library_the_species_is_refused
test/test_argon_cation_buildtime.py::test_at_build_time_with_the_library_loaded_it_wins_over_group_additivity
test/test_argon_cation_buildtime.py::test_at_build_time_with_the_reference_deck_argon_is_refused_loudly
  <string>:24742: DeprecationWarning: invalid escape sequence \D

test/test_argon_cation_thermo.py::test_every_electron_entry_in_this_database_prices_the_electron_at_zero
test/test_argon_cation_thermo.py::test_without_this_library_the_species_is_refused
test/test_argon_cation_buildtime.py::test_at_build_time_with_the_library_loaded_it_wins_over_group_additivity
test/test_argon_cation_buildtime.py::test_at_build_time_with_the_reference_deck_argon_is_refused_loudly
  <string>:24769: DeprecationWarning: invalid escape sequence \D

test/test_argon_cation_thermo.py::test_every_electron_entry_in_this_database_prices_the_electron_at_zero
test/test_argon_cation_thermo.py::test_without_this_library_the_species_is_refused
test/test_argon_cation_buildtime.py::test_at_build_time_with_the_library_loaded_it_wins_over_group_additivity
test/test_argon_cation_buildtime.py::test_at_build_time_with_the_reference_deck_argon_is_refused_loudly
  <string>:24798: DeprecationWarning: invalid escape sequence \D

test/test_argon_cation_thermo.py::test_every_electron_entry_in_this_database_prices_the_electron_at_zero
test/test_argon_cation_thermo.py::test_without_this_library_the_species_is_refused
test/test_argon_cation_buildtime.py::test_at_build_time_with_the_library_loaded_it_wins_over_group_additivity
test/test_argon_cation_buildtime.py::test_at_build_time_with_the_reference_deck_argon_is_refused_loudly
  <string>:26751: DeprecationWarning: invalid escape sequence \D

test/test_argon_cation_thermo.py::test_every_electron_entry_in_this_database_prices_the_electron_at_zero
test/test_argon_cation_thermo.py::test_without_this_library_the_species_is_refused
test/test_argon_cation_buildtime.py::test_at_build_time_with_the_library_loaded_it_wins_over_group_additivity
test/test_argon_cation_buildtime.py::test_at_build_time_with_the_reference_deck_argon_is_refused_loudly
  <string>:26779: DeprecationWarning: invalid escape sequence \D

test/test_argon_cation_thermo.py::test_every_electron_entry_in_this_database_prices_the_electron_at_zero
test/test_argon_cation_thermo.py::test_without_this_library_the_species_is_refused
test/test_argon_cation_buildtime.py::test_at_build_time_with_the_library_loaded_it_wins_over_group_additivity
test/test_argon_cation_buildtime.py::test_at_build_time_with_the_reference_deck_argon_is_refused_loudly
  <string>:33222: DeprecationWarning: invalid escape sequence \D

test/test_argon_cation_thermo.py::test_every_electron_entry_in_this_database_prices_the_electron_at_zero
test/test_argon_cation_thermo.py::test_without_this_library_the_species_is_refused
test/test_argon_cation_buildtime.py::test_at_build_time_with_the_library_loaded_it_wins_over_group_additivity
test/test_argon_cation_buildtime.py::test_at_build_time_with_the_reference_deck_argon_is_refused_loudly
  <string>:33684: DeprecationWarning: invalid escape sequence \D

test/test_argon_cation_thermo.py::test_every_electron_entry_in_this_database_prices_the_electron_at_zero
test/test_argon_cation_thermo.py::test_without_this_library_the_species_is_refused
test/test_argon_cation_buildtime.py::test_at_build_time_with_the_library_loaded_it_wins_over_group_additivity
test/test_argon_cation_buildtime.py::test_at_build_time_with_the_reference_deck_argon_is_refused_loudly
  <string>:33736: DeprecationWarning: invalid escape sequence \D

test/test_argon_cation_thermo.py::test_every_electron_entry_in_this_database_prices_the_electron_at_zero
test/test_argon_cation_thermo.py::test_without_this_library_the_species_is_refused
test/test_argon_cation_buildtime.py::test_at_build_time_with_the_library_loaded_it_wins_over_group_additivity
test/test_argon_cation_buildtime.py::test_at_build_time_with_the_reference_deck_argon_is_refused_loudly
  <string>:33780: DeprecationWarning: invalid escape sequence \D

test/test_argon_cation_thermo.py::test_every_electron_entry_in_this_database_prices_the_electron_at_zero
test/test_argon_cation_thermo.py::test_without_this_library_the_species_is_refused
test/test_argon_cation_buildtime.py::test_at_build_time_with_the_library_loaded_it_wins_over_group_additivity
test/test_argon_cation_buildtime.py::test_at_build_time_with_the_reference_deck_argon_is_refused_loudly
  <string>:34311: DeprecationWarning: invalid escape sequence \D

test/test_argon_cation_thermo.py::test_every_electron_entry_in_this_database_prices_the_electron_at_zero
test/test_argon_cation_thermo.py::test_without_this_library_the_species_is_refused
test/test_argon_cation_buildtime.py::test_at_build_time_with_the_library_loaded_it_wins_over_group_additivity
test/test_argon_cation_buildtime.py::test_at_build_time_with_the_reference_deck_argon_is_refused_loudly
  <string>:34339: DeprecationWarning: invalid escape sequence \D

test/test_argon_cation_thermo.py::test_every_electron_entry_in_this_database_prices_the_electron_at_zero
test/test_argon_cation_thermo.py::test_without_this_library_the_species_is_refused
test/test_argon_cation_buildtime.py::test_at_build_time_with_the_library_loaded_it_wins_over_group_additivity
test/test_argon_cation_buildtime.py::test_at_build_time_with_the_reference_deck_argon_is_refused_loudly
  <string>:34368: DeprecationWarning: invalid escape sequence \D

test/test_argon_cation_thermo.py::test_every_electron_entry_in_this_database_prices_the_electron_at_zero
test/test_argon_cation_thermo.py::test_without_this_library_the_species_is_refused
test/test_argon_cation_buildtime.py::test_at_build_time_with_the_library_loaded_it_wins_over_group_additivity
test/test_argon_cation_buildtime.py::test_at_build_time_with_the_reference_deck_argon_is_refused_loudly
  <string>:34817: DeprecationWarning: invalid escape sequence \D

test/test_argon_cation_thermo.py::test_every_electron_entry_in_this_database_prices_the_electron_at_zero
test/test_argon_cation_thermo.py::test_without_this_library_the_species_is_refused
test/test_argon_cation_buildtime.py::test_at_build_time_with_the_library_loaded_it_wins_over_group_additivity
test/test_argon_cation_buildtime.py::test_at_build_time_with_the_reference_deck_argon_is_refused_loudly
  <string>:34845: DeprecationWarning: invalid escape sequence \D

test/test_argon_cation_thermo.py::test_every_electron_entry_in_this_database_prices_the_electron_at_zero
test/test_argon_cation_thermo.py::test_without_this_library_the_species_is_refused
test/test_argon_cation_buildtime.py::test_at_build_time_with_the_library_loaded_it_wins_over_group_additivity
test/test_argon_cation_buildtime.py::test_at_build_time_with_the_reference_deck_argon_is_refused_loudly
  <string>:34938: DeprecationWarning: invalid escape sequence \D

test/test_argon_cation_thermo.py::test_every_electron_entry_in_this_database_prices_the_electron_at_zero
test/test_argon_cation_thermo.py::test_without_this_library_the_species_is_refused
test/test_argon_cation_buildtime.py::test_at_build_time_with_the_library_loaded_it_wins_over_group_additivity
test/test_argon_cation_buildtime.py::test_at_build_time_with_the_reference_deck_argon_is_refused_loudly
  <string>:35231: DeprecationWarning: invalid escape sequence \D

test/test_argon_cation_thermo.py::test_every_electron_entry_in_this_database_prices_the_electron_at_zero
test/test_argon_cation_thermo.py::test_without_this_library_the_species_is_refused
test/test_argon_cation_buildtime.py::test_at_build_time_with_the_library_loaded_it_wins_over_group_additivity
test/test_argon_cation_buildtime.py::test_at_build_time_with_the_reference_deck_argon_is_refused_loudly
  <string>:35330: DeprecationWarning: invalid escape sequence \D

test/test_argon_cation_thermo.py::test_every_electron_entry_in_this_database_prices_the_electron_at_zero
test/test_argon_cation_thermo.py::test_without_this_library_the_species_is_refused
test/test_argon_cation_buildtime.py::test_at_build_time_with_the_library_loaded_it_wins_over_group_additivity
test/test_argon_cation_buildtime.py::test_at_build_time_with_the_reference_deck_argon_is_refused_loudly
  <string>:35376: DeprecationWarning: invalid escape sequence \D

test/test_argon_cation_thermo.py::test_every_electron_entry_in_this_database_prices_the_electron_at_zero
test/test_argon_cation_thermo.py::test_without_this_library_the_species_is_refused
test/test_argon_cation_buildtime.py::test_at_build_time_with_the_library_loaded_it_wins_over_group_additivity
test/test_argon_cation_buildtime.py::test_at_build_time_with_the_reference_deck_argon_is_refused_loudly
  <string>:36210: DeprecationWarning: invalid escape sequence \D

test/test_argon_cation_thermo.py::test_every_electron_entry_in_this_database_prices_the_electron_at_zero
test/test_argon_cation_thermo.py::test_without_this_library_the_species_is_refused
test/test_argon_cation_buildtime.py::test_at_build_time_with_the_library_loaded_it_wins_over_group_additivity
test/test_argon_cation_buildtime.py::test_at_build_time_with_the_reference_deck_argon_is_refused_loudly
  <string>:36236: DeprecationWarning: invalid escape sequence \D

test/test_argon_cation_thermo.py::test_every_electron_entry_in_this_database_prices_the_electron_at_zero
test/test_argon_cation_thermo.py::test_without_this_library_the_species_is_refused
test/test_argon_cation_buildtime.py::test_at_build_time_with_the_library_loaded_it_wins_over_group_additivity
test/test_argon_cation_buildtime.py::test_at_build_time_with_the_reference_deck_argon_is_refused_loudly
  <string>:36783: DeprecationWarning: invalid escape sequence \D

test/test_argon_cation_thermo.py::test_every_electron_entry_in_this_database_prices_the_electron_at_zero
test/test_argon_cation_thermo.py::test_without_this_library_the_species_is_refused
test/test_argon_cation_buildtime.py::test_at_build_time_with_the_library_loaded_it_wins_over_group_additivity
test/test_argon_cation_buildtime.py::test_at_build_time_with_the_reference_deck_argon_is_refused_loudly
  <string>:37597: DeprecationWarning: invalid escape sequence \D

test/test_argon_cation_thermo.py::test_every_electron_entry_in_this_database_prices_the_electron_at_zero
test/test_argon_cation_thermo.py::test_without_this_library_the_species_is_refused
test/test_argon_cation_buildtime.py::test_at_build_time_with_the_library_loaded_it_wins_over_group_additivity
test/test_argon_cation_buildtime.py::test_at_build_time_with_the_reference_deck_argon_is_refused_loudly
  <string>:40266: DeprecationWarning: invalid escape sequence \D

test/test_argon_cation_thermo.py::test_every_electron_entry_in_this_database_prices_the_electron_at_zero
test/test_argon_cation_thermo.py::test_without_this_library_the_species_is_refused
test/test_argon_cation_buildtime.py::test_at_build_time_with_the_library_loaded_it_wins_over_group_additivity
test/test_argon_cation_buildtime.py::test_at_build_time_with_the_reference_deck_argon_is_refused_loudly
  <string>:40293: DeprecationWarning: invalid escape sequence \D

test/test_argon_cation_thermo.py::test_every_electron_entry_in_this_database_prices_the_electron_at_zero
test/test_argon_cation_thermo.py::test_without_this_library_the_species_is_refused
test/test_argon_cation_buildtime.py::test_at_build_time_with_the_library_loaded_it_wins_over_group_additivity
test/test_argon_cation_buildtime.py::test_at_build_time_with_the_reference_deck_argon_is_refused_loudly
  <string>:40321: DeprecationWarning: invalid escape sequence \D

test/test_argon_cation_thermo.py::test_every_electron_entry_in_this_database_prices_the_electron_at_zero
test/test_argon_cation_thermo.py::test_without_this_library_the_species_is_refused
test/test_argon_cation_buildtime.py::test_at_build_time_with_the_library_loaded_it_wins_over_group_additivity
test/test_argon_cation_buildtime.py::test_at_build_time_with_the_reference_deck_argon_is_refused_loudly
  <string>:40350: DeprecationWarning: invalid escape sequence \D

test/test_argon_cation_thermo.py::test_every_electron_entry_in_this_database_prices_the_electron_at_zero
test/test_argon_cation_thermo.py::test_without_this_library_the_species_is_refused
test/test_argon_cation_buildtime.py::test_at_build_time_with_the_library_loaded_it_wins_over_group_additivity
test/test_argon_cation_buildtime.py::test_at_build_time_with_the_reference_deck_argon_is_refused_loudly
  <string>:40378: DeprecationWarning: invalid escape sequence \D

test/test_argon_cation_thermo.py::test_every_electron_entry_in_this_database_prices_the_electron_at_zero
test/test_argon_cation_thermo.py::test_without_this_library_the_species_is_refused
test/test_argon_cation_buildtime.py::test_at_build_time_with_the_library_loaded_it_wins_over_group_additivity
test/test_argon_cation_buildtime.py::test_at_build_time_with_the_reference_deck_argon_is_refused_loudly
  <string>:40405: DeprecationWarning: invalid escape sequence \D

test/test_argon_cation_thermo.py::test_every_electron_entry_in_this_database_prices_the_electron_at_zero
test/test_argon_cation_thermo.py::test_without_this_library_the_species_is_refused
test/test_argon_cation_buildtime.py::test_at_build_time_with_the_library_loaded_it_wins_over_group_additivity
test/test_argon_cation_buildtime.py::test_at_build_time_with_the_reference_deck_argon_is_refused_loudly
  <string>:40433: DeprecationWarning: invalid escape sequence \D

test/test_argon_cation_thermo.py::test_every_electron_entry_in_this_database_prices_the_electron_at_zero
test/test_argon_cation_thermo.py::test_without_this_library_the_species_is_refused
test/test_argon_cation_buildtime.py::test_at_build_time_with_the_library_loaded_it_wins_over_group_additivity
test/test_argon_cation_buildtime.py::test_at_build_time_with_the_reference_deck_argon_is_refused_loudly
  <string>:40458: DeprecationWarning: invalid escape sequence \D

test/test_argon_cation_thermo.py::test_every_electron_entry_in_this_database_prices_the_electron_at_zero
test/test_argon_cation_thermo.py::test_without_this_library_the_species_is_refused
test/test_argon_cation_buildtime.py::test_at_build_time_with_the_library_loaded_it_wins_over_group_additivity
test/test_argon_cation_buildtime.py::test_at_build_time_with_the_reference_deck_argon_is_refused_loudly
  <string>:40484: DeprecationWarning: invalid escape sequence \D

test/test_argon_cation_thermo.py::test_every_electron_entry_in_this_database_prices_the_electron_at_zero
test/test_argon_cation_thermo.py::test_without_this_library_the_species_is_refused
test/test_argon_cation_buildtime.py::test_at_build_time_with_the_library_loaded_it_wins_over_group_additivity
test/test_argon_cation_buildtime.py::test_at_build_time_with_the_reference_deck_argon_is_refused_loudly
  <string>:40511: DeprecationWarning: invalid escape sequence \D

test/test_argon_cation_thermo.py::test_every_electron_entry_in_this_database_prices_the_electron_at_zero
test/test_argon_cation_thermo.py::test_without_this_library_the_species_is_refused
test/test_argon_cation_buildtime.py::test_at_build_time_with_the_library_loaded_it_wins_over_group_additivity
test/test_argon_cation_buildtime.py::test_at_build_time_with_the_reference_deck_argon_is_refused_loudly
  <string>:40537: DeprecationWarning: invalid escape sequence \D

test/test_argon_cation_thermo.py::test_every_electron_entry_in_this_database_prices_the_electron_at_zero
test/test_argon_cation_thermo.py::test_without_this_library_the_species_is_refused
test/test_argon_cation_buildtime.py::test_at_build_time_with_the_library_loaded_it_wins_over_group_additivity
test/test_argon_cation_buildtime.py::test_at_build_time_with_the_reference_deck_argon_is_refused_loudly
  <string>:41052: DeprecationWarning: invalid escape sequence \D

test/test_argon_cation_thermo.py::test_every_electron_entry_in_this_database_prices_the_electron_at_zero
test/test_argon_cation_thermo.py::test_without_this_library_the_species_is_refused
test/test_argon_cation_buildtime.py::test_at_build_time_with_the_library_loaded_it_wins_over_group_additivity
test/test_argon_cation_buildtime.py::test_at_build_time_with_the_reference_deck_argon_is_refused_loudly
  <string>:41160: DeprecationWarning: invalid escape sequence \D

test/test_argon_cation_thermo.py::test_every_electron_entry_in_this_database_prices_the_electron_at_zero
test/test_argon_cation_thermo.py::test_without_this_library_the_species_is_refused
test/test_argon_cation_buildtime.py::test_at_build_time_with_the_library_loaded_it_wins_over_group_additivity
test/test_argon_cation_buildtime.py::test_at_build_time_with_the_reference_deck_argon_is_refused_loudly
  <string>:41225: DeprecationWarning: invalid escape sequence \D

test/test_argon_cation_thermo.py::test_every_electron_entry_in_this_database_prices_the_electron_at_zero
test/test_argon_cation_thermo.py::test_without_this_library_the_species_is_refused
test/test_argon_cation_buildtime.py::test_at_build_time_with_the_library_loaded_it_wins_over_group_additivity
test/test_argon_cation_buildtime.py::test_at_build_time_with_the_reference_deck_argon_is_refused_loudly
  <string>:41874: DeprecationWarning: invalid escape sequence \D

test/test_argon_cation_thermo.py::test_every_electron_entry_in_this_database_prices_the_electron_at_zero
test/test_argon_cation_thermo.py::test_without_this_library_the_species_is_refused
test/test_argon_cation_buildtime.py::test_at_build_time_with_the_library_loaded_it_wins_over_group_additivity
test/test_argon_cation_buildtime.py::test_at_build_time_with_the_reference_deck_argon_is_refused_loudly
  <string>:44422: DeprecationWarning: invalid escape sequence \D

test/test_argon_cation_thermo.py::test_every_electron_entry_in_this_database_prices_the_electron_at_zero
test/test_argon_cation_thermo.py::test_without_this_library_the_species_is_refused
test/test_argon_cation_buildtime.py::test_at_build_time_with_the_library_loaded_it_wins_over_group_additivity
test/test_argon_cation_buildtime.py::test_at_build_time_with_the_reference_deck_argon_is_refused_loudly
  <string>:44449: DeprecationWarning: invalid escape sequence \D

test/test_argon_cation_thermo.py::test_every_electron_entry_in_this_database_prices_the_electron_at_zero
test/test_argon_cation_thermo.py::test_without_this_library_the_species_is_refused
test/test_argon_cation_buildtime.py::test_at_build_time_with_the_library_loaded_it_wins_over_group_additivity
test/test_argon_cation_buildtime.py::test_at_build_time_with_the_reference_deck_argon_is_refused_loudly
  <string>:44476: DeprecationWarning: invalid escape sequence \D

test/test_argon_cation_thermo.py::test_every_electron_entry_in_this_database_prices_the_electron_at_zero
test/test_argon_cation_thermo.py::test_without_this_library_the_species_is_refused
test/test_argon_cation_buildtime.py::test_at_build_time_with_the_library_loaded_it_wins_over_group_additivity
test/test_argon_cation_buildtime.py::test_at_build_time_with_the_reference_deck_argon_is_refused_loudly
  <string>:49272: DeprecationWarning: invalid escape sequence \D

test/test_argon_cation_thermo.py::test_every_electron_entry_in_this_database_prices_the_electron_at_zero
test/test_argon_cation_thermo.py::test_without_this_library_the_species_is_refused
test/test_argon_cation_buildtime.py::test_at_build_time_with_the_library_loaded_it_wins_over_group_additivity
test/test_argon_cation_buildtime.py::test_at_build_time_with_the_reference_deck_argon_is_refused_loudly
  <string>:50344: DeprecationWarning: invalid escape sequence \D

test/test_argon_cation_thermo.py::test_every_electron_entry_in_this_database_prices_the_electron_at_zero
test/test_argon_cation_thermo.py::test_without_this_library_the_species_is_refused
test/test_argon_cation_buildtime.py::test_at_build_time_with_the_library_loaded_it_wins_over_group_additivity
test/test_argon_cation_buildtime.py::test_at_build_time_with_the_reference_deck_argon_is_refused_loudly
  <string>:50369: DeprecationWarning: invalid escape sequence \D

test/test_argon_cation_thermo.py::test_every_electron_entry_in_this_database_prices_the_electron_at_zero
test/test_argon_cation_thermo.py::test_without_this_library_the_species_is_refused
test/test_argon_cation_buildtime.py::test_at_build_time_with_the_library_loaded_it_wins_over_group_additivity
test/test_argon_cation_buildtime.py::test_at_build_time_with_the_reference_deck_argon_is_refused_loudly
  <string>:50397: DeprecationWarning: invalid escape sequence \D

test/test_argon_cation_thermo.py::test_every_electron_entry_in_this_database_prices_the_electron_at_zero
test/test_argon_cation_thermo.py::test_without_this_library_the_species_is_refused
test/test_argon_cation_buildtime.py::test_at_build_time_with_the_library_loaded_it_wins_over_group_additivity
test/test_argon_cation_buildtime.py::test_at_build_time_with_the_reference_deck_argon_is_refused_loudly
  <string>:50424: DeprecationWarning: invalid escape sequence \D

test/test_argon_cation_thermo.py::test_every_electron_entry_in_this_database_prices_the_electron_at_zero
test/test_argon_cation_thermo.py::test_without_this_library_the_species_is_refused
test/test_argon_cation_buildtime.py::test_at_build_time_with_the_library_loaded_it_wins_over_group_additivity
test/test_argon_cation_buildtime.py::test_at_build_time_with_the_reference_deck_argon_is_refused_loudly
  <string>:50450: DeprecationWarning: invalid escape sequence \D

test/test_argon_cation_thermo.py::test_every_electron_entry_in_this_database_prices_the_electron_at_zero
test/test_argon_cation_thermo.py::test_without_this_library_the_species_is_refused
test/test_argon_cation_buildtime.py::test_at_build_time_with_the_library_loaded_it_wins_over_group_additivity
test/test_argon_cation_buildtime.py::test_at_build_time_with_the_reference_deck_argon_is_refused_loudly
  <string>:50610: DeprecationWarning: invalid escape sequence \D

test/test_argon_cation_thermo.py::test_every_electron_entry_in_this_database_prices_the_electron_at_zero
test/test_argon_cation_thermo.py::test_without_this_library_the_species_is_refused
test/test_argon_cation_buildtime.py::test_at_build_time_with_the_library_loaded_it_wins_over_group_additivity
test/test_argon_cation_buildtime.py::test_at_build_time_with_the_reference_deck_argon_is_refused_loudly
  <string>:50636: DeprecationWarning: invalid escape sequence \D

test/test_argon_cation_thermo.py::test_every_electron_entry_in_this_database_prices_the_electron_at_zero
test/test_argon_cation_thermo.py::test_without_this_library_the_species_is_refused
test/test_argon_cation_buildtime.py::test_at_build_time_with_the_library_loaded_it_wins_over_group_additivity
test/test_argon_cation_buildtime.py::test_at_build_time_with_the_reference_deck_argon_is_refused_loudly
  <string>:50663: DeprecationWarning: invalid escape sequence \D

test/test_argon_cation_thermo.py::test_every_electron_entry_in_this_database_prices_the_electron_at_zero
test/test_argon_cation_thermo.py::test_without_this_library_the_species_is_refused
test/test_argon_cation_buildtime.py::test_at_build_time_with_the_library_loaded_it_wins_over_group_additivity
test/test_argon_cation_buildtime.py::test_at_build_time_with_the_reference_deck_argon_is_refused_loudly
  <string>:50689: DeprecationWarning: invalid escape sequence \D

test/test_argon_cation_thermo.py::test_every_electron_entry_in_this_database_prices_the_electron_at_zero
test/test_argon_cation_thermo.py::test_without_this_library_the_species_is_refused
test/test_argon_cation_buildtime.py::test_at_build_time_with_the_library_loaded_it_wins_over_group_additivity
test/test_argon_cation_buildtime.py::test_at_build_time_with_the_reference_deck_argon_is_refused_loudly
  <string>:50716: DeprecationWarning: invalid escape sequence \D

test/test_argon_cation_thermo.py::test_every_electron_entry_in_this_database_prices_the_electron_at_zero
test/test_argon_cation_thermo.py::test_without_this_library_the_species_is_refused
test/test_argon_cation_buildtime.py::test_at_build_time_with_the_library_loaded_it_wins_over_group_additivity
test/test_argon_cation_buildtime.py::test_at_build_time_with_the_reference_deck_argon_is_refused_loudly
  <string>:50984: DeprecationWarning: invalid escape sequence \D

test/test_argon_cation_thermo.py::test_every_electron_entry_in_this_database_prices_the_electron_at_zero
test/test_argon_cation_thermo.py::test_without_this_library_the_species_is_refused
test/test_argon_cation_buildtime.py::test_at_build_time_with_the_library_loaded_it_wins_over_group_additivity
test/test_argon_cation_buildtime.py::test_at_build_time_with_the_reference_deck_argon_is_refused_loudly
  <string>:51613: DeprecationWarning: invalid escape sequence \D

test/test_argon_cation_thermo.py::test_every_electron_entry_in_this_database_prices_the_electron_at_zero
test/test_argon_cation_thermo.py::test_without_this_library_the_species_is_refused
test/test_argon_cation_buildtime.py::test_at_build_time_with_the_library_loaded_it_wins_over_group_additivity
test/test_argon_cation_buildtime.py::test_at_build_time_with_the_reference_deck_argon_is_refused_loudly
  <string>:51732: DeprecationWarning: invalid escape sequence \D

test/test_argon_cation_thermo.py::test_every_electron_entry_in_this_database_prices_the_electron_at_zero
test/test_argon_cation_thermo.py::test_without_this_library_the_species_is_refused
test/test_argon_cation_buildtime.py::test_at_build_time_with_the_library_loaded_it_wins_over_group_additivity
test/test_argon_cation_buildtime.py::test_at_build_time_with_the_reference_deck_argon_is_refused_loudly
  <string>:51756: DeprecationWarning: invalid escape sequence \D

-- Docs: https://docs.pytest.org/en/stable/how-to/capture-warnings.html
70 passed, 568 warnings in 25.51s
