cwd                 = /home/alon/Code/RMG-Py-plasma
engine              = /home/alon/Code/RMG-Py-plasma
database.directory  = /home/alon/Code/RMG-database-plasma/input
family loaded from  = /home/alon/Code/RMG-database-i223-charge-transfer-node-repair/docs/i154-carry-chemistry/held-back/Plasma_Charge_Transfer
I223_FAMILY_ROOT    = (unset -- the default above)

NOTE: database.directory above points at a DIFFERENT worktree -- the engine's rmgrc
decides it and this probe never uses it. The family is loaded from the explicit path
on the line above. Stated because a reader checking provenance will notice.

recipe              = [['GAIN_RADICAL', '*1', 1], ['GAIN_RADICAL', '*2', 1], ['LOSE_PAIR', '*2', 1]]
root A (*1)         = LogicNode OR{H_cation, O_cation, Metal_cation, N_atom_ion}
root B (*2)         = 1 *2 [H,O,N] u[0,1] p[1,2,3,4] c[0,-1,-2,-3,-4]
forbidden groups    = ['excited_O2_cation', 'like_charge_transfer_star1', 'like_charge_transfer_star2']
training entries    = 16  [1, 3, 4, 6, 7, 8, 10, 11, 15, 18, 23, 24, 25, 26, 27, 28]

====================================================================================================
PART 1 -- driving the family over its own training species.
====================================================================================================
14 distinct reactants -> 105 unordered pairs.
  N#N|+0, [Ca+]|+1, [H+]|+1, [H-]|-1, [K+]|+1, [Li+]|+1, [Mg+]|+1, [N+]|+1, [Na+]|+1, [O+]|+1, [O-]|-1, [OH+]|+1, [OH-]|-1, [O][O+]|+1

crashes                       : 6
    [Ca+]|+1 + [O-]|-1: UndeterminableKineticsError
    [Ca+]|+1 + [O][O+]|+1: UndeterminableKineticsError
    [Mg+]|+1 + [O-]|-1: UndeterminableKineticsError
    [Mg+]|+1 + [O][O+]|+1: UndeterminableKineticsError
    [O+]|+1 + [O-]|-1: AtomTypeError
    [O+]|+1 + [O][O+]|+1: AtomTypeError
reactions generated           : 47
like-charge reactant pairs    : 0
training entries reproduced   : 15 of 16  [1, 3, 4, 6, 8, 10, 11, 15, 18, 23, 24, 25, 26, 27, 28]
training entries WRONG        : 0  []
training entries not generated: 1  [7]

====================================================================================================
PART 2 -- reactions beyond the training set. Not errors; a family generalises.
====================================================================================================
22 distinct, of 47 generated. First 20:
   N#N + [Ca+] -> [Ca] + N#[N+]
   N#N + [H+] -> [H] + N#[N+]
   N#N + [K+] -> [K] + N#[N+]
   N#N + [Li+] -> [Li] + N#[N+]
   N#N + [Mg+] -> [Mg] + N#[N+]
   N#N + [Na+] -> [Na] + N#[N+]
   N#N + [OH+] -> [OH] + N#[N+]
   [H-] + [N+] -> [N] + [H]
   [H-] + [OH+] -> [OH] + [H]
   [O-] + [K+] -> [K] + [O]
   [O-] + [Li+] -> [Li] + [O]
   [O-] + [N+] -> [N] + [O]
   [O-] + [Na+] -> [Na] + [O]
   [O-] + [OH+] -> [OH] + [O]
   [OH-] + [Ca+] -> [Ca] + [OH]
   [OH-] + [H+] -> [H] + [OH]
   [OH-] + [K+] -> [K] + [OH]
   [OH-] + [Li+] -> [Li] + [OH]
   [OH-] + [Mg+] -> [Mg] + [OH]
   [OH-] + [N+] -> [N] + [OH]

====================================================================================================
SUMMARY
====================================================================================================
  before this change (charge-only recipe) : 0 reactions
  after                                   : 47 reactions
  crashes                                 : 6
  training entries reproduced correctly   : 15 of 16
  training entries reproduced wrongly     : 0
  like-charge reactions surviving         : 0

What this probe could NOT reach:
  - Species outside the training set. A root safe over these 14 is not proven safe
    over every molecule a real mechanism contains.
  - Rate correctness. That is the source audits, and they are untouched by this change.
  - The reverse family, which does not exist in this repository.

VERDICT: NOT clean -- crashes 6, wrong 0, unreproduced 1, total 47.
exit status: 1
