[17:30:59] WARNING: not removing hydrogen atom without neighbors
[17:30:59] WARNING: not removing hydrogen atom without neighbors
ERROR:root:Could not update atomtypes for this molecule:
multiplicity -187
1 *1 O u2 p1 c0 {2,S} {3,S}
2    H u0 p0 c0 {1,S}
3    H u0 p0 c0 {1,S}

ERROR:root:Could not update atomtypes for this molecule:
multiplicity -187
1 *1 O u2 p1 c0 {2,S} {3,S}
2    H u0 p0 c0 {1,S}
3    H u0 p0 c0 {1,S}

ERROR:root:Could not update atomtypes for this molecule:
multiplicity -187
1 *1 O u2 p1 c0 {2,S} {3,S}
2    H u0 p0 c0 {1,S}
3    H u0 p0 c0 {1,S}

ERROR:root:Could not update atomtypes for this molecule:
multiplicity -187
1 *1 O u2 p1 c0 {2,S} {3,S}
2    H u0 p0 c0 {1,S}
3    H u0 p0 c0 {1,S}

ERROR:root:Could not update atomtypes for this molecule:
multiplicity -187
1    N u0 p1 c0 {2,T}
2 *1 O u1 p1 c0 {1,T}

ERROR:root:Could not update atomtypes for this molecule:
multiplicity -187
1    N u0 p1 c0 {2,T}
2 *1 O u1 p1 c0 {1,T}

ERROR:root:Could not update atomtypes for this molecule:
multiplicity -187
1    N u0 p1 c0 {2,T}
2 *1 O u1 p1 c0 {1,T}

ERROR:root:Could not update atomtypes for this molecule:
multiplicity -187
1    N u0 p1 c0 {2,T}
2 *1 O u1 p1 c0 {1,T}

ERROR:root:Could not update atomtypes for this molecule:
multiplicity -187
1    N u0 p1 c0 {2,T}
2 *1 O u1 p1 c0 {1,T}

ERROR:root:Could not update atomtypes for this molecule:
multiplicity -187
1    N u0 p1 c0 {2,T}
2 *1 O u1 p1 c0 {1,T}

[17:30:59] WARNING: not removing hydrogen atom without neighbors
[17:30:59] WARNING: not removing hydrogen atom without neighbors
[17:30:59] WARNING: not removing hydrogen atom without neighbors
