corpus = 22344 species in 14s
declared entries = 27  (15 active + 12 set aside)

====================================================================================================
PART 0 -- N+ on its own terms, before any root is changed
====================================================================================================
entry 18 = [N+] + N#N -> N#[N+] + [N]
  charged atom in [N+]: N u2 p1 c+1   atomtype = N3sc

The committed comment says N+ "would work perfectly well with this recipe". If the
atomtype above resolves, the only thing excluding it is the shape of root A.

====================================================================================================
CANDIDATE ROOTS FOR A, scored over all 27 entries and the 22344-species corpus
====================================================================================================
root A                                   right   wrong    e18 crash-pool  crash-A  c-back  like  rxns
-----------------------------------------------------------------------------------------------------
committed  [H,O,metal] ux p[0,2]            15       0     no          0        0       0     0    45
flat+N     [H,O,N,metal] ux p[0,1,2]        16       0    YES          0      638       1     0    50
OR{children}                                15       0     no          0        0       0     0    45
OR{children, N_atom_ion}                    16       0    YES          0        0       0     0    50

====================================================================================================
WHICH ENTRIES EACH CANDIDATE REPRODUCES
====================================================================================================
  committed  [H,O,metal] ux p[0,2]
     active reproduced    : 15  [1, 3, 4, 6, 7, 8, 10, 11, 15, 23, 24, 25, 26, 27, 28]
     set-aside recovered  :  0  []
  flat+N     [H,O,N,metal] ux p[0,1,2]
     active reproduced    : 15  [1, 3, 4, 6, 7, 8, 10, 11, 15, 23, 24, 25, 26, 27, 28]
     set-aside recovered  :  1  [18]
  OR{children}
     active reproduced    : 15  [1, 3, 4, 6, 7, 8, 10, 11, 15, 23, 24, 25, 26, 27, 28]
     set-aside recovered  :  0  []
  OR{children, N_atom_ion}
     active reproduced    : 15  [1, 3, 4, 6, 7, 8, 10, 11, 15, 23, 24, 25, 26, 27, 28]
     set-aside recovered  :  1  [18]

====================================================================================================
VERDICT
====================================================================================================
committed root reproduces 15; OR+N_atom_ion reproduces 16.
entries gained: [18]
crash counts   committed 0/0/0   OR+N 0/0/0  (pool / root-A / feedback)

CONFIRMED: the impossibility claim in groups.py is WRONG. Admitting N+ costs
nothing measurable and recovers [18].
exit status: 0
