INFO:root:Loading thermodynamics library from PlasmaCationThermo.py in /home/alon/Code/RMG-database-i223-charge-transfer-node-repair/input/thermo/libraries...
INFO:root:Loading thermodynamics library from LithiumAdditionalThermo.py in /home/alon/Code/RMG-database-i223-charge-transfer-node-repair/input/thermo/libraries...
INFO:root:Loading thermodynamics library from SulfurLibrary.py in /home/alon/Code/RMG-database-i223-charge-transfer-node-repair/input/thermo/libraries...
INFO:root:Loading thermodynamics library from halogens.py in /home/alon/Code/RMG-database-i223-charge-transfer-node-repair/input/thermo/libraries...
INFO:root:Loading thermodynamics library from CO2RR_Adsorbates_Cu111.py in /home/alon/Code/RMG-database-i223-charge-transfer-node-repair/input/thermo/libraries...
INFO:root:Loading thermodynamics library from primaryNS.py in /home/alon/Code/RMG-database-i223-charge-transfer-node-repair/input/thermo/libraries...
INFO:root:Loading thermodynamics library from CH.py in /home/alon/Code/RMG-database-i223-charge-transfer-node-repair/input/thermo/libraries...
INFO:root:Loading thermodynamics library from CHOFCl_G4.py in /home/alon/Code/RMG-database-i223-charge-transfer-node-repair/input/thermo/libraries...
INFO:root:Loading thermodynamics library from bio_oil.py in /home/alon/Code/RMG-database-i223-charge-transfer-node-repair/input/thermo/libraries...
INFO:root:Loading thermodynamics library from BurkeH2O2.py in /home/alon/Code/RMG-database-i223-charge-transfer-node-repair/input/thermo/libraries...
INFO:root:Loading thermodynamics library from CHO.py in /home/alon/Code/RMG-database-i223-charge-transfer-node-repair/input/thermo/libraries...
INFO:root:Loading thermodynamics library from SulfurHaynes.py in /home/alon/Code/RMG-database-i223-charge-transfer-node-repair/input/thermo/libraries...
INFO:root:Loading thermodynamics library from C3.py in /home/alon/Code/RMG-database-i223-charge-transfer-node-repair/input/thermo/libraries...
INFO:root:Loading thermodynamics library from CHOClBr_G4.py in /home/alon/Code/RMG-database-i223-charge-transfer-node-repair/input/thermo/libraries...
INFO:root:Loading thermodynamics library from JetSurF2.0.py in /home/alon/Code/RMG-database-i223-charge-transfer-node-repair/input/thermo/libraries...
INFO:root:Loading thermodynamics library from electrocatLiThermo.py in /home/alon/Code/RMG-database-i223-charge-transfer-node-repair/input/thermo/libraries...
INFO:root:Loading thermodynamics library from CHOBr_G4.py in /home/alon/Code/RMG-database-i223-charge-transfer-node-repair/input/thermo/libraries...
INFO:root:Loading thermodynamics library from LithiumPrimaryThermo.py in /home/alon/Code/RMG-database-i223-charge-transfer-node-repair/input/thermo/libraries...
INFO:root:Loading thermodynamics library from CHOF_G4.py in /home/alon/Code/RMG-database-i223-charge-transfer-node-repair/input/thermo/libraries...
INFO:root:Loading thermodynamics library from C10H11.py in /home/alon/Code/RMG-database-i223-charge-transfer-node-repair/input/thermo/libraries...
INFO:root:Loading thermodynamics library from SulfurGlarborgNS.py in /home/alon/Code/RMG-database-i223-charge-transfer-node-repair/input/thermo/libraries...
INFO:root:Loading thermodynamics library from Narayanaswamy.py in /home/alon/Code/RMG-database-i223-charge-transfer-node-repair/input/thermo/libraries...
INFO:root:Loading thermodynamics library from CBS_QB3_1dHR.py in /home/alon/Code/RMG-database-i223-charge-transfer-node-repair/input/thermo/libraries...
INFO:root:Loading thermodynamics library from NH3.py in /home/alon/Code/RMG-database-i223-charge-transfer-node-repair/input/thermo/libraries...
INFO:root:Loading thermodynamics library from SulfurGlarborgMarshall.py in /home/alon/Code/RMG-database-i223-charge-transfer-node-repair/input/thermo/libraries...
INFO:root:Loading thermodynamics library from CO2RR_Adsorbates_Ag111.py in /home/alon/Code/RMG-database-i223-charge-transfer-node-repair/input/thermo/libraries...
INFO:root:Loading thermodynamics library from CN.py in /home/alon/Code/RMG-database-i223-charge-transfer-node-repair/input/thermo/libraries...
INFO:root:Loading thermodynamics library from 2-BTP.py in /home/alon/Code/RMG-database-i223-charge-transfer-node-repair/input/thermo/libraries...
INFO:root:Loading thermodynamics library from surfaceThermoCovDepPt111.py in /home/alon/Code/RMG-database-i223-charge-transfer-node-repair/input/thermo/libraries...
INFO:root:Loading thermodynamics library from SulfurGlarborgH2S.py in /home/alon/Code/RMG-database-i223-charge-transfer-node-repair/input/thermo/libraries...
INFO:root:Loading thermodynamics library from Spiekermann_refining_elementary_reactions.py in /home/alon/Code/RMG-database-i223-charge-transfer-node-repair/input/thermo/libraries...
INFO:root:Loading thermodynamics library from CHOFBr_G4.py in /home/alon/Code/RMG-database-i223-charge-transfer-node-repair/input/thermo/libraries...
INFO:root:Loading thermodynamics library from iodinated_Hydrocarbons.py in /home/alon/Code/RMG-database-i223-charge-transfer-node-repair/input/thermo/libraries...
INFO:root:Loading thermodynamics library from FormicAcid.py in /home/alon/Code/RMG-database-i223-charge-transfer-node-repair/input/thermo/libraries...
INFO:root:Loading thermodynamics library from DFT_QCI_thermo.py in /home/alon/Code/RMG-database-i223-charge-transfer-node-repair/input/thermo/libraries...
INFO:root:Loading thermodynamics library from NISTThermoLibrary.py in /home/alon/Code/RMG-database-i223-charge-transfer-node-repair/input/thermo/libraries...
INFO:root:Loading thermodynamics library from primaryThermoLibrary.py in /home/alon/Code/RMG-database-i223-charge-transfer-node-repair/input/thermo/libraries...
INFO:root:Loading thermodynamics library from SulfurGlarborgBozzelli.py in /home/alon/Code/RMG-database-i223-charge-transfer-node-repair/input/thermo/libraries...
INFO:root:Loading thermodynamics library from Butadiene_Dimerization.py in /home/alon/Code/RMG-database-i223-charge-transfer-node-repair/input/thermo/libraries...
INFO:root:Loading thermodynamics library from naphthalene_H.py in /home/alon/Code/RMG-database-i223-charge-transfer-node-repair/input/thermo/libraries...
INFO:root:Loading thermodynamics library from Chernov.py in /home/alon/Code/RMG-database-i223-charge-transfer-node-repair/input/thermo/libraries...
INFO:root:Loading thermodynamics library from Chlorination.py in /home/alon/Code/RMG-database-i223-charge-transfer-node-repair/input/thermo/libraries...
INFO:root:Loading thermodynamics library from FFCM1(-).py in /home/alon/Code/RMG-database-i223-charge-transfer-node-repair/input/thermo/libraries...
INFO:root:Loading thermodynamics library from Fluorine.py in /home/alon/Code/RMG-database-i223-charge-transfer-node-repair/input/thermo/libraries...
INFO:root:Loading thermodynamics library from CHOCl_G4.py in /home/alon/Code/RMG-database-i223-charge-transfer-node-repair/input/thermo/libraries...
INFO:root:Loading thermodynamics library from Lai_Hexylbenzene.py in /home/alon/Code/RMG-database-i223-charge-transfer-node-repair/input/thermo/libraries...
INFO:root:Loading thermodynamics library from Fulvene_H.py in /home/alon/Code/RMG-database-i223-charge-transfer-node-repair/input/thermo/libraries...
INFO:root:Loading thermodynamics library from CHOFClBr_G4.py in /home/alon/Code/RMG-database-i223-charge-transfer-node-repair/input/thermo/libraries...
INFO:root:Loading thermodynamics library from USC-Mech-ii.py in /home/alon/Code/RMG-database-i223-charge-transfer-node-repair/input/thermo/libraries...
INFO:root:Loading thermodynamics library from GRI-Mech3.0.py in /home/alon/Code/RMG-database-i223-charge-transfer-node-repair/input/thermo/libraries...
INFO:root:Loading thermodynamics library from Klippenstein_Glarborg2016.py in /home/alon/Code/RMG-database-i223-charge-transfer-node-repair/input/thermo/libraries...
INFO:root:Loading thermodynamics library from s3_5_7_ane.py in /home/alon/Code/RMG-database-i223-charge-transfer-node-repair/input/thermo/libraries...
INFO:root:Loading thermodynamics library from Elliott_OOQOOH.py in /home/alon/Code/RMG-database-i223-charge-transfer-node-repair/input/thermo/libraries...
INFO:root:Loading thermodynamics library from LithiumPrimaryThermo2.py in /home/alon/Code/RMG-database-i223-charge-transfer-node-repair/input/thermo/libraries...
INFO:root:Loading thermodynamics library from surfaceThermoNi111.py in /home/alon/Code/RMG-database-i223-charge-transfer-node-repair/input/thermo/libraries...
INFO:root:Loading thermodynamics library from heavy_oil_ccsdtf12_1dHR.py in /home/alon/Code/RMG-database-i223-charge-transfer-node-repair/input/thermo/libraries...
INFO:root:Loading thermodynamics library from surfaceThermoLi.py in /home/alon/Code/RMG-database-i223-charge-transfer-node-repair/input/thermo/libraries...
INFO:root:Loading thermodynamics library from CurranPentane.py in /home/alon/Code/RMG-database-i223-charge-transfer-node-repair/input/thermo/libraries...
INFO:root:Loading thermodynamics library from CHON.py in /home/alon/Code/RMG-database-i223-charge-transfer-node-repair/input/thermo/libraries...
INFO:root:Loading thermodynamics library from NitrogenCurran.py in /home/alon/Code/RMG-database-i223-charge-transfer-node-repair/input/thermo/libraries...
INFO:root:Loading thermodynamics library from SABIC_aromatics_1dHR_extended.py in /home/alon/Code/RMG-database-i223-charge-transfer-node-repair/input/thermo/libraries...
INFO:root:Loading thermodynamics library from LithiumSurface.py in /home/alon/Code/RMG-database-i223-charge-transfer-node-repair/input/thermo/libraries...
INFO:root:Loading thermodynamics library from BurcatNS.py in /home/alon/Code/RMG-database-i223-charge-transfer-node-repair/input/thermo/libraries...
INFO:root:Loading thermodynamics library from electrocatThermo.py in /home/alon/Code/RMG-database-i223-charge-transfer-node-repair/input/thermo/libraries...
INFO:root:Loading thermodynamics library from JetSurF1.0.py in /home/alon/Code/RMG-database-i223-charge-transfer-node-repair/input/thermo/libraries...
INFO:root:Loading thermodynamics library from Chlorinated_Hydrocarbons.py in /home/alon/Code/RMG-database-i223-charge-transfer-node-repair/input/thermo/libraries...
INFO:root:Loading thermodynamics library from thermo_DFT_CCSDTF12_BAC.py in /home/alon/Code/RMG-database-i223-charge-transfer-node-repair/input/thermo/libraries...
INFO:root:Loading thermodynamics library from SABIC_aromatics_1dHR.py in /home/alon/Code/RMG-database-i223-charge-transfer-node-repair/input/thermo/libraries...
INFO:root:Loading thermodynamics library from GRI-Mech3.0-N.py in /home/alon/Code/RMG-database-i223-charge-transfer-node-repair/input/thermo/libraries...
INFO:root:Loading thermodynamics library from CO2RR_Adsorbates_Cu3Sn0001.py in /home/alon/Code/RMG-database-i223-charge-transfer-node-repair/input/thermo/libraries...
INFO:root:Loading thermodynamics library from 2-BTP_G4.py in /home/alon/Code/RMG-database-i223-charge-transfer-node-repair/input/thermo/libraries...
INFO:root:Loading thermodynamics library from NOx2018.py in /home/alon/Code/RMG-database-i223-charge-transfer-node-repair/input/thermo/libraries...
INFO:root:Loading thermodynamics library from SABIC_aromatics.py in /home/alon/Code/RMG-database-i223-charge-transfer-node-repair/input/thermo/libraries...
INFO:root:Loading thermodynamics library from CHON_G4.py in /home/alon/Code/RMG-database-i223-charge-transfer-node-repair/input/thermo/libraries...
INFO:root:Loading thermodynamics library from vinylCPD_H.py in /home/alon/Code/RMG-database-i223-charge-transfer-node-repair/input/thermo/libraries...
INFO:root:Loading thermodynamics library from surfaceThermoPt111.py in /home/alon/Code/RMG-database-i223-charge-transfer-node-repair/input/thermo/libraries...
INFO:root:Loading thermodynamics library from CHN.py in /home/alon/Code/RMG-database-i223-charge-transfer-node-repair/input/thermo/libraries...
INFO:root:Loading thermodynamics library from computationalLithiumElectrode.py in /home/alon/Code/RMG-database-i223-charge-transfer-node-repair/input/thermo/libraries...
INFO:root:Loading thermodynamics group database from /home/alon/Code/RMG-database-i223-charge-transfer-node-repair/input/thermo/groups...
INFO:root:Loading thermodynamics SIDTs from /home/alon/Code/RMG-database-i223-charge-transfer-node-repair/input/thermo/sidt...
ERROR:root:Could not update atomtypes for this molecule:
1 O u0 p2 c+2

ERROR:root:Could not update atomtypes for this molecule:
multiplicity 2
1 O u1 p1 c+3

ERROR:root:Could not update atomtypes for this molecule:
1 O u0 p1 c+4

ERROR:root:Could not update atomtypes for this molecule:
multiplicity 2
1 O u1 p0 c+5

ERROR:root:Could not update atomtypes for this molecule:
1 N u0 p1 c+1 {2,D}
2 O u0 p2 c0 {1,D}

ERROR:root:Could not update atomtypes for this molecule:
multiplicity 2
1 N u1 p1 c-1 {2,T}
2 N u0 p1 c0 {1,T}

ERROR:root:Could not update atomtypes for this molecule:
1 N u0 p1 c0 {2,D} {3,S}
2 N u0 p1 c+1 {1,D}
3 H u0 p0 c0 {1,S}

ERROR:root:Could not update atomtypes for this molecule:
multiplicity 2
1 C u1 p1 c+1

ERROR:root:Could not update atomtypes for this molecule:
1 C u0 p1 c+1 {2,S}
2 H u0 p0 c0 {1,S}

ERROR:root:Could not update atomtypes for this molecule:
1 C u0 p2 c-1 {2,S}
2 H u0 p0 c0 {1,S}

ERROR:root:Could not update atomtypes for this molecule:
1 K u0 p1 c-1

ERROR:root:Could not update atomtypes for this molecule:
1 Li u0 p1 c-1

ERROR:root:Could not update atomtypes for this molecule:
1 Na u0 p1 c-1

