test/test_argon_cation_buildtime.py::test_the_reference_deck_does_not_load_this_library
test/test_argon_cation_buildtime.py::test_at_build_time_with_the_library_loaded_it_wins_over_group_additivity
test/test_argon_cation_buildtime.py::test_at_build_time_with_the_reference_deck_argon_is_refused_loudly
test/test_argon_cation_buildtime.py::test_the_dication_no_longer_builds_but_the_loud_refusal_survives_on_the_spelling_that_does
test/test_argon_cation_buildtime.py::test_the_dimer_cation_still_builds_but_is_now_refused_one_layer_earlier
test/test_argon_cation_thermo.py::test_every_electron_entry_in_this_database_prices_the_electron_at_zero
test/test_argon_cation_thermo.py::test_the_runtime_adds_no_electron_term_to_a_charge_transfer_free_energy
test/test_argon_cation_thermo.py::test_the_entered_enthalpy_is_the_ion_convention_value_by_two_routes
test/test_argon_cation_thermo.py::test_the_source_table_is_electron_convention_by_its_own_arithmetic
test/test_argon_cation_thermo.py::test_the_two_conventions_free_energies_coincide_near_room_temperature
test/test_argon_cation_thermo.py::test_the_entry_transcribes_the_janaf_table
test/test_argon_cation_thermo.py::test_the_entry_reproduces_the_janaf_columns_across_the_whole_range[300.0-166.533-0.039]
test/test_argon_cation_thermo.py::test_the_entry_reproduces_the_janaf_columns_across_the_whole_range[500.0-177.461-4.325]
test/test_argon_cation_thermo.py::test_the_entry_reproduces_the_janaf_columns_across_the_whole_range[1000.0-193.065-15.606]
test/test_argon_cation_thermo.py::test_the_entry_reproduces_the_janaf_columns_across_the_whole_range[2000.0-208.596-37.96]
test/test_argon_cation_thermo.py::test_the_entry_reproduces_the_janaf_columns_across_the_whole_range[6000.0-232.04-122.994]
test/test_argon_cation_thermo.py::test_e0_reproduces_argons_ionisation_energy_from_an_unrelated_database
test/test_argon_cation_thermo.py::test_the_heat_capacity_is_not_five_halves_R_and_that_is_the_physics
test/test_argon_cation_thermo.py::test_the_entropy_is_the_neutrals_plus_the_electronic_degeneracy
test/test_argon_cation_thermo.py::test_the_structure_is_the_gas_phase_ground_state
test/test_argon_cation_thermo.py::test_the_smiles_round_trip_still_corrupts_this_species
test/test_argon_cation_thermo.py::test_no_argon_dimer_cation_was_entered
test/test_argon_cation_thermo.py::test_the_library_loads_alongside_every_other_thermo_library
test/test_argon_cation_thermo.py::test_the_species_resolves_to_this_library
test/test_argon_cation_thermo.py::test_without_this_library_the_species_is_refused
test/test_argon_cation_thermo.py::test_an_equilibrium_constant_involving_the_cation_is_finite[300.0]
test/test_argon_cation_thermo.py::test_an_equilibrium_constant_involving_the_cation_is_finite[500.0]
test/test_argon_cation_thermo.py::test_an_equilibrium_constant_involving_the_cation_is_finite[1000.0]
test/test_argon_cation_thermo.py::test_an_equilibrium_constant_involving_the_cation_is_finite[2000.0]
test/test_argon_cation_thermo.py::test_an_equilibrium_constant_involving_the_cation_is_finite[6000.0]
test/test_argon_cation_thermo.py::test_the_runtime_refuses_to_reverse_that_equilibrium
test/test_argon_cation_thermo.py::test_the_argon_ionisation_reaction_loads_and_balances
test/test_argon_cation_thermo.py::test_the_argon_ionisation_reaction_resolves_its_electrons
test/test_argon_cation_thermo.py::test_the_plasma_reactor_accepts_the_argon_ionisation_reaction
test/test_argon_cation_thermo.py::test_the_only_gas_phase_cations_in_this_database_are_these_set
test/test_argon_cation_thermo.py::test_no_element_in_either_shipped_table_has_thermochemistry_above_charge_one
test/test_argon_cation_thermo.py::test_the_shipped_lithium_cation_disagrees_with_lithiums_ionisation_energy
test/test_argon_cation_thermo.py::test_group_additivity_answers_for_monatomic_cations_and_the_answer_is_wrong[N-multiplicity 3\n1 N u2 p1 c+1\n-multiplicity 4\n1 N u3 p1 c0\n-14.53413]
test/test_argon_cation_thermo.py::test_group_additivity_answers_for_monatomic_cations_and_the_answer_is_wrong[O-multiplicity 4\n1 O u3 p1 c+1\n-multiplicity 3\n1 O u2 p2 c0\n-13.618055]
test/test_argon_cation_thermo.py::test_group_additivity_answers_for_monatomic_cations_and_the_answer_is_wrong[Si-multiplicity 2\n1 Si u1 p1 c+1\n-multiplicity 3\n1 Si u2 p1 c0\n-8.15168]
test/test_argon_cation_thermo.py::test_the_other_noble_gas_cations_are_refused_by_the_estimator[He-multiplicity 2\n1 He u1 p0 c+1\n]
test/test_argon_cation_thermo.py::test_the_other_noble_gas_cations_are_refused_by_the_estimator[Ne-multiplicity 2\n1 Ne u1 p3 c+1\n]
test/test_argon_cation_thermo.py::test_the_gate_before_thermochemistry_is_the_atom_type[C-multiplicity 2\n1 C u1 p1 c+1\n-AtomTypeError]
test/test_argon_cation_thermo.py::test_the_gate_before_thermochemistry_is_the_atom_type[F-multiplicity 3\n1 F u2 p2 c+1\n-AtomTypeError]
test/test_argon_cation_thermo.py::test_the_gate_before_thermochemistry_is_the_atom_type[Al-1 Al u0 p1 c+1\n-KeyError]
test/test_argon_cation_thermo.py::test_alkali_and_alkaline_earth_cations_now_build[Na-1 Na u0 p0 c+1\n-Na+]
test/test_argon_cation_thermo.py::test_alkali_and_alkaline_earth_cations_now_build[Mg-multiplicity 2\n1 Mg u1 p0 c+1\n-Mg+]
test/test_argon_cation_thermo.py::test_alkali_and_alkaline_earth_cations_now_build[K-1 K u0 p0 c+1\n-K+]
test/test_argon_cation_thermo.py::test_alkali_and_alkaline_earth_cations_now_build[Ca-multiplicity 2\n1 Ca u1 p0 c+1\n-Ca+]
test/test_argon_cation_thermo.py::test_argon_atom_type_resolves_to_a_specific_leaf_and_no_longer_parses_any_charge
test/test_argon_cation_thermo.py::test_the_lithium_channel_species_are_untouched[Li-multiplicity 2\n1 Li u1 p0 c0\n-157.5723-138.662-LithiumPrimaryThermo]
test/test_argon_cation_thermo.py::test_the_lithium_channel_species_are_untouched[Li+-1 Li u0 p0 c+1\n-532.9358-132.8988-LithiumPrimaryThermo]
test/test_argon_cation_thermo.py::test_neutral_argon_is_untouched
test/test_argon_cation_thermo.py::test_noblegas_entered_enthalpy_is_ion_convention_by_two_routes[multiplicity 2\n1 He u1 p0 c+1\n-2378.522-2372.324-6.197-6.197-2372.325]
test/test_argon_cation_thermo.py::test_noblegas_entered_enthalpy_is_ion_convention_by_two_routes[multiplicity 2\n1 Ne u1 p3 c+1\n-2086.966-2080.662-6.304-6.197-2080.769]
test/test_argon_cation_thermo.py::test_noblegas_entry_transcribes_the_janaf_table[hep_entry-131.913-20.786-2372.324-6000.0]
test/test_argon_cation_thermo.py::test_noblegas_entry_transcribes_the_janaf_table[nep_entry-158.307-22.119-2080.662-6000.0]
test/test_argon_cation_thermo.py::test_noblegas_e0_reproduces_ionisation_energy[hep_entry-24.5873888]
test/test_argon_cation_thermo.py::test_noblegas_e0_reproduces_ionisation_energy[nep_entry-21.56454]
test/test_argon_cation_thermo.py::test_helium_cation_entropy_is_the_neutrals_plus_r_ln_2
test/test_argon_cation_thermo.py::test_neon_cation_entropy_is_the_neutrals_plus_r_ln_4_plus_fine_structure
test/test_argon_cation_thermo.py::test_helium_cation_heat_capacity_is_flat_five_halves_R
test/test_argon_cation_thermo.py::test_neon_cation_heat_capacity_has_a_schottky_bump_peaking_near_500
test/test_argon_cation_thermo.py::test_noblegas_reproduces_the_janaf_columns_across_the_whole_range[hep_entry-rows0]
test/test_argon_cation_thermo.py::test_noblegas_reproduces_the_janaf_columns_across_the_whole_range[nep_entry-rows1]
test/test_argon_cation_thermo.py::test_noblegas_cation_resolves_to_this_library[multiplicity 2\n1 He u1 p0 c+1\n]
test/test_argon_cation_thermo.py::test_noblegas_cation_resolves_to_this_library[multiplicity 2\n1 Ne u1 p3 c+1\n]
test/test_argon_cation_thermo.py::test_noblegas_cation_smiles_round_trip_still_corrupts[multiplicity 2\n1 He u1 p0 c+1\n]
test/test_argon_cation_thermo.py::test_noblegas_cation_smiles_round_trip_still_corrupts[multiplicity 2\n1 Ne u1 p3 c+1\n]
test/test_argon_cation_thermo.py::test_the_helium_dication_was_not_entered
test/test_cation_r_recombination_sei.py::test_label_is_recorded_verbatim_everywhere_it_is_claimed
test/test_cation_r_recombination_sei.py::test_the_family_is_not_labelled_validated
test/test_cation_r_recombination_sei.py::test_the_family_is_declared_electrochemistry_and_not_plasma
test/test_cation_r_recombination_sei.py::test_the_recovered_physical_domain_is_documented_beside_the_family
test/test_cation_r_recombination_sei.py::test_twelve_database_objects_rest_on_five_calculations
test/test_cation_r_recombination_sei.py::test_the_family_belongs_to_no_plasma_facing_curated_set
test/test_cation_r_recombination_sei.py::test_the_alkali_plasma_configuration_neither_loads_nor_generates_this_family
test/test_cation_r_recombination_sei.py::test_the_quarantine_criterion_covers_all_twelve_objects
test/test_cation_r_recombination_sei.py::test_a_plasma_consumer_cannot_silently_receive_a_marcus_rate
test/test_cation_r_recombination_sei.py::test_no_default_potential_is_used_anywhere_in_this_reclassification
test/test_cation_r_recombination_sei.py::test_the_independent_lithium_plasma_kinetics_survive[voronov.yaml-electron-impact ionisation-expected_n0]
test/test_cation_r_recombination_sei.py::test_the_independent_lithium_plasma_kinetics_survive[badnell.yaml-radiative recombination-expected_n1]
test/test_cation_r_recombination_sei.py::test_the_lithium_plasma_data_files_are_untouched_by_this_ticket
test/test_cation_r_recombination_sei.py::test_the_sei_example_still_selects_this_family_through_electrochem
test/test_cation_r_recombination_sei.py::test_the_family_still_generates_its_sei_reaction
test/test_cation_r_recombination_sei.py::test_no_scientific_value_changed
test/test_cation_r_recombination_sei.py::test_nothing_was_deleted_from_the_family
test/test_cation_r_recombination_sei.py::test_the_family_identifier_was_not_renamed
test/test_plasma_air_noble_gas_ionization.py::test_argon_ionization_is_present_with_branch_99_cross_section
test/test_plasma_air_noble_gas_ionization.py::test_helium_ionization_is_present_with_branch_99_cross_section
test/test_plasma_air_noble_gas_ionization.py::test_helium_radiative_recombination_matches_branch_99[Hep + e- => He-1.21e-09--0.87-0.19]
test/test_plasma_air_noble_gas_ionization.py::test_helium_radiative_recombination_matches_branch_99[Hep2 + e- => Hep-7.68e-09--0.91-0.22]
test/test_plasma_alkali_reversible_te_admissibility.py::test_carried_irreversible_form_is_admitted_by_the_reactor[Lip + e- => Li]
test/test_plasma_alkali_reversible_te_admissibility.py::test_carried_irreversible_form_is_admitted_by_the_reactor[Nap + e- => Na]
test/test_plasma_alkali_reversible_te_admissibility.py::test_carried_irreversible_form_is_admitted_by_the_reactor[Mgp2 + e- => Mgp]
test/test_plasma_alkali_reversible_te_admissibility.py::test_same_reaction_reversible_is_still_refused[Lip + e- => Li]
test/test_plasma_alkali_reversible_te_admissibility.py::test_same_reaction_reversible_is_still_refused[Nap + e- => Na]
test/test_plasma_alkali_reversible_te_admissibility.py::test_same_reaction_reversible_is_still_refused[Mgp2 + e- => Mgp]
test/test_plasma_alkali_sodium_pair.py::test_sodium_recombination_loads_with_verner_ferland_rate_and_molecule_units
test/test_plasma_alkali_sodium_pair.py::test_sodium_ionisation_loads_with_golyatina_cross_section_and_threshold
test/test_plasma_alkali_sodium_pair.py::test_molecule_and_mol_rate_units_differ_by_avogadro_and_neither_raises
test/test_plasma_argon.py::test_library_loads_with_exactly_one_entry
test/test_plasma_argon.py::test_the_one_entry_is_argon_electron_impact_ionisation
test/test_plasma_argon.py::test_the_kinetics_are_a_cross_section_table_not_a_fitted_rate
test/test_plasma_argon.py::test_it_is_the_golyatina_grid_not_the_superseded_lxcat_grid
test/test_plasma_argon.py::test_the_entry_is_one_way
test/test_plasma_argon.py::test_the_reaction_balances_in_charge
test/test_plasma_electron_attachment.py::test_recipe_is_lose_radical_plus_gain_pair
test/test_plasma_electron_attachment.py::test_electron_is_carried_by_the_electrons_flag
test/test_plasma_electron_attachment.py::test_root_is_a_union_of_exactly_the_trained_groups
test/test_plasma_electron_attachment.py::test_group_tree_is_legal
test/test_plasma_electron_attachment.py::test_no_union_member_lacks_an_l2_child
test/test_plasma_electron_attachment.py::test_training_set_is_populated_and_each_entry_templates
test/test_plasma_electron_attachment.py::test_every_rate_rule_generation_can_reach_is_an_exact_training_hit
test/test_plasma_electron_attachment.py::test_the_only_averaged_rule_is_the_root_which_generation_never_reaches
test/test_plasma_electron_attachment.py::test_no_rate_rule_generation_can_reach_mixes_pressure_baked_with_radiative
test/test_plasma_electron_attachment.py::test_trained_species_resolve_to_their_own_rate_through_their_own_node[O2]
test/test_plasma_electron_attachment.py::test_trained_species_resolve_to_their_own_rate_through_their_own_node[OH]
test/test_plasma_electron_attachment.py::test_trained_species_resolve_to_their_own_rate_through_their_own_node[O]
test/test_plasma_electron_attachment.py::test_o2_attachment_is_generated_with_the_right_product
test/test_plasma_electron_attachment.py::test_o2_rate_comes_from_the_training_set_not_a_library
test/test_plasma_electron_attachment.py::test_every_match_yields_a_mono_anion_of_the_same_formula[O2]
test/test_plasma_electron_attachment.py::test_every_match_yields_a_mono_anion_of_the_same_formula[OH]
test/test_plasma_electron_attachment.py::test_every_match_yields_a_mono_anion_of_the_same_formula[O]
test/test_plasma_electron_attachment.py::test_each_trained_group_pins_its_ground_state_multiplicity
test/test_plasma_electron_attachment.py::test_o2_spin_states
test/test_plasma_electron_attachment.py::test_known_limitation_resonance_generation_erases_declared_multiplicity
test/test_plasma_electron_attachment.py::test_atomic_oxygen_spin_states
test/test_plasma_electron_attachment.py::test_hydroxyl_multiplicity_constraint_loses_no_match
test/test_plasma_electron_attachment.py::test_root_group_matches_expected_species[O2]
test/test_plasma_electron_attachment.py::test_root_group_matches_expected_species[OH]
test/test_plasma_electron_attachment.py::test_root_group_matches_expected_species[O]
test/test_plasma_electron_attachment.py::test_root_group_excludes_expected_species[H2O]
test/test_plasma_electron_attachment.py::test_root_group_excludes_expected_species[N2]
test/test_plasma_electron_attachment.py::test_root_group_excludes_expected_species[CO2]
test/test_plasma_electron_attachment.py::test_root_group_excludes_expected_species[O3]
test/test_plasma_electron_attachment.py::test_root_group_excludes_expected_species[Ar]
test/test_plasma_electron_attachment.py::test_root_group_excludes_expected_species[H]
test/test_plasma_electron_attachment.py::test_root_group_excludes_expected_species[Cl]
test/test_plasma_electron_attachment.py::test_root_group_excludes_expected_species[HO2]
test/test_plasma_electron_attachment.py::test_root_group_excludes_expected_species[CH3O]
test/test_plasma_electron_attachment.py::test_root_group_excludes_expected_species[CH3]
test/test_plasma_electron_attachment.py::test_root_group_excludes_expected_species[N]
test/test_plasma_electron_attachment.py::test_root_group_excludes_expected_species[S]
test/test_plasma_electron_attachment.py::test_untrained_open_shell_species_are_not_matched_at_all[HO2]
test/test_plasma_electron_attachment.py::test_untrained_open_shell_species_are_not_matched_at_all[CH3O]
test/test_plasma_electron_attachment.py::test_untrained_open_shell_species_are_not_matched_at_all[CH3]
test/test_plasma_electron_attachment.py::test_untrained_open_shell_species_are_not_matched_at_all[N]
test/test_plasma_electron_attachment.py::test_untrained_open_shell_species_are_not_matched_at_all[S]
test/test_plasma_electron_attachment.py::test_closed_shell_species_are_excluded_by_the_recipe
test/test_plasma_electron_attachment.py::test_hydrogen_and_chlorine_are_excluded_by_element
test/test_plasma_electron_attachment.py::test_charged_reactants_are_refused_by_declaration_not_by_group_shape
test/test_plasma_electron_impact_ionization.py::test_library_loads_with_exactly_one_entry
test/test_plasma_electron_impact_ionization.py::test_entry_is_lithium_first_ionization_written_without_an_explicit_electron
test/test_plasma_electron_impact_ionization.py::test_kinetics_come_from_the_shipped_voronov_table_not_from_transcribed_numbers
test/test_plasma_electron_impact_ionization.py::test_the_electron_count_is_propagated_off_the_rate_law_onto_the_reaction
test/test_plasma_electron_impact_ionization.py::test_the_entry_is_one_way
test/test_plasma_electron_impact_ionization.py::test_the_canonical_reaction_balances
test/test_plasma_electron_impact_ionization.py::test_a_library_label_is_a_valid_placement_key
test/test_plasma_electron_impact_ionization.py::test_an_undeclared_library_is_refused_by_name_never_guessed_from_the_net_count
test/test_plasma_electron_impact_ionization.py::test_the_declaration_is_one_electron_in_two_out
test/test_plasma_electron_impact_ionization.py::test_the_declaration_validates_against_the_reactions_own_electron_count
test/test_plasma_electron_impact_ionization.py::test_placement_resolves_to_lithium_plus_electron_gives_cation_plus_two_electrons
test/test_plasma_electron_impact_ionization.py::test_the_resolved_view_balances_in_the_E_pseudo_element
test/test_plasma_electron_impact_ionization.py::test_the_rate_order_cross_check_agrees_at_order_two
test/test_plasma_electron_impact_ionization.py::test_the_canonical_reaction_is_not_mutated_by_resolution
test/test_plasma_electron_impact_ionization.py::test_a_declaration_that_does_not_match_this_reaction_is_refused[wrong0-right net, wrong order: one reactant against an order-2 coefficient]
test/test_plasma_electron_impact_ionization.py::test_a_declaration_that_does_not_match_this_reaction_is_refused[wrong1-right net, wrong order: three reactants against an order-2 coefficient]
test/test_plasma_electron_impact_ionization.py::test_a_declaration_that_does_not_match_this_reaction_is_refused[wrong2-wrong net: declares +2 against a reaction carrying +1]
test/test_plasma_electron_impact_ionization.py::test_a_declaration_that_does_not_match_this_reaction_is_refused[wrong3-the attachment declaration: net -1 against a reaction carrying +1]
test/test_plasma_electron_impact_ionization.py::test_the_plasma_reactor_accepts_the_reaction_and_evaluates_it_at_the_voronov_rate
test/test_plasma_electron_impact_ionization.py::test_the_reactor_would_refuse_the_reaction_without_a_declaration
test/test_plasma_electron_impact_ionization.py::test_a_species_outside_the_fits_gets_no_reaction_at_all_and_no_rate
test/test_plasma_electron_impact_ionization.py::test_the_voronov_table_holds_far_more_than_this_library_claims
test/test_plasma_electron_impact_ionization.py::test_three_covered_elements_cannot_be_built_by_rmg_at_all[Mg-InvalidAdjacencyListError]
test/test_plasma_electron_impact_ionization.py::test_three_covered_elements_cannot_be_built_by_rmg_at_all[Al-KeyError]
test/test_plasma_electron_impact_ionization.py::test_three_covered_elements_cannot_be_built_by_rmg_at_all[Ca-InvalidAdjacencyListError]
test/test_plasma_electron_impact_ionization.py::test_two_covered_elements_now_build_since_the_atom_type_port[Na-Na0]
test/test_plasma_electron_impact_ionization.py::test_two_covered_elements_now_build_since_the_atom_type_port[K-K0]
test/test_plasma_electron_impact_ionization.py::test_the_two_pre_existing_declarations_still_read_one_in_none_out
test/test_plasma_electron_impact_ionization.py::test_attachment_and_cation_recombination_resolve_identically_with_and_without_this_library[_attachment_reaction-expected_reactants0-expected_products0]
test/test_plasma_electron_impact_ionization.py::test_attachment_and_cation_recombination_resolve_identically_with_and_without_this_library[_cation_recombination_reaction-expected_reactants1-expected_products1]
test/test_plasma_radiative_recombination.py::test_library_loads_with_the_expected_coverage
test/test_plasma_radiative_recombination.py::test_entry_is_lithium_cation_recombination_written_without_an_explicit_electron
test/test_plasma_radiative_recombination.py::test_kinetics_come_from_the_shipped_badnell_table_not_from_transcribed_numbers
test/test_plasma_radiative_recombination.py::test_the_stage_index_means_electrons_before_recombination_so_N_is_two_for_lithium
test/test_plasma_radiative_recombination.py::test_the_electron_count_is_propagated_off_the_rate_law_onto_the_reaction
test/test_plasma_radiative_recombination.py::test_the_entry_is_one_way
test/test_plasma_radiative_recombination.py::test_the_canonical_reaction_balances
test/test_plasma_radiative_recombination.py::test_a_library_label_is_a_valid_placement_key
test/test_plasma_radiative_recombination.py::test_an_undeclared_library_is_refused_by_name_never_guessed_from_the_net_count
test/test_plasma_radiative_recombination.py::test_the_declaration_is_one_electron_in_none_out
test/test_plasma_radiative_recombination.py::test_the_declaration_validates_against_the_reactions_own_electron_count
test/test_plasma_radiative_recombination.py::test_placement_resolves_to_cation_plus_electron_gives_the_neutral
test/test_plasma_radiative_recombination.py::test_the_resolved_view_balances_in_the_E_pseudo_element
test/test_plasma_radiative_recombination.py::test_the_rate_order_cross_check_agrees_at_order_two
test/test_plasma_radiative_recombination.py::test_the_canonical_reaction_is_not_mutated_by_resolution
test/test_plasma_radiative_recombination.py::test_a_declaration_that_does_not_match_this_reaction_is_refused[wrong0-right net, wrong order: three reactants against an order-2 coefficient]
test/test_plasma_radiative_recombination.py::test_a_declaration_that_does_not_match_this_reaction_is_refused[wrong1-wrong net: declares +1 against a reaction carrying -1]
test/test_plasma_radiative_recombination.py::test_a_declaration_that_does_not_match_this_reaction_is_refused[wrong2-the ionisation declaration: net +1 against a reaction carrying -1]
test/test_plasma_radiative_recombination.py::test_a_declaration_that_does_not_match_this_reaction_is_refused[wrong3-wrong net: declares -2 against a reaction carrying -1]
test/test_plasma_radiative_recombination.py::test_a_declaration_that_does_not_match_this_reaction_is_refused[wrong4-wrong net: declares 0 against a reaction carrying -1]
test/test_plasma_radiative_recombination.py::test_the_plasma_reactor_accepts_the_reaction_and_evaluates_it_at_the_badnell_rate
test/test_plasma_radiative_recombination.py::test_the_reactor_would_refuse_the_reaction_without_a_declaration
test/test_plasma_radiative_recombination.py::test_the_implementable_sink_is_three_orders_weaker_than_the_source
test/test_plasma_radiative_recombination.py::test_three_body_recombination_can_now_be_stored_and_the_remaining_blocker_is_data
test/test_plasma_radiative_recombination.py::test_a_three_body_entry_with_the_wrong_electron_count_is_still_refused[None-declaring nothing leaves the default 0 against a +1 -> 0 charge change]
test/test_plasma_radiative_recombination.py::test_a_three_body_entry_with_the_wrong_electron_count_is_still_refused[1-the wrong sign is a gain, not a loss, of an electron]
test/test_plasma_radiative_recombination.py::test_three_body_recombination_has_no_placement_declaration_and_cannot_resolve
test/test_plasma_radiative_recombination.py::test_forcing_three_body_under_the_radiative_declaration_trips_the_rate_order_guard
test/test_plasma_radiative_recombination.py::test_this_repository_still_ships_no_three_body_coefficient
test/test_plasma_radiative_recombination.py::test_the_badnell_table_holds_far_more_than_this_library_claims
test/test_plasma_radiative_recombination.py::test_argon_can_be_ionised_here_but_cannot_be_radiatively_recombined
test/test_plasma_radiative_recombination.py::test_a_species_outside_the_fits_gets_no_reaction_at_all_and_no_rate
test/test_plasma_radiative_recombination.py::test_three_covered_elements_cannot_be_built_by_rmg_at_all[Be-KeyError]
test/test_plasma_radiative_recombination.py::test_three_covered_elements_cannot_be_built_by_rmg_at_all[B-KeyError]
test/test_plasma_radiative_recombination.py::test_three_covered_elements_cannot_be_built_by_rmg_at_all[Mg-InvalidAdjacencyListError]
test/test_plasma_radiative_recombination.py::test_sodium_now_builds_since_the_atom_type_port
test/test_plasma_radiative_recombination.py::test_dissociative_recombination_has_no_reactant_to_write
test/test_plasma_radiative_recombination.py::test_the_two_pre_existing_family_declarations_still_read_one_in_none_out
test/test_plasma_radiative_recombination.py::test_attachment_and_cation_recombination_resolve_identically_with_and_without_this_library[_attachment_reaction-expected_reactants0-expected_products0]
test/test_plasma_radiative_recombination.py::test_attachment_and_cation_recombination_resolve_identically_with_and_without_this_library[_cation_recombination_reaction-expected_reactants1-expected_products1]
test/test_plasma_radiative_recombination.py::test_the_ionisation_channel_resolves_unchanged_with_this_library_declared
test/test_plasma_radiative_recombination.py::test_argon_entry_is_cation_recombination_written_without_an_explicit_electron
test/test_plasma_radiative_recombination.py::test_argon_reactant_is_the_gas_phase_ground_state_cation
test/test_plasma_radiative_recombination.py::test_argon_kinetics_are_the_transcribed_shull_van_steenberg_row
test/test_plasma_radiative_recombination.py::test_argon_rate_law_is_an_exact_representation_of_the_published_power_law
test/test_plasma_radiative_recombination.py::test_argon_rate_reads_the_electron_temperature_and_not_the_gas_temperature
test/test_plasma_radiative_recombination.py::test_argon_declares_the_electron_temperature_dependence_the_solver_dispatches_on
test/test_plasma_radiative_recombination.py::test_argon_electron_count_is_propagated_off_the_rate_law_onto_the_reaction
test/test_plasma_radiative_recombination.py::test_argon_entry_is_one_way
test/test_plasma_radiative_recombination.py::test_argon_canonical_reaction_balances
test/test_plasma_radiative_recombination.py::test_argon_reaction_carries_the_library_label_as_its_placement_key
test/test_plasma_radiative_recombination.py::test_argon_placement_resolves_to_cation_plus_electron_gives_the_neutral
test/test_plasma_radiative_recombination.py::test_argon_resolved_view_balances_in_the_E_pseudo_element
test/test_plasma_radiative_recombination.py::test_argon_rate_order_cross_check_agrees_at_order_two
test/test_plasma_radiative_recombination.py::test_argon_canonical_reaction_is_not_mutated_by_resolution
test/test_plasma_radiative_recombination.py::test_argon_undeclared_library_is_refused_by_name
test/test_plasma_radiative_recombination.py::test_argon_a_declaration_that_does_not_match_this_reaction_is_refused[wrong0-right net, wrong order: three reactants against an order-2 coefficient]
test/test_plasma_radiative_recombination.py::test_argon_a_declaration_that_does_not_match_this_reaction_is_refused[wrong1-wrong net: declares +1 against a reaction carrying -1]
test/test_plasma_radiative_recombination.py::test_argon_a_declaration_that_does_not_match_this_reaction_is_refused[wrong2-the ionisation declaration: net +1 against a reaction carrying -1]
test/test_plasma_radiative_recombination.py::test_argon_a_declaration_that_does_not_match_this_reaction_is_refused[wrong3-wrong net: declares -2 against a reaction carrying -1]
test/test_plasma_radiative_recombination.py::test_argon_a_declaration_that_does_not_match_this_reaction_is_refused[wrong4-wrong net: declares 0 against a reaction carrying -1]
test/test_plasma_radiative_recombination.py::test_the_plasma_reactor_accepts_argon_and_evaluates_it_at_the_two_temperature_rate
test/test_plasma_radiative_recombination.py::test_the_declared_temperature_range_is_grid_membership_that_nothing_enforces

245 tests collected in 2.05s
