INFO:root:Loading transport library from NIST_Fluorine.py in /home/alon/Code/RMG-database-i236-radiative-root/input/transport/libraries...
INFO:root:Loading transport library from PrimaryTransportLibrary.py in /home/alon/Code/RMG-database-i236-radiative-root/input/transport/libraries...
INFO:root:Loading transport library from GRI-Mech.py in /home/alon/Code/RMG-database-i236-radiative-root/input/transport/libraries...
INFO:root:Loading transport library from OneDMinN2.py in /home/alon/Code/RMG-database-i236-radiative-root/input/transport/libraries...
INFO:root:Loading transport library from NOx2018.py in /home/alon/Code/RMG-database-i236-radiative-root/input/transport/libraries...
INFO:root:Loading transport group database from /home/alon/Code/RMG-database-i236-radiative-root/input/transport/groups...
INFO:root:Kinetics family Cation_R_Recombination is QUARANTINED FOR QUANTITATIVE PLASMA USE (Marcus): electrochemical reference/domain unavailable
INFO:root:Loading kinetics library Sulfur/DMDS from /home/alon/Code/RMG-database-i236-radiative-root/input/kinetics/libraries/Sulfur/DMDS/reactions.py...
INFO:root:Loading kinetics library Sulfur/GlarborgH2S from /home/alon/Code/RMG-database-i236-radiative-root/input/kinetics/libraries/Sulfur/GlarborgH2S/reactions.py...
INFO:root:Loading kinetics library Sulfur/GlarborgH2S/alt from /home/alon/Code/RMG-database-i236-radiative-root/input/kinetics/libraries/Sulfur/GlarborgH2S/alt/reactions.py...
INFO:root:Loading kinetics library Sulfur/DMS from /home/alon/Code/RMG-database-i236-radiative-root/input/kinetics/libraries/Sulfur/DMS/reactions.py...
INFO:root:Loading kinetics library Sulfur/GlarborgMarshall from /home/alon/Code/RMG-database-i236-radiative-root/input/kinetics/libraries/Sulfur/GlarborgMarshall/reactions.py...
INFO:root:Loading kinetics library Sulfur/Sendt from /home/alon/Code/RMG-database-i236-radiative-root/input/kinetics/libraries/Sulfur/Sendt/reactions.py...
INFO:root:Loading kinetics library Sulfur/Hexanethial_nr from /home/alon/Code/RMG-database-i236-radiative-root/input/kinetics/libraries/Sulfur/Hexanethial_nr/reactions.py...
INFO:root:Loading kinetics library Sulfur/DTBS from /home/alon/Code/RMG-database-i236-radiative-root/input/kinetics/libraries/Sulfur/DTBS/reactions.py...
INFO:root:Loading kinetics library Sulfur/GlarborgNS from /home/alon/Code/RMG-database-i236-radiative-root/input/kinetics/libraries/Sulfur/GlarborgNS/reactions.py...
INFO:root:Loading kinetics library Sulfur/Thial_Hydrolysis from /home/alon/Code/RMG-database-i236-radiative-root/input/kinetics/libraries/Sulfur/Thial_Hydrolysis/reactions.py...
INFO:root:Loading kinetics library Sulfur/GlarborgBozzelli from /home/alon/Code/RMG-database-i236-radiative-root/input/kinetics/libraries/Sulfur/GlarborgBozzelli/reactions.py...
INFO:root:Loading kinetics library Sulfur/TP_Song from /home/alon/Code/RMG-database-i236-radiative-root/input/kinetics/libraries/Sulfur/TP_Song/reactions.py...
INFO:root:Loading kinetics library Sulfur/HSSH_1bar from /home/alon/Code/RMG-database-i236-radiative-root/input/kinetics/libraries/Sulfur/HSSH_1bar/reactions.py...
INFO:root:Loading kinetics library 1989_Stewart_2CH3_to_C2H5_H from /home/alon/Code/RMG-database-i236-radiative-root/input/kinetics/libraries/1989_Stewart_2CH3_to_C2H5_H/reactions.py...
INFO:root:Loading kinetics library Nitrogen_Glarborg_Gimenez_et_al from /home/alon/Code/RMG-database-i236-radiative-root/input/kinetics/libraries/Nitrogen_Glarborg_Gimenez_et_al/reactions.py...
WARNING:root:Only Arrhenius and PDepArrhenius kinetics supported for duplicate reactions.
WARNING:root:Only Arrhenius and PDepArrhenius kinetics supported for duplicate reactions.
WARNING:root:Only Arrhenius and PDepArrhenius kinetics supported for duplicate reactions.
WARNING:root:Only Arrhenius and PDepArrhenius kinetics supported for duplicate reactions.
INFO:root:Loading kinetics library NIST_Fluorine/CH2F2/seed from /home/alon/Code/RMG-database-i236-radiative-root/input/kinetics/libraries/NIST_Fluorine/CH2F2/seed/reactions.py...
INFO:root:Loading kinetics library NIST_Fluorine/CH2F2/full from /home/alon/Code/RMG-database-i236-radiative-root/input/kinetics/libraries/NIST_Fluorine/CH2F2/full/reactions.py...
INFO:root:Loading kinetics library NIST_Fluorine/seed from /home/alon/Code/RMG-database-i236-radiative-root/input/kinetics/libraries/NIST_Fluorine/seed/reactions.py...
WARNING:root:Only Arrhenius and PDepArrhenius kinetics supported for duplicate reactions.
WARNING:root:Only Arrhenius and PDepArrhenius kinetics supported for duplicate reactions.
INFO:root:Loading kinetics library NIST_Fluorine/full from /home/alon/Code/RMG-database-i236-radiative-root/input/kinetics/libraries/NIST_Fluorine/full/reactions.py...
WARNING:root:Only Arrhenius and PDepArrhenius kinetics supported for duplicate reactions.
WARNING:root:Only Arrhenius and PDepArrhenius kinetics supported for duplicate reactions.
INFO:root:Loading kinetics library CF2BrCl from /home/alon/Code/RMG-database-i236-radiative-root/input/kinetics/libraries/CF2BrCl/reactions.py...
WARNING:root:Only Arrhenius and PDepArrhenius kinetics supported for duplicate reactions.
WARNING:root:Only Arrhenius and PDepArrhenius kinetics supported for duplicate reactions.
WARNING:root:Only Arrhenius and PDepArrhenius kinetics supported for duplicate reactions.
WARNING:root:Only Arrhenius and PDepArrhenius kinetics supported for duplicate reactions.
INFO:root:Loading kinetics library BurkeH2O2inN2 from /home/alon/Code/RMG-database-i236-radiative-root/input/kinetics/libraries/BurkeH2O2inN2/reactions.py...
INFO:root:Loading kinetics library Ethylamine from /home/alon/Code/RMG-database-i236-radiative-root/input/kinetics/libraries/Ethylamine/reactions.py...
INFO:root:Loading kinetics library primaryNitrogenLibrary from /home/alon/Code/RMG-database-i236-radiative-root/input/kinetics/libraries/primaryNitrogenLibrary/reactions.py...
WARNING:root:Only Arrhenius and PDepArrhenius kinetics supported for duplicate reactions.
WARNING:root:Only Arrhenius and PDepArrhenius kinetics supported for duplicate reactions.
WARNING:root:Only Arrhenius and PDepArrhenius kinetics supported for duplicate reactions.
WARNING:root:Only Arrhenius and PDepArrhenius kinetics supported for duplicate reactions.
WARNING:root:Only Arrhenius and PDepArrhenius kinetics supported for duplicate reactions.
WARNING:root:Only Arrhenius and PDepArrhenius kinetics supported for duplicate reactions.
INFO:root:Loading kinetics library primaryNitrogenLibrary/LowT from /home/alon/Code/RMG-database-i236-radiative-root/input/kinetics/libraries/primaryNitrogenLibrary/LowT/reactions.py...
INFO:root:Loading kinetics library Dooley/methylformate from /home/alon/Code/RMG-database-i236-radiative-root/input/kinetics/libraries/Dooley/methylformate/reactions.py...
INFO:root:Loading kinetics library Dooley/C1 from /home/alon/Code/RMG-database-i236-radiative-root/input/kinetics/libraries/Dooley/C1/reactions.py...
INFO:root:Loading kinetics library Dooley/methylformate_2 from /home/alon/Code/RMG-database-i236-radiative-root/input/kinetics/libraries/Dooley/methylformate_2/reactions.py...
INFO:root:Loading kinetics library Dooley/methylformate_all_N2bathgas from /home/alon/Code/RMG-database-i236-radiative-root/input/kinetics/libraries/Dooley/methylformate_all_N2bathgas/reactions.py...
INFO:root:Loading kinetics library Dooley/methylformate_all_ARHEbathgas from /home/alon/Code/RMG-database-i236-radiative-root/input/kinetics/libraries/Dooley/methylformate_all_ARHEbathgas/reactions.py...
INFO:root:Loading kinetics library Fulvene_H from /home/alon/Code/RMG-database-i236-radiative-root/input/kinetics/libraries/Fulvene_H/reactions.py...
INFO:root:Loading kinetics library LithiumAnalogyKinetics from /home/alon/Code/RMG-database-i236-radiative-root/input/kinetics/libraries/LithiumAnalogyKinetics/reactions.py...
INFO:root:Loading kinetics library Aromatics_high_pressure/C7H8 from /home/alon/Code/RMG-database-i236-radiative-root/input/kinetics/libraries/Aromatics_high_pressure/C7H8/reactions.py...
INFO:root:Loading kinetics library Aromatics_high_pressure/C10H10_H_abstraction from /home/alon/Code/RMG-database-i236-radiative-root/input/kinetics/libraries/Aromatics_high_pressure/C10H10_H_abstraction/reactions.py...
INFO:root:Loading kinetics library Aromatics_high_pressure/C7H8_H_abstraction from /home/alon/Code/RMG-database-i236-radiative-root/input/kinetics/libraries/Aromatics_high_pressure/C7H8_H_abstraction/reactions.py...
INFO:root:Loading kinetics library Aromatics_high_pressure/C9H8_1 from /home/alon/Code/RMG-database-i236-radiative-root/input/kinetics/libraries/Aromatics_high_pressure/C9H8_1/reactions.py...
INFO:root:Loading kinetics library Aromatics_high_pressure/C10H9_2 from /home/alon/Code/RMG-database-i236-radiative-root/input/kinetics/libraries/Aromatics_high_pressure/C10H9_2/reactions.py...
INFO:root:Loading kinetics library Aromatics_high_pressure/C12H10_H_abstraction from /home/alon/Code/RMG-database-i236-radiative-root/input/kinetics/libraries/Aromatics_high_pressure/C12H10_H_abstraction/reactions.py...
INFO:root:Loading kinetics library Aromatics_high_pressure/C9H8_H_abstraction from /home/alon/Code/RMG-database-i236-radiative-root/input/kinetics/libraries/Aromatics_high_pressure/C9H8_H_abstraction/reactions.py...
INFO:root:Loading kinetics library Aromatics_high_pressure/C12H9 from /home/alon/Code/RMG-database-i236-radiative-root/input/kinetics/libraries/Aromatics_high_pressure/C12H9/reactions.py...
INFO:root:Loading kinetics library Aromatics_high_pressure/C7H9 from /home/alon/Code/RMG-database-i236-radiative-root/input/kinetics/libraries/Aromatics_high_pressure/C7H9/reactions.py...
INFO:root:Loading kinetics library Aromatics_high_pressure/C14H11_3 from /home/alon/Code/RMG-database-i236-radiative-root/input/kinetics/libraries/Aromatics_high_pressure/C14H11_3/reactions.py...
INFO:root:Loading kinetics library Aromatics_high_pressure/C9H10_H_abstraction from /home/alon/Code/RMG-database-i236-radiative-root/input/kinetics/libraries/Aromatics_high_pressure/C9H10_H_abstraction/reactions.py...
INFO:root:Loading kinetics library Aromatics_high_pressure/C16H11 from /home/alon/Code/RMG-database-i236-radiative-root/input/kinetics/libraries/Aromatics_high_pressure/C16H11/reactions.py...
INFO:root:Loading kinetics library Aromatics_high_pressure/C9H9_2 from /home/alon/Code/RMG-database-i236-radiative-root/input/kinetics/libraries/Aromatics_high_pressure/C9H9_2/reactions.py...
INFO:root:Loading kinetics library Aromatics_high_pressure/C10H11_3 from /home/alon/Code/RMG-database-i236-radiative-root/input/kinetics/libraries/Aromatics_high_pressure/C10H11_3/reactions.py...
INFO:root:Loading kinetics library Aromatics_high_pressure/C14H11_1 from /home/alon/Code/RMG-database-i236-radiative-root/input/kinetics/libraries/Aromatics_high_pressure/C14H11_1/reactions.py...
INFO:root:Loading kinetics library Aromatics_high_pressure/C10H10_1 from /home/alon/Code/RMG-database-i236-radiative-root/input/kinetics/libraries/Aromatics_high_pressure/C10H10_1/reactions.py...
INFO:root:Loading kinetics library Aromatics_high_pressure/C10H7 from /home/alon/Code/RMG-database-i236-radiative-root/input/kinetics/libraries/Aromatics_high_pressure/C10H7/reactions.py...
INFO:root:Loading kinetics library Aromatics_high_pressure/C10H9_3 from /home/alon/Code/RMG-database-i236-radiative-root/input/kinetics/libraries/Aromatics_high_pressure/C10H9_3/reactions.py...
INFO:root:Loading kinetics library Aromatics_high_pressure/C12H8_H_abstraction from /home/alon/Code/RMG-database-i236-radiative-root/input/kinetics/libraries/Aromatics_high_pressure/C12H8_H_abstraction/reactions.py...
INFO:root:Loading kinetics library Aromatics_high_pressure/C12H10_1 from /home/alon/Code/RMG-database-i236-radiative-root/input/kinetics/libraries/Aromatics_high_pressure/C12H10_1/reactions.py...
INFO:root:Loading kinetics library Aromatics_high_pressure/C14H11_4 from /home/alon/Code/RMG-database-i236-radiative-root/input/kinetics/libraries/Aromatics_high_pressure/C14H11_4/reactions.py...
INFO:root:Loading kinetics library Aromatics_high_pressure/C12H11 from /home/alon/Code/RMG-database-i236-radiative-root/input/kinetics/libraries/Aromatics_high_pressure/C12H11/reactions.py...
INFO:root:Loading kinetics library Aromatics_high_pressure/C9H7 from /home/alon/Code/RMG-database-i236-radiative-root/input/kinetics/libraries/Aromatics_high_pressure/C9H7/reactions.py...
INFO:root:Loading kinetics library Aromatics_high_pressure/C14H10_H_abstraction_H_recomb from /home/alon/Code/RMG-database-i236-radiative-root/input/kinetics/libraries/Aromatics_high_pressure/C14H10_H_abstraction_H_recomb/reactions.py...
INFO:root:Loading kinetics library Aromatics_high_pressure/C8H9 from /home/alon/Code/RMG-database-i236-radiative-root/input/kinetics/libraries/Aromatics_high_pressure/C8H9/reactions.py...
INFO:root:Loading kinetics library Aromatics_high_pressure/C10H9_1 from /home/alon/Code/RMG-database-i236-radiative-root/input/kinetics/libraries/Aromatics_high_pressure/C10H9_1/reactions.py...
INFO:root:Loading kinetics library Aromatics_high_pressure/C10H11_2 from /home/alon/Code/RMG-database-i236-radiative-root/input/kinetics/libraries/Aromatics_high_pressure/C10H11_2/reactions.py...
INFO:root:Loading kinetics library Aromatics_high_pressure/C10H9_4 from /home/alon/Code/RMG-database-i236-radiative-root/input/kinetics/libraries/Aromatics_high_pressure/C10H9_4/reactions.py...
INFO:root:Loading kinetics library Aromatics_high_pressure/C10H10_2 from /home/alon/Code/RMG-database-i236-radiative-root/input/kinetics/libraries/Aromatics_high_pressure/C10H10_2/reactions.py...
INFO:root:Loading kinetics library Aromatics_high_pressure/C14H11_2 from /home/alon/Code/RMG-database-i236-radiative-root/input/kinetics/libraries/Aromatics_high_pressure/C14H11_2/reactions.py...
INFO:root:Loading kinetics library Aromatics_high_pressure/C9H8_2 from /home/alon/Code/RMG-database-i236-radiative-root/input/kinetics/libraries/Aromatics_high_pressure/C9H8_2/reactions.py...
INFO:root:Loading kinetics library Aromatics_high_pressure/C8H7 from /home/alon/Code/RMG-database-i236-radiative-root/input/kinetics/libraries/Aromatics_high_pressure/C8H7/reactions.py...
INFO:root:Loading kinetics library Aromatics_high_pressure/C14H9 from /home/alon/Code/RMG-database-i236-radiative-root/input/kinetics/libraries/Aromatics_high_pressure/C14H9/reactions.py...
INFO:root:Loading kinetics library Aromatics_high_pressure/C10H11_1 from /home/alon/Code/RMG-database-i236-radiative-root/input/kinetics/libraries/Aromatics_high_pressure/C10H11_1/reactions.py...
INFO:root:Loading kinetics library Aromatics_high_pressure/C12H10_2 from /home/alon/Code/RMG-database-i236-radiative-root/input/kinetics/libraries/Aromatics_high_pressure/C12H10_2/reactions.py...
INFO:root:Loading kinetics library Aromatics_high_pressure/C8H6_H_abstraction from /home/alon/Code/RMG-database-i236-radiative-root/input/kinetics/libraries/Aromatics_high_pressure/C8H6_H_abstraction/reactions.py...
INFO:root:Loading kinetics library Aromatics_high_pressure/C10H11_4 from /home/alon/Code/RMG-database-i236-radiative-root/input/kinetics/libraries/Aromatics_high_pressure/C10H11_4/reactions.py...
INFO:root:Loading kinetics library Aromatics_high_pressure/C8H8_H_abstraction from /home/alon/Code/RMG-database-i236-radiative-root/input/kinetics/libraries/Aromatics_high_pressure/C8H8_H_abstraction/reactions.py...
INFO:root:Loading kinetics library Aromatics_high_pressure/C9H11 from /home/alon/Code/RMG-database-i236-radiative-root/input/kinetics/libraries/Aromatics_high_pressure/C9H11/reactions.py...
INFO:root:Loading kinetics library Aromatics_high_pressure/C9H9_1 from /home/alon/Code/RMG-database-i236-radiative-root/input/kinetics/libraries/Aromatics_high_pressure/C9H9_1/reactions.py...
INFO:root:Loading kinetics library Aromatics_high_pressure/C10H8_H_abstraction_H_recomb from /home/alon/Code/RMG-database-i236-radiative-root/input/kinetics/libraries/Aromatics_high_pressure/C10H8_H_abstraction_H_recomb/reactions.py...
INFO:root:Loading kinetics library Iodine-R_recombination from /home/alon/Code/RMG-database-i236-radiative-root/input/kinetics/libraries/Iodine-R_recombination/reactions.py...
INFO:root:Loading kinetics library PlasmaRadiativeRecombination from /home/alon/Code/RMG-database-i236-radiative-root/input/kinetics/libraries/PlasmaRadiativeRecombination/reactions.py...
INFO:root:Loading kinetics library LithiumPrimaryKinetics from /home/alon/Code/RMG-database-i236-radiative-root/input/kinetics/libraries/LithiumPrimaryKinetics/reactions.py...
INFO:root:Loading kinetics library PlasmaArgon from /home/alon/Code/RMG-database-i236-radiative-root/input/kinetics/libraries/PlasmaArgon/reactions.py...
INFO:root:Loading kinetics library C3 from /home/alon/Code/RMG-database-i236-radiative-root/input/kinetics/libraries/C3/reactions.py...
INFO:root:Loading kinetics library PlasmaAir from /home/alon/Code/RMG-database-i236-radiative-root/input/kinetics/libraries/PlasmaAir/reactions.py...
INFO:root:Loading kinetics library Methylformate from /home/alon/Code/RMG-database-i236-radiative-root/input/kinetics/libraries/Methylformate/reactions.py...
INFO:root:Loading kinetics library vinylCPD_H from /home/alon/Code/RMG-database-i236-radiative-root/input/kinetics/libraries/vinylCPD_H/reactions.py...
INFO:root:Loading kinetics library PlasmaAlkali from /home/alon/Code/RMG-database-i236-radiative-root/input/kinetics/libraries/PlasmaAlkali/reactions.py...
INFO:root:Loading kinetics library GRI-Mech3.0-N from /home/alon/Code/RMG-database-i236-radiative-root/input/kinetics/libraries/GRI-Mech3.0-N/reactions.py...
INFO:root:Loading kinetics library N-S_interactions from /home/alon/Code/RMG-database-i236-radiative-root/input/kinetics/libraries/N-S_interactions/reactions.py...
INFO:root:Loading kinetics library 2001_Tokmakov_H_Toluene_to_CH3_Benzene from /home/alon/Code/RMG-database-i236-radiative-root/input/kinetics/libraries/2001_Tokmakov_H_Toluene_to_CH3_Benzene/reactions.py...
INFO:root:Loading kinetics library Narayanaswamy from /home/alon/Code/RMG-database-i236-radiative-root/input/kinetics/libraries/Narayanaswamy/reactions.py...
INFO:root:Loading kinetics library TEOS from /home/alon/Code/RMG-database-i236-radiative-root/input/kinetics/libraries/TEOS/reactions.py...
INFO:root:Loading kinetics library Mebel_C6H5_C2H2 from /home/alon/Code/RMG-database-i236-radiative-root/input/kinetics/libraries/Mebel_C6H5_C2H2/reactions.py...
INFO:root:Loading kinetics library Nitrogen_Dean_and_Bozzelli from /home/alon/Code/RMG-database-i236-radiative-root/input/kinetics/libraries/Nitrogen_Dean_and_Bozzelli/reactions.py...
INFO:root:Loading kinetics library C12H11_pdep from /home/alon/Code/RMG-database-i236-radiative-root/input/kinetics/libraries/C12H11_pdep/reactions.py...
INFO:root:Loading kinetics library FormicAcid from /home/alon/Code/RMG-database-i236-radiative-root/input/kinetics/libraries/FormicAcid/reactions.py...
INFO:root:Loading kinetics library 2006_Joshi_OH_CO from /home/alon/Code/RMG-database-i236-radiative-root/input/kinetics/libraries/2006_Joshi_OH_CO/reactions.py...
INFO:root:Loading kinetics library Nitrogen_Glarborg_Lucassen_et_al from /home/alon/Code/RMG-database-i236-radiative-root/input/kinetics/libraries/Nitrogen_Glarborg_Lucassen_et_al/reactions.py...
INFO:root:Loading kinetics library LithiumPrimaryChargedKinetics from /home/alon/Code/RMG-database-i236-radiative-root/input/kinetics/libraries/LithiumPrimaryChargedKinetics/reactions.py...
INFO:root:Loading kinetics library HydrazinePDep from /home/alon/Code/RMG-database-i236-radiative-root/input/kinetics/libraries/HydrazinePDep/reactions.py...
WARNING:root:Only Arrhenius and PDepArrhenius kinetics supported for duplicate reactions.
WARNING:root:Only Arrhenius and PDepArrhenius kinetics supported for duplicate reactions.
WARNING:root:Only Arrhenius and PDepArrhenius kinetics supported for duplicate reactions.
WARNING:root:Only Arrhenius and PDepArrhenius kinetics supported for duplicate reactions.
INFO:root:Loading kinetics library Lai_Hexylbenzene from /home/alon/Code/RMG-database-i236-radiative-root/input/kinetics/libraries/Lai_Hexylbenzene/reactions.py...
INFO:root:Loading kinetics library C2H4+O_Klipp2017 from /home/alon/Code/RMG-database-i236-radiative-root/input/kinetics/libraries/C2H4+O_Klipp2017/reactions.py...
INFO:root:Loading kinetics library DTU_mech_CH3Cl from /home/alon/Code/RMG-database-i236-radiative-root/input/kinetics/libraries/DTU_mech_CH3Cl/reactions.py...
INFO:root:Loading kinetics library CO2RR_DFT_Ag111 from /home/alon/Code/RMG-database-i236-radiative-root/input/kinetics/libraries/CO2RR_DFT_Ag111/reactions.py...
INFO:root:Loading kinetics library ERC-FoundationFuelv0.9 from /home/alon/Code/RMG-database-i236-radiative-root/input/kinetics/libraries/ERC-FoundationFuelv0.9/reactions.py...
INFO:root:Loading kinetics library Chernov from /home/alon/Code/RMG-database-i236-radiative-root/input/kinetics/libraries/Chernov/reactions.py...
INFO:root:Loading kinetics library First_to_Second_Aromatic_Ring/2016_Mebel_Indene_CH3_highP from /home/alon/Code/RMG-database-i236-radiative-root/input/kinetics/libraries/First_to_Second_Aromatic_Ring/2016_Mebel_Indene_CH3_highP/reactions.py...
INFO:root:Loading kinetics library First_to_Second_Aromatic_Ring/phenyl_diacetylene_effective from /home/alon/Code/RMG-database-i236-radiative-root/input/kinetics/libraries/First_to_Second_Aromatic_Ring/phenyl_diacetylene_effective/reactions.py...
INFO:root:Loading kinetics library First_to_Second_Aromatic_Ring/2017_Mebel_C6H5C2H2_C2H2_highP from /home/alon/Code/RMG-database-i236-radiative-root/input/kinetics/libraries/First_to_Second_Aromatic_Ring/2017_Mebel_C6H5C2H2_C2H2_highP/reactions.py...
INFO:root:Loading kinetics library First_to_Second_Aromatic_Ring/2017_Buras_C6H5_C3H6_highP from /home/alon/Code/RMG-database-i236-radiative-root/input/kinetics/libraries/First_to_Second_Aromatic_Ring/2017_Buras_C6H5_C3H6_highP/reactions.py...
INFO:root:Loading kinetics library First_to_Second_Aromatic_Ring/2016_Mebel_C9H9_highP from /home/alon/Code/RMG-database-i236-radiative-root/input/kinetics/libraries/First_to_Second_Aromatic_Ring/2016_Mebel_C9H9_highP/reactions.py...
INFO:root:Loading kinetics library First_to_Second_Aromatic_Ring/2017_Mebel_C6H5_C2H2_highP from /home/alon/Code/RMG-database-i236-radiative-root/input/kinetics/libraries/First_to_Second_Aromatic_Ring/2017_Mebel_C6H5_C2H2_highP/reactions.py...
INFO:root:Loading kinetics library First_to_Second_Aromatic_Ring/2017_Mebel_C6H5_C4H4_highP from /home/alon/Code/RMG-database-i236-radiative-root/input/kinetics/libraries/First_to_Second_Aromatic_Ring/2017_Mebel_C6H5_C4H4_highP/reactions.py...
INFO:root:Loading kinetics library First_to_Second_Aromatic_Ring/2016_Mebel_C10H9_highP from /home/alon/Code/RMG-database-i236-radiative-root/input/kinetics/libraries/First_to_Second_Aromatic_Ring/2016_Mebel_C10H9_highP/reactions.py...
INFO:root:Loading kinetics library First_to_Second_Aromatic_Ring/2005_Ismail_C6H5_C4H6_highP from /home/alon/Code/RMG-database-i236-radiative-root/input/kinetics/libraries/First_to_Second_Aromatic_Ring/2005_Ismail_C6H5_C4H6_highP/reactions.py...
INFO:root:Loading kinetics library First_to_Second_Aromatic_Ring/2017_Mebel_C6H4C2H_C2H2_highP from /home/alon/Code/RMG-database-i236-radiative-root/input/kinetics/libraries/First_to_Second_Aromatic_Ring/2017_Mebel_C6H4C2H_C2H2_highP/reactions.py...
INFO:root:Loading kinetics library First_to_Second_Aromatic_Ring/2012_Matsugi_C3H3_C7H7_highP from /home/alon/Code/RMG-database-i236-radiative-root/input/kinetics/libraries/First_to_Second_Aromatic_Ring/2012_Matsugi_C3H3_C7H7_highP/reactions.py...
INFO:root:Loading kinetics library Surface/Hydrazine/Roldan_Ir111 from /home/alon/Code/RMG-database-i236-radiative-root/input/kinetics/libraries/Surface/Hydrazine/Roldan_Ir111/reactions.py...
INFO:root:Loading kinetics library Surface/Hydrazine/Roldan_Cu111 from /home/alon/Code/RMG-database-i236-radiative-root/input/kinetics/libraries/Surface/Hydrazine/Roldan_Cu111/reactions.py...
INFO:root:Loading kinetics library Surface/DOC/Nitrogen from /home/alon/Code/RMG-database-i236-radiative-root/input/kinetics/libraries/Surface/DOC/Nitrogen/reactions.py...
INFO:root:Loading kinetics library Surface/DOC/Arevalo_Pt111 from /home/alon/Code/RMG-database-i236-radiative-root/input/kinetics/libraries/Surface/DOC/Arevalo_Pt111/reactions.py...
INFO:root:Loading kinetics library Surface/DOC/Mhadeshwar_Pt111 from /home/alon/Code/RMG-database-i236-radiative-root/input/kinetics/libraries/Surface/DOC/Mhadeshwar_Pt111/reactions.py...
INFO:root:Loading kinetics library Surface/DOC/Ishikawa_Rh111 from /home/alon/Code/RMG-database-i236-radiative-root/input/kinetics/libraries/Surface/DOC/Ishikawa_Rh111/reactions.py...
INFO:root:Loading kinetics library Surface/Example from /home/alon/Code/RMG-database-i236-radiative-root/input/kinetics/libraries/Surface/Example/reactions.py...
INFO:root:Loading kinetics library Surface/Ammonia/Novell_Pt111 from /home/alon/Code/RMG-database-i236-radiative-root/input/kinetics/libraries/Surface/Ammonia/Novell_Pt111/reactions.py...
INFO:root:Loading kinetics library Surface/Ammonia/Rebrov_Pt111 from /home/alon/Code/RMG-database-i236-radiative-root/input/kinetics/libraries/Surface/Ammonia/Rebrov_Pt111/reactions.py...
INFO:root:Loading kinetics library Surface/Ammonia/Popa_Rh111 from /home/alon/Code/RMG-database-i236-radiative-root/input/kinetics/libraries/Surface/Ammonia/Popa_Rh111/reactions.py...
INFO:root:Loading kinetics library Surface/Ammonia/Duan_Ni211 from /home/alon/Code/RMG-database-i236-radiative-root/input/kinetics/libraries/Surface/Ammonia/Duan_Ni211/reactions.py...
INFO:root:Loading kinetics library Surface/Ammonia/Schneider_Rh211 from /home/alon/Code/RMG-database-i236-radiative-root/input/kinetics/libraries/Surface/Ammonia/Schneider_Rh211/reactions.py...
INFO:root:Loading kinetics library Surface/Ammonia/Duan_Ni111 from /home/alon/Code/RMG-database-i236-radiative-root/input/kinetics/libraries/Surface/Ammonia/Duan_Ni111/reactions.py...
INFO:root:Loading kinetics library Surface/Ammonia/Schneider_Rh111 from /home/alon/Code/RMG-database-i236-radiative-root/input/kinetics/libraries/Surface/Ammonia/Schneider_Rh111/reactions.py...
INFO:root:Loading kinetics library Surface/Ammonia/Schneider_Pd111 from /home/alon/Code/RMG-database-i236-radiative-root/input/kinetics/libraries/Surface/Ammonia/Schneider_Pd111/reactions.py...
INFO:root:Loading kinetics library Surface/Ammonia/Kraehnert_Pt111 from /home/alon/Code/RMG-database-i236-radiative-root/input/kinetics/libraries/Surface/Ammonia/Kraehnert_Pt111/reactions.py...
INFO:root:Loading kinetics library Surface/Ammonia/Schneider_Pd211 from /home/alon/Code/RMG-database-i236-radiative-root/input/kinetics/libraries/Surface/Ammonia/Schneider_Pd211/reactions.py...
INFO:root:Loading kinetics library Surface/Ammonia/Novell_Rh111 from /home/alon/Code/RMG-database-i236-radiative-root/input/kinetics/libraries/Surface/Ammonia/Novell_Rh111/reactions.py...
INFO:root:Loading kinetics library Surface/Ammonia/Novell_Pd111 from /home/alon/Code/RMG-database-i236-radiative-root/input/kinetics/libraries/Surface/Ammonia/Novell_Pd111/reactions.py...
INFO:root:Loading kinetics library Surface/Ammonia/Schneider_Pt111 from /home/alon/Code/RMG-database-i236-radiative-root/input/kinetics/libraries/Surface/Ammonia/Schneider_Pt111/reactions.py...
INFO:root:Loading kinetics library Surface/Ammonia/Schneider_Pt211 from /home/alon/Code/RMG-database-i236-radiative-root/input/kinetics/libraries/Surface/Ammonia/Schneider_Pt211/reactions.py...
INFO:root:Loading kinetics library Surface/Ammonia/Offermans_Pt111 from /home/alon/Code/RMG-database-i236-radiative-root/input/kinetics/libraries/Surface/Ammonia/Offermans_Pt111/reactions.py...
INFO:root:Loading kinetics library Surface/Ammonia/Vlachos_Ru0001 from /home/alon/Code/RMG-database-i236-radiative-root/input/kinetics/libraries/Surface/Ammonia/Vlachos_Ru0001/reactions.py...
INFO:root:Loading kinetics library Surface/Ammonia/Roldan_Ru0001 from /home/alon/Code/RMG-database-i236-radiative-root/input/kinetics/libraries/Surface/Ammonia/Roldan_Ru0001/reactions.py...
INFO:root:Loading kinetics library Surface/Ammonia/Scheuer_Pt from /home/alon/Code/RMG-database-i236-radiative-root/input/kinetics/libraries/Surface/Ammonia/Scheuer_Pt/reactions.py...
INFO:root:Loading kinetics library Surface/CPOX_Pt/Deutschmann2006_adjusted from /home/alon/Code/RMG-database-i236-radiative-root/input/kinetics/libraries/Surface/CPOX_Pt/Deutschmann2006_adjusted/reactions.py...
INFO:root:Loading kinetics library Surface/Methane/Deutschmann_Pt from /home/alon/Code/RMG-database-i236-radiative-root/input/kinetics/libraries/Surface/Methane/Deutschmann_Pt/reactions.py...
INFO:root:Loading kinetics library Surface/Methane/Deutschmann_Ni_full from /home/alon/Code/RMG-database-i236-radiative-root/input/kinetics/libraries/Surface/Methane/Deutschmann_Ni_full/reactions.py...
INFO:root:Loading kinetics library Surface/Methane/Deutschmann_Ni from /home/alon/Code/RMG-database-i236-radiative-root/input/kinetics/libraries/Surface/Methane/Deutschmann_Ni/reactions.py...
INFO:root:Loading kinetics library Surface/Methane/Vlachos_Pt111 from /home/alon/Code/RMG-database-i236-radiative-root/input/kinetics/libraries/Surface/Methane/Vlachos_Pt111/reactions.py...
INFO:root:Loading kinetics library Surface/Methane/Vlachos_Rh from /home/alon/Code/RMG-database-i236-radiative-root/input/kinetics/libraries/Surface/Methane/Vlachos_Rh/reactions.py...
INFO:root:Loading kinetics library C10H11 from /home/alon/Code/RMG-database-i236-radiative-root/input/kinetics/libraries/C10H11/reactions.py...
INFO:root:Loading kinetics library JetSurF1.0 from /home/alon/Code/RMG-database-i236-radiative-root/input/kinetics/libraries/JetSurF1.0/reactions.py...
WARNING:root:Only Arrhenius and PDepArrhenius kinetics supported for duplicate reactions.
WARNING:root:Only Arrhenius and PDepArrhenius kinetics supported for duplicate reactions.
WARNING:root:Only Arrhenius and PDepArrhenius kinetics supported for duplicate reactions.
WARNING:root:Only Arrhenius and PDepArrhenius kinetics supported for duplicate reactions.
WARNING:root:Only Arrhenius and PDepArrhenius kinetics supported for duplicate reactions.
WARNING:root:Only Arrhenius and PDepArrhenius kinetics supported for duplicate reactions.
WARNING:root:Only Arrhenius and PDepArrhenius kinetics supported for duplicate reactions.
WARNING:root:Only Arrhenius and PDepArrhenius kinetics supported for duplicate reactions.
WARNING:root:Only Arrhenius and PDepArrhenius kinetics supported for duplicate reactions.
WARNING:root:Only Arrhenius and PDepArrhenius kinetics supported for duplicate reactions.
WARNING:root:Only Arrhenius and PDepArrhenius kinetics supported for duplicate reactions.
WARNING:root:Only Arrhenius and PDepArrhenius kinetics supported for duplicate reactions.
WARNING:root:Only Arrhenius and PDepArrhenius kinetics supported for duplicate reactions.
WARNING:root:Only Arrhenius and PDepArrhenius kinetics supported for duplicate reactions.
INFO:root:Loading kinetics library biCPD_H_shift from /home/alon/Code/RMG-database-i236-radiative-root/input/kinetics/libraries/biCPD_H_shift/reactions.py...
INFO:root:Loading kinetics library C6H5_C4H4_Mebel from /home/alon/Code/RMG-database-i236-radiative-root/input/kinetics/libraries/C6H5_C4H4_Mebel/reactions.py...
INFO:root:Loading kinetics library naphthalene_H from /home/alon/Code/RMG-database-i236-radiative-root/input/kinetics/libraries/naphthalene_H/reactions.py...
INFO:root:Loading kinetics library DMSOxy from /home/alon/Code/RMG-database-i236-radiative-root/input/kinetics/libraries/DMSOxy/reactions.py...
INFO:root:Loading kinetics library C2H2_init from /home/alon/Code/RMG-database-i236-radiative-root/input/kinetics/libraries/C2H2_init/reactions.py...
INFO:root:Loading kinetics library 2005_Senosiain_OH_C2H2 from /home/alon/Code/RMG-database-i236-radiative-root/input/kinetics/libraries/2005_Senosiain_OH_C2H2/reactions.py...
INFO:root:Loading kinetics library FFCM1(-) from /home/alon/Code/RMG-database-i236-radiative-root/input/kinetics/libraries/FFCM1(-)/reactions.py...
INFO:root:Loading kinetics library 2-BTP/seed from /home/alon/Code/RMG-database-i236-radiative-root/input/kinetics/libraries/2-BTP/seed/reactions.py...
INFO:root:Loading kinetics library 2-BTP/full from /home/alon/Code/RMG-database-i236-radiative-root/input/kinetics/libraries/2-BTP/full/reactions.py...
INFO:root:Loading kinetics library Mebel_Naphthyl from /home/alon/Code/RMG-database-i236-radiative-root/input/kinetics/libraries/Mebel_Naphthyl/reactions.py...
INFO:root:Loading kinetics library YF/seed from /home/alon/Code/RMG-database-i236-radiative-root/input/kinetics/libraries/YF/seed/reactions.py...
WARNING:root:Only Arrhenius and PDepArrhenius kinetics supported for duplicate reactions.
WARNING:root:Only Arrhenius and PDepArrhenius kinetics supported for duplicate reactions.
INFO:root:Loading kinetics library YF/full from /home/alon/Code/RMG-database-i236-radiative-root/input/kinetics/libraries/YF/full/reactions.py...
WARNING:root:Only Arrhenius and PDepArrhenius kinetics supported for duplicate reactions.
WARNING:root:Only Arrhenius and PDepArrhenius kinetics supported for duplicate reactions.
INFO:root:Loading kinetics library 2003_Miller_Propargyl_Recomb_High_P from /home/alon/Code/RMG-database-i236-radiative-root/input/kinetics/libraries/2003_Miller_Propargyl_Recomb_High_P/reactions.py...
INFO:root:Loading kinetics library BurkeH2O2inArHe from /home/alon/Code/RMG-database-i236-radiative-root/input/kinetics/libraries/BurkeH2O2inArHe/reactions.py...
INFO:root:Loading kinetics library JetSurF2.0 from /home/alon/Code/RMG-database-i236-radiative-root/input/kinetics/libraries/JetSurF2.0/reactions.py...
WARNING:root:Only Arrhenius and PDepArrhenius kinetics supported for duplicate reactions.
WARNING:root:Only Arrhenius and PDepArrhenius kinetics supported for duplicate reactions.
WARNING:root:Only Arrhenius and PDepArrhenius kinetics supported for duplicate reactions.
WARNING:root:Only Arrhenius and PDepArrhenius kinetics supported for duplicate reactions.
WARNING:root:Only Arrhenius and PDepArrhenius kinetics supported for duplicate reactions.
WARNING:root:Only Arrhenius and PDepArrhenius kinetics supported for duplicate reactions.
WARNING:root:Only Arrhenius and PDepArrhenius kinetics supported for duplicate reactions.
WARNING:root:Only Arrhenius and PDepArrhenius kinetics supported for duplicate reactions.
WARNING:root:Only Arrhenius and PDepArrhenius kinetics supported for duplicate reactions.
WARNING:root:Only Arrhenius and PDepArrhenius kinetics supported for duplicate reactions.
WARNING:root:Only Arrhenius and PDepArrhenius kinetics supported for duplicate reactions.
WARNING:root:Only Arrhenius and PDepArrhenius kinetics supported for duplicate reactions.
WARNING:root:Only Arrhenius and PDepArrhenius kinetics supported for duplicate reactions.
WARNING:root:Only Arrhenius and PDepArrhenius kinetics supported for duplicate reactions.
INFO:root:Loading kinetics library primarySulfurLibrary from /home/alon/Code/RMG-database-i236-radiative-root/input/kinetics/libraries/primarySulfurLibrary/reactions.py...
WARNING:root:Only Arrhenius and PDepArrhenius kinetics supported for duplicate reactions.
WARNING:root:Only Arrhenius and PDepArrhenius kinetics supported for duplicate reactions.
INFO:root:Loading kinetics library Chung_solvation_corrections from /home/alon/Code/RMG-database-i236-radiative-root/input/kinetics/libraries/Chung_solvation_corrections/reactions.py...
INFO:root:Loading kinetics library NOx2018 from /home/alon/Code/RMG-database-i236-radiative-root/input/kinetics/libraries/NOx2018/reactions.py...
WARNING:root:Only Arrhenius and PDepArrhenius kinetics supported for duplicate reactions.
WARNING:root:Only Arrhenius and PDepArrhenius kinetics supported for duplicate reactions.
WARNING:root:Only Arrhenius and PDepArrhenius kinetics supported for duplicate reactions.
INFO:root:Loading kinetics library c-C5H5_CH3_Sharma from /home/alon/Code/RMG-database-i236-radiative-root/input/kinetics/libraries/c-C5H5_CH3_Sharma/reactions.py...
INFO:root:Loading kinetics library fascella from /home/alon/Code/RMG-database-i236-radiative-root/input/kinetics/libraries/fascella/reactions.py...
INFO:root:Loading kinetics library CH3Cl from /home/alon/Code/RMG-database-i236-radiative-root/input/kinetics/libraries/CH3Cl/reactions.py...
WARNING:root:Only Arrhenius and PDepArrhenius kinetics supported for duplicate reactions.
WARNING:root:Only Arrhenius and PDepArrhenius kinetics supported for duplicate reactions.
INFO:root:Loading kinetics library Klippenstein_Glarborg2016 from /home/alon/Code/RMG-database-i236-radiative-root/input/kinetics/libraries/Klippenstein_Glarborg2016/reactions.py...
WARNING:root:Only Arrhenius and PDepArrhenius kinetics supported for duplicate reactions.
WARNING:root:Only Arrhenius and PDepArrhenius kinetics supported for duplicate reactions.
INFO:root:Loading kinetics library CurranPentane from /home/alon/Code/RMG-database-i236-radiative-root/input/kinetics/libraries/CurranPentane/reactions.py...
WARNING:root:Only Arrhenius and PDepArrhenius kinetics supported for duplicate reactions.
WARNING:root:Only Arrhenius and PDepArrhenius kinetics supported for duplicate reactions.
INFO:root:Loading kinetics library 2009_Sharma_C5H5_CH3_highP from /home/alon/Code/RMG-database-i236-radiative-root/input/kinetics/libraries/2009_Sharma_C5H5_CH3_highP/reactions.py...
INFO:root:Loading kinetics library combustion_core/version4 from /home/alon/Code/RMG-database-i236-radiative-root/input/kinetics/libraries/combustion_core/version4/reactions.py...
INFO:root:Loading kinetics library combustion_core/version5 from /home/alon/Code/RMG-database-i236-radiative-root/input/kinetics/libraries/combustion_core/version5/reactions.py...
INFO:root:Loading kinetics library combustion_core/version2 from /home/alon/Code/RMG-database-i236-radiative-root/input/kinetics/libraries/combustion_core/version2/reactions.py...
INFO:root:Loading kinetics library combustion_core/version3 from /home/alon/Code/RMG-database-i236-radiative-root/input/kinetics/libraries/combustion_core/version3/reactions.py...
INFO:root:Loading kinetics library Nitrogen_Glarborg_Zhang_et_al from /home/alon/Code/RMG-database-i236-radiative-root/input/kinetics/libraries/Nitrogen_Glarborg_Zhang_et_al/reactions.py...
INFO:root:Loading kinetics library GRI-Mech3.0 from /home/alon/Code/RMG-database-i236-radiative-root/input/kinetics/libraries/GRI-Mech3.0/reactions.py...
INFO:root:Loading kinetics library Glarborg/C3 from /home/alon/Code/RMG-database-i236-radiative-root/input/kinetics/libraries/Glarborg/C3/reactions.py...
INFO:root:Loading kinetics library Glarborg/C2 from /home/alon/Code/RMG-database-i236-radiative-root/input/kinetics/libraries/Glarborg/C2/reactions.py...
INFO:root:Loading kinetics library Glarborg/C0 from /home/alon/Code/RMG-database-i236-radiative-root/input/kinetics/libraries/Glarborg/C0/reactions.py...
INFO:root:Loading kinetics library Glarborg/highP from /home/alon/Code/RMG-database-i236-radiative-root/input/kinetics/libraries/Glarborg/highP/reactions.py...
INFO:root:Loading kinetics library Glarborg/C1 from /home/alon/Code/RMG-database-i236-radiative-root/input/kinetics/libraries/Glarborg/C1/reactions.py...
INFO:root:Loading kinetics library Butadiene_Dimerization from /home/alon/Code/RMG-database-i236-radiative-root/input/kinetics/libraries/Butadiene_Dimerization/reactions.py...
INFO:root:Loading kinetics library 2015_Buras_C2H3_C4H6_highP from /home/alon/Code/RMG-database-i236-radiative-root/input/kinetics/libraries/2015_Buras_C2H3_C4H6_highP/reactions.py...
INFO:root:Loading kinetics library GRI-HCO from /home/alon/Code/RMG-database-i236-radiative-root/input/kinetics/libraries/GRI-HCO/reactions.py...
INFO:root:Loading kinetics library LithiumSurfaceAnalogy from /home/alon/Code/RMG-database-i236-radiative-root/input/kinetics/libraries/LithiumSurfaceAnalogy/reactions.py...
INFO:root:Loading kinetics library PlasmaElectronImpactIonization from /home/alon/Code/RMG-database-i236-radiative-root/input/kinetics/libraries/PlasmaElectronImpactIonization/reactions.py...
INFO:root:Loading kinetics library LithiumPrimaryKinetics2 from /home/alon/Code/RMG-database-i236-radiative-root/input/kinetics/libraries/LithiumPrimaryKinetics2/reactions.py...
INFO:root:Loading kinetics library primaryH2O2 from /home/alon/Code/RMG-database-i236-radiative-root/input/kinetics/libraries/primaryH2O2/reactions.py...
INFO:root:Loading kinetics library LithiumSurface from /home/alon/Code/RMG-database-i236-radiative-root/input/kinetics/libraries/LithiumSurface/reactions.py...
INFO:root:Loading kinetics library kislovB from /home/alon/Code/RMG-database-i236-radiative-root/input/kinetics/libraries/kislovB/reactions.py...
INFO:root:Loading frequencies library from halogens_G4.py in /home/alon/Code/RMG-database-i236-radiative-root/input/statmech/libraries...
INFO:root:Loading frequencies group database from /home/alon/Code/RMG-database-i236-radiative-root/input/statmech/groups...
INFO:root:Loading solvation thermodynamics group database from /home/alon/Code/RMG-database-i236-radiative-root/input/solvation/groups...
INFO:root:Loading thermodynamics library from PlasmaCationThermo.py in /home/alon/Code/RMG-database-i236-radiative-root/input/thermo/libraries...
INFO:root:Loading thermodynamics library from LithiumAdditionalThermo.py in /home/alon/Code/RMG-database-i236-radiative-root/input/thermo/libraries...
INFO:root:Loading thermodynamics library from SulfurLibrary.py in /home/alon/Code/RMG-database-i236-radiative-root/input/thermo/libraries...
INFO:root:Loading thermodynamics library from halogens.py in /home/alon/Code/RMG-database-i236-radiative-root/input/thermo/libraries...
INFO:root:Loading thermodynamics library from CO2RR_Adsorbates_Cu111.py in /home/alon/Code/RMG-database-i236-radiative-root/input/thermo/libraries...
INFO:root:Loading thermodynamics library from primaryNS.py in /home/alon/Code/RMG-database-i236-radiative-root/input/thermo/libraries...
INFO:root:Loading thermodynamics library from CH.py in /home/alon/Code/RMG-database-i236-radiative-root/input/thermo/libraries...
INFO:root:Loading thermodynamics library from CHOFCl_G4.py in /home/alon/Code/RMG-database-i236-radiative-root/input/thermo/libraries...
INFO:root:Loading thermodynamics library from bio_oil.py in /home/alon/Code/RMG-database-i236-radiative-root/input/thermo/libraries...
INFO:root:Loading thermodynamics library from BurkeH2O2.py in /home/alon/Code/RMG-database-i236-radiative-root/input/thermo/libraries...
INFO:root:Loading thermodynamics library from CHO.py in /home/alon/Code/RMG-database-i236-radiative-root/input/thermo/libraries...
INFO:root:Loading thermodynamics library from SulfurHaynes.py in /home/alon/Code/RMG-database-i236-radiative-root/input/thermo/libraries...
INFO:root:Loading thermodynamics library from C3.py in /home/alon/Code/RMG-database-i236-radiative-root/input/thermo/libraries...
INFO:root:Loading thermodynamics library from CHOClBr_G4.py in /home/alon/Code/RMG-database-i236-radiative-root/input/thermo/libraries...
INFO:root:Loading thermodynamics library from JetSurF2.0.py in /home/alon/Code/RMG-database-i236-radiative-root/input/thermo/libraries...
INFO:root:Loading thermodynamics library from electrocatLiThermo.py in /home/alon/Code/RMG-database-i236-radiative-root/input/thermo/libraries...
INFO:root:Loading thermodynamics library from CHOBr_G4.py in /home/alon/Code/RMG-database-i236-radiative-root/input/thermo/libraries...
INFO:root:Loading thermodynamics library from LithiumPrimaryThermo.py in /home/alon/Code/RMG-database-i236-radiative-root/input/thermo/libraries...
INFO:root:Loading thermodynamics library from CHOF_G4.py in /home/alon/Code/RMG-database-i236-radiative-root/input/thermo/libraries...
INFO:root:Loading thermodynamics library from C10H11.py in /home/alon/Code/RMG-database-i236-radiative-root/input/thermo/libraries...
INFO:root:Loading thermodynamics library from SulfurGlarborgNS.py in /home/alon/Code/RMG-database-i236-radiative-root/input/thermo/libraries...
INFO:root:Loading thermodynamics library from Narayanaswamy.py in /home/alon/Code/RMG-database-i236-radiative-root/input/thermo/libraries...
INFO:root:Loading thermodynamics library from CBS_QB3_1dHR.py in /home/alon/Code/RMG-database-i236-radiative-root/input/thermo/libraries...
INFO:root:Loading thermodynamics library from NH3.py in /home/alon/Code/RMG-database-i236-radiative-root/input/thermo/libraries...
INFO:root:Loading thermodynamics library from SulfurGlarborgMarshall.py in /home/alon/Code/RMG-database-i236-radiative-root/input/thermo/libraries...
INFO:root:Loading thermodynamics library from CO2RR_Adsorbates_Ag111.py in /home/alon/Code/RMG-database-i236-radiative-root/input/thermo/libraries...
INFO:root:Loading thermodynamics library from CN.py in /home/alon/Code/RMG-database-i236-radiative-root/input/thermo/libraries...
INFO:root:Loading thermodynamics library from 2-BTP.py in /home/alon/Code/RMG-database-i236-radiative-root/input/thermo/libraries...
INFO:root:Loading thermodynamics library from surfaceThermoCovDepPt111.py in /home/alon/Code/RMG-database-i236-radiative-root/input/thermo/libraries...
INFO:root:Loading thermodynamics library from SulfurGlarborgH2S.py in /home/alon/Code/RMG-database-i236-radiative-root/input/thermo/libraries...
INFO:root:Loading thermodynamics library from Spiekermann_refining_elementary_reactions.py in /home/alon/Code/RMG-database-i236-radiative-root/input/thermo/libraries...
INFO:root:Loading thermodynamics library from CHOFBr_G4.py in /home/alon/Code/RMG-database-i236-radiative-root/input/thermo/libraries...
INFO:root:Loading thermodynamics library from iodinated_Hydrocarbons.py in /home/alon/Code/RMG-database-i236-radiative-root/input/thermo/libraries...
INFO:root:Loading thermodynamics library from FormicAcid.py in /home/alon/Code/RMG-database-i236-radiative-root/input/thermo/libraries...
INFO:root:Loading thermodynamics library from DFT_QCI_thermo.py in /home/alon/Code/RMG-database-i236-radiative-root/input/thermo/libraries...
INFO:root:Loading thermodynamics library from NISTThermoLibrary.py in /home/alon/Code/RMG-database-i236-radiative-root/input/thermo/libraries...
INFO:root:Loading thermodynamics library from primaryThermoLibrary.py in /home/alon/Code/RMG-database-i236-radiative-root/input/thermo/libraries...
INFO:root:Loading thermodynamics library from SulfurGlarborgBozzelli.py in /home/alon/Code/RMG-database-i236-radiative-root/input/thermo/libraries...
INFO:root:Loading thermodynamics library from Butadiene_Dimerization.py in /home/alon/Code/RMG-database-i236-radiative-root/input/thermo/libraries...
INFO:root:Loading thermodynamics library from naphthalene_H.py in /home/alon/Code/RMG-database-i236-radiative-root/input/thermo/libraries...
INFO:root:Loading thermodynamics library from Chernov.py in /home/alon/Code/RMG-database-i236-radiative-root/input/thermo/libraries...
INFO:root:Loading thermodynamics library from Chlorination.py in /home/alon/Code/RMG-database-i236-radiative-root/input/thermo/libraries...
INFO:root:Loading thermodynamics library from FFCM1(-).py in /home/alon/Code/RMG-database-i236-radiative-root/input/thermo/libraries...
INFO:root:Loading thermodynamics library from Fluorine.py in /home/alon/Code/RMG-database-i236-radiative-root/input/thermo/libraries...
INFO:root:Loading thermodynamics library from CHOCl_G4.py in /home/alon/Code/RMG-database-i236-radiative-root/input/thermo/libraries...
INFO:root:Loading thermodynamics library from Lai_Hexylbenzene.py in /home/alon/Code/RMG-database-i236-radiative-root/input/thermo/libraries...
INFO:root:Loading thermodynamics library from Fulvene_H.py in /home/alon/Code/RMG-database-i236-radiative-root/input/thermo/libraries...
INFO:root:Loading thermodynamics library from CHOFClBr_G4.py in /home/alon/Code/RMG-database-i236-radiative-root/input/thermo/libraries...
INFO:root:Loading thermodynamics library from USC-Mech-ii.py in /home/alon/Code/RMG-database-i236-radiative-root/input/thermo/libraries...
INFO:root:Loading thermodynamics library from GRI-Mech3.0.py in /home/alon/Code/RMG-database-i236-radiative-root/input/thermo/libraries...
INFO:root:Loading thermodynamics library from Klippenstein_Glarborg2016.py in /home/alon/Code/RMG-database-i236-radiative-root/input/thermo/libraries...
INFO:root:Loading thermodynamics library from s3_5_7_ane.py in /home/alon/Code/RMG-database-i236-radiative-root/input/thermo/libraries...
INFO:root:Loading thermodynamics library from Elliott_OOQOOH.py in /home/alon/Code/RMG-database-i236-radiative-root/input/thermo/libraries...
INFO:root:Loading thermodynamics library from LithiumPrimaryThermo2.py in /home/alon/Code/RMG-database-i236-radiative-root/input/thermo/libraries...
INFO:root:Loading thermodynamics library from surfaceThermoNi111.py in /home/alon/Code/RMG-database-i236-radiative-root/input/thermo/libraries...
INFO:root:Loading thermodynamics library from heavy_oil_ccsdtf12_1dHR.py in /home/alon/Code/RMG-database-i236-radiative-root/input/thermo/libraries...
INFO:root:Loading thermodynamics library from surfaceThermoLi.py in /home/alon/Code/RMG-database-i236-radiative-root/input/thermo/libraries...
INFO:root:Loading thermodynamics library from CurranPentane.py in /home/alon/Code/RMG-database-i236-radiative-root/input/thermo/libraries...
INFO:root:Loading thermodynamics library from CHON.py in /home/alon/Code/RMG-database-i236-radiative-root/input/thermo/libraries...
INFO:root:Loading thermodynamics library from NitrogenCurran.py in /home/alon/Code/RMG-database-i236-radiative-root/input/thermo/libraries...
INFO:root:Loading thermodynamics library from SABIC_aromatics_1dHR_extended.py in /home/alon/Code/RMG-database-i236-radiative-root/input/thermo/libraries...
INFO:root:Loading thermodynamics library from LithiumSurface.py in /home/alon/Code/RMG-database-i236-radiative-root/input/thermo/libraries...
INFO:root:Loading thermodynamics library from BurcatNS.py in /home/alon/Code/RMG-database-i236-radiative-root/input/thermo/libraries...
INFO:root:Loading thermodynamics library from electrocatThermo.py in /home/alon/Code/RMG-database-i236-radiative-root/input/thermo/libraries...
INFO:root:Loading thermodynamics library from JetSurF1.0.py in /home/alon/Code/RMG-database-i236-radiative-root/input/thermo/libraries...
INFO:root:Loading thermodynamics library from Chlorinated_Hydrocarbons.py in /home/alon/Code/RMG-database-i236-radiative-root/input/thermo/libraries...
INFO:root:Loading thermodynamics library from thermo_DFT_CCSDTF12_BAC.py in /home/alon/Code/RMG-database-i236-radiative-root/input/thermo/libraries...
INFO:root:Loading thermodynamics library from SABIC_aromatics_1dHR.py in /home/alon/Code/RMG-database-i236-radiative-root/input/thermo/libraries...
INFO:root:Loading thermodynamics library from GRI-Mech3.0-N.py in /home/alon/Code/RMG-database-i236-radiative-root/input/thermo/libraries...
INFO:root:Loading thermodynamics library from CO2RR_Adsorbates_Cu3Sn0001.py in /home/alon/Code/RMG-database-i236-radiative-root/input/thermo/libraries...
INFO:root:Loading thermodynamics library from 2-BTP_G4.py in /home/alon/Code/RMG-database-i236-radiative-root/input/thermo/libraries...
INFO:root:Loading thermodynamics library from NOx2018.py in /home/alon/Code/RMG-database-i236-radiative-root/input/thermo/libraries...
INFO:root:Loading thermodynamics library from SABIC_aromatics.py in /home/alon/Code/RMG-database-i236-radiative-root/input/thermo/libraries...
INFO:root:Loading thermodynamics library from CHON_G4.py in /home/alon/Code/RMG-database-i236-radiative-root/input/thermo/libraries...
INFO:root:Loading thermodynamics library from vinylCPD_H.py in /home/alon/Code/RMG-database-i236-radiative-root/input/thermo/libraries...
INFO:root:Loading thermodynamics library from surfaceThermoPt111.py in /home/alon/Code/RMG-database-i236-radiative-root/input/thermo/libraries...
INFO:root:Loading thermodynamics library from CHN.py in /home/alon/Code/RMG-database-i236-radiative-root/input/thermo/libraries...
INFO:root:Loading thermodynamics library from computationalLithiumElectrode.py in /home/alon/Code/RMG-database-i236-radiative-root/input/thermo/libraries...
INFO:root:Loading thermodynamics group database from /home/alon/Code/RMG-database-i236-radiative-root/input/thermo/groups...
INFO:root:Loading thermodynamics SIDTs from /home/alon/Code/RMG-database-i236-radiative-root/input/thermo/sidt...
