
==============================================================================
M1-root-reverted-to-pre-I236
   '1 *1 [H,Li,Na,K] u0 p0 c+1'
-> '1 *1 R u0 px c[0,+1,+2,+3,+4,+5,+6,+7,+8]'
==============================================================================
family = <ReactionFamily "Plasma_Radiative_Recombination">, name = 'CH3NO2'

    @pytest.mark.parametrize('name', sorted(EXPECTED_OUT))
    def test_species_out_of_scope_are_not_matched(kinetics_db, family, name):
        """Nothing outside the cation stage reaches this family.
    
        The positive control is asserted in the same test: if the family had failed
        to load, `Li+` would be refused too and the negative assertion would pass
        for the wrong reason.
        """
        assert _family_is_really_loaded(family)
        assert _root_matches(family, 'Li+'), 'positive control lost: Li+ no longer matches the root'
        assert len(_generate(kinetics_db, 'Li+')) == 1, 'positive control lost: Li+ generates nothing'
    
>       assert not _root_matches(family, name), (
            '{0} matches the root ({1})'.format(name, EXPECTED_OUT[name]))
E       AssertionError: CH3NO2 matches the root (net-neutral with a formally +1 nitrogen)
E       assert not True
E        +  where True = _root_matches(<ReactionFamily "Plasma_Radiative_Recombination">, 'CH3NO2')

test/test_plasma_radiative_recombination_family.py:265: AssertionError
________________ test_species_out_of_scope_are_not_matched[CH4] ________________

kinetics_db = <rmgpy.data.kinetics.database.KineticsDatabase object at 0x73f38dd6eb50>
family = <ReactionFamily "Plasma_Radiative_Recombination">, name = 'CH4'

    @pytest.mark.parametrize('name', sorted(EXPECTED_OUT))
    def test_species_out_of_scope_are_not_matched(kinetics_db, family, name):
        """Nothing outside the cation stage reaches this family.
    
        The positive control is asserted in the same test: if the family had failed
        to load, `Li+` would be refused too and the negative assertion would pass
        for the wrong reason.
        """
        assert _family_is_really_loaded(family)
        assert _root_matches(family, 'Li+'), 'positive control lost: Li+ no longer matches the root'
        assert len(_generate(kinetics_db, 'Li+')) == 1, 'positive control lost: Li+ generates nothing'
    
>       assert not _root_matches(family, name), (
            '{0} matches the root ({1})'.format(name, EXPECTED_OUT[name]))
E       AssertionError: CH4 matches the root (ordinary neutral; the pre-I-236 root matched it)
E       assert not True
E        +  where True = _root_matches(<ReactionFamily "Plasma_Radiative_Recombination">, 'CH4')

test/test_plasma_radiative_recombination_family.py:265: AssertionError
________________ test_species_out_of_scope_are_not_matched[CO] _________________

kinetics_db = <rmgpy.data.kinetics.database.KineticsDatabase object at 0x73f38dd6eb50>
family = <ReactionFamily "Plasma_Radiative_Recombination">, name = 'CO'

    @pytest.mark.parametrize('name', sorted(EXPECTED_OUT))
    def test_species_out_of_scope_are_not_matched(kinetics_db, family, name):
        """Nothing outside the cation stage reaches this family.
    
        The positive control is asserted in the same test: if the family had failed
        to load, `Li+` would be refused too and the negative assertion would pass
        for the wrong reason.
        """
        assert _family_is_really_loaded(family)
        assert _root_matches(family, 'Li+'), 'positive control lost: Li+ no longer matches the root'
        assert len(_generate(kinetics_db, 'Li+')) == 1, 'positive control lost: Li+ generates nothing'
    
>       assert not _root_matches(family, name), (
            '{0} matches the root ({1})'.format(name, EXPECTED_OUT[name]))
E       AssertionError: CO matches the root (net-neutral with a formally +1 oxygen)
E       assert not True
E        +  where True = _root_matches(<ReactionFamily "Plasma_Radiative_Recombination">, 'CO')

test/test_plasma_radiative_recombination_family.py:265: AssertionError
________________ test_species_out_of_scope_are_not_matched[HF] _________________

kinetics_db = <rmgpy.data.kinetics.database.KineticsDatabase object at 0x73f38dd6eb50>
family = <ReactionFamily "Plasma_Radiative_Recombination">, name = 'HF'

    @pytest.mark.parametrize('name', sorted(EXPECTED_OUT))
    def test_species_out_of_scope_are_not_matched(kinetics_db, family, name):
        """Nothing outside the cation stage reaches this family.
    
        The positive control is asserted in the same test: if the family had failed
        to load, `Li+` would be refused too and the negative assertion would pass
        for the wrong reason.
        """
        assert _family_is_really_loaded(family)
        assert _root_matches(family, 'Li+'), 'positive control lost: Li+ no longer matches the root'
        assert len(_generate(kinetics_db, 'Li+')) == 1, 'positive control lost: Li+ generates nothing'
    
>       assert not _root_matches(family, name), (
            '{0} matches the root ({1})'.format(name, EXPECTED_OUT[name]))
E       AssertionError: HF matches the root (ordinary neutral; the pre-I-236 root matched it)
E       assert not True
E        +  where True = _root_matches(<ReactionFamily "Plasma_Radiative_Recombination">, 'HF')

test/test_plasma_radiative_recombination_family.py:265: AssertionError
=========================== short test summary info ============================
FAILED test/test_plasma_radiative_recombination_family.py::test_root_is_the_single_top_and_reads_as_written
FAILED test/test_plasma_radiative_recombination_family.py::test_root_elements_are_bare_atomic_cations_the_recipe_can_reduce
FAILED test/test_plasma_radiative_recombination_family.py::test_species_out_of_scope_are_not_matched[Ar]
FAILED test/test_plasma_radiative_recombination_family.py::test_species_out_of_scope_are_not_matched[CH3NO2]
FAILED test/test_plasma_radiative_recombination_family.py::test_species_out_of_scope_are_not_matched[CH4]
FAILED test/test_plasma_radiative_recombination_family.py::test_species_out_of_scope_are_not_matched[CO]
FAILED test/test_plasma_radiative_recombination_family.py::test_species_out_of_scope_are_not_matched[HF]
7 failed, 10 passed in 1.56s

EXIT 1
restored, byte-identical

==============================================================================
M2-root-widened-by-one-element
   '1 *1 [H,Li,Na,K] u0 p0 c+1'
-> '1 *1 [H,Li,Na,K,N] u0 p0 c+1'
==============================================================================
.F.F......F......                                                        [100%]
=================================== FAILURES ===================================
_______________ test_root_is_the_single_top_and_reads_as_written _______________

family = <ReactionFamily "Plasma_Radiative_Recombination">

    def test_root_is_the_single_top_and_reads_as_written(family):
        assert [entry.label for entry in family.groups.top] == ['A']
        assert [entry.label for entry in family.forward_template.reactants] == ['A']
        root = family.groups.entries['A'].item
>       assert root.to_adjacency_list().strip() == ROOT_ADJLIST
E       AssertionError: assert '1 *1 [H,Li,Na,K,N] u0 p0 c+1' == '1 *1 [H,Li,Na,K] u0 p0 c+1'
E         
E         - 1 *1 [H,Li,Na,K] u0 p0 c+1
E         + 1 *1 [H,Li,Na,K,N] u0 p0 c+1
E         ?                ++

test/test_plasma_radiative_recombination_family.py:189: AssertionError
_______ test_root_elements_are_bare_atomic_cations_the_recipe_can_reduce _______

family = <ReactionFamily "Plasma_Radiative_Recombination">

    def test_root_elements_are_bare_atomic_cations_the_recipe_can_reduce(family):
        """Two conditions every element in the root union must meet.
    
        1. `u0 p0 c+1` must force zero bonds, so the group can only ever match a
           bare atomic cation. For H and the alkali metals the formal charge is
           `1 - 2p - u - bonds`, so it does. For C, N, O and the halogens it does
           not, and the group would reach inside neutral molecules.
        2. `ATOMTYPES[element].decrement_charge` must be non-empty, or `LOSE_CHARGE`
           raises `ActionError` -- the product template is built by applying the
           recipe to this very group.
        """
        root = family.groups.entries['A'].item
        labels = sorted(atomtype.label for atomtype in root.atoms[0].atomtype)
>       assert labels == sorted(ROOT_ELEMENTS)
E       AssertionError: assert ['H', 'K', 'Li', 'N', 'Na'] == ['H', 'K', 'Li', 'Na']
E         
E         At index 3 diff: 'N' != 'Na'
E         Left contains one more item: 'Na'
E         Use -v to get more diff

test/test_plasma_radiative_recombination_family.py:218: AssertionError
______________ test_species_out_of_scope_are_not_matched[CH3NO2] _______________

kinetics_db = <rmgpy.data.kinetics.database.KineticsDatabase object at 0x7f756e56cd90>
family = <ReactionFamily "Plasma_Radiative_Recombination">, name = 'CH3NO2'

    @pytest.mark.parametrize('name', sorted(EXPECTED_OUT))
    def test_species_out_of_scope_are_not_matched(kinetics_db, family, name):
        """Nothing outside the cation stage reaches this family.
    
        The positive control is asserted in the same test: if the family had failed
        to load, `Li+` would be refused too and the negative assertion would pass
        for the wrong reason.
        """
        assert _family_is_really_loaded(family)
        assert _root_matches(family, 'Li+'), 'positive control lost: Li+ no longer matches the root'
        assert len(_generate(kinetics_db, 'Li+')) == 1, 'positive control lost: Li+ generates nothing'
    
>       assert not _root_matches(family, name), (
            '{0} matches the root ({1})'.format(name, EXPECTED_OUT[name]))
E       AssertionError: CH3NO2 matches the root (net-neutral with a formally +1 nitrogen)
E       assert not True
E        +  where True = _root_matches(<ReactionFamily "Plasma_Radiative_Recombination">, 'CH3NO2')

test/test_plasma_radiative_recombination_family.py:265: AssertionError
=========================== short test summary info ============================
FAILED test/test_plasma_radiative_recombination_family.py::test_root_is_the_single_top_and_reads_as_written
FAILED test/test_plasma_radiative_recombination_family.py::test_root_elements_are_bare_atomic_cations_the_recipe_can_reduce
FAILED test/test_plasma_radiative_recombination_family.py::test_species_out_of_scope_are_not_matched[CH3NO2]
3 failed, 14 passed in 1.20s

EXIT 1
restored, byte-identical

==============================================================================
M3-recipe-swapped-to-pairing
   "    ['GAIN_RADICAL', '*1', 1],\n    ['LOSE_CHARGE', '*1', 1],"
-> "    ['LOSE_RADICAL', '*1', 1],\n    ['GAIN_PAIR', '*1', 1],"
==============================================================================
ree ({1!r}). '
            'Without the pin these tests measure a different checkout.'.format(
                settings['database.directory'], THIS_DATABASE)
        )
        db = KineticsDatabase()
>       db.load_families(os.path.join(settings['database.directory'], 'kinetics', 'families'),
                         families=[FAMILY], depositories=['training'])

test/test_plasma_radiative_recombination_family.py:137: 
_ _ _ _ _ _ _ _ _ _ _ _ _ _ _ _ _ _ _ _ _ _ _ _ _ _ _ _ _ _ _ _ _ _ _ _ _ _ _ _ 
../RMG-Py-plasma/rmgpy/data/kinetics/database.py:241: in load_families
    family.load(family_path, self.local_context, self.global_context, depository_labels=depositories)
../RMG-Py-plasma/rmgpy/data/kinetics/family.py:717: in load
    self.forward_template.products = self.generate_product_template(self.forward_template.reactants)
../RMG-Py-plasma/rmgpy/data/kinetics/family.py:1077: in generate_product_template
    product_structure = self.apply_recipe(reactant_structure, forward=True, unique=False)
../RMG-Py-plasma/rmgpy/data/kinetics/family.py:1403: in apply_recipe
    self.forward_recipe.apply_forward(reactant_structure, unique)
../RMG-Py-plasma/rmgpy/data/kinetics/family.py:532: in apply_forward
    return self._apply(struct, True, unique)
../RMG-Py-plasma/rmgpy/data/kinetics/family.py:498: in _apply
    atom.apply_action(['LOSE_RADICAL', label, 1])
rmgpy/molecule/group.py:465: in rmgpy.molecule.group.GroupAtom.apply_action
    ???
rmgpy/molecule/group.py:484: in rmgpy.molecule.group.GroupAtom.apply_action
    ???
_ _ _ _ _ _ _ _ _ _ _ _ _ _ _ _ _ _ _ _ _ _ _ _ _ _ _ _ _ _ _ _ _ _ _ _ _ _ _ _ 

>   ???
E   rmgpy.exceptions.ActionError: Unable to update GroupAtom due to LOSE_RADICAL action: Invalid radical electron set "[0]".

rmgpy/molecule/group.py:355: ActionError
_ ERROR at setup of test_known_limitation_open_shell_cations_need_a_recipe_this_family_has_not_got _

    @pytest.fixture(scope='module')
    def kinetics_db():
        """Load only this family, and fail loudly if the database is not pinned here."""
        assert settings['database.directory'] == THIS_DATABASE, (
            'RMG resolved database.directory to {0!r}, not this worktree ({1!r}). '
            'Without the pin these tests measure a different checkout.'.format(
                settings['database.directory'], THIS_DATABASE)
        )
        db = KineticsDatabase()
>       db.load_families(os.path.join(settings['database.directory'], 'kinetics', 'families'),
                         families=[FAMILY], depositories=['training'])

test/test_plasma_radiative_recombination_family.py:137: 
_ _ _ _ _ _ _ _ _ _ _ _ _ _ _ _ _ _ _ _ _ _ _ _ _ _ _ _ _ _ _ _ _ _ _ _ _ _ _ _ 
../RMG-Py-plasma/rmgpy/data/kinetics/database.py:241: in load_families
    family.load(family_path, self.local_context, self.global_context, depository_labels=depositories)
../RMG-Py-plasma/rmgpy/data/kinetics/family.py:717: in load
    self.forward_template.products = self.generate_product_template(self.forward_template.reactants)
../RMG-Py-plasma/rmgpy/data/kinetics/family.py:1077: in generate_product_template
    product_structure = self.apply_recipe(reactant_structure, forward=True, unique=False)
../RMG-Py-plasma/rmgpy/data/kinetics/family.py:1403: in apply_recipe
    self.forward_recipe.apply_forward(reactant_structure, unique)
../RMG-Py-plasma/rmgpy/data/kinetics/family.py:532: in apply_forward
    return self._apply(struct, True, unique)
../RMG-Py-plasma/rmgpy/data/kinetics/family.py:498: in _apply
    atom.apply_action(['LOSE_RADICAL', label, 1])
rmgpy/molecule/group.py:465: in rmgpy.molecule.group.GroupAtom.apply_action
    ???
rmgpy/molecule/group.py:484: in rmgpy.molecule.group.GroupAtom.apply_action
    ???
_ _ _ _ _ _ _ _ _ _ _ _ _ _ _ _ _ _ _ _ _ _ _ _ _ _ _ _ _ _ _ _ _ _ _ _ _ _ _ _ 

>   ???
E   rmgpy.exceptions.ActionError: Unable to update GroupAtom due to LOSE_RADICAL action: Invalid radical electron set "[0]".

rmgpy/molecule/group.py:355: ActionError
=========================== short test summary info ============================
ERROR test/test_plasma_radiative_recombination_family.py::test_family_declares_a_net_electron_consumption_of_one
ERROR test/test_plasma_radiative_recombination_family.py::test_root_is_the_single_top_and_reads_as_written
ERROR test/test_plasma_radiative_recombination_family.py::test_recipe_is_gain_radical_plus_lose_charge
ERROR test/test_plasma_radiative_recombination_family.py::test_root_elements_are_bare_atomic_cations_the_recipe_can_reduce
ERROR test/test_plasma_radiative_recombination_family.py::test_cation_recombination_is_generated_with_the_right_product[H+]
ERROR test/test_plasma_radiative_recombination_family.py::test_cation_recombination_is_generated_with_the_right_product[K+]
ERROR test/test_plasma_radiative_recombination_family.py::test_cation_recombination_is_generated_with_the_right_product[Li+]
ERROR test/test_plasma_radiative_recombination_family.py::test_cation_recombination_is_generated_with_the_right_product[Na+]
ERROR test/test_plasma_radiative_recombination_family.py::test_species_out_of_scope_are_not_matched[Ar]
ERROR test/test_plasma_radiative_recombination_family.py::test_species_out_of_scope_are_not_matched[Ar+]
ERROR test/test_plasma_radiative_recombination_family.py::test_species_out_of_scope_are_not_matched[CH3NO2]
ERROR test/test_plasma_radiative_recombination_family.py::test_species_out_of_scope_are_not_matched[CH4]
ERROR test/test_plasma_radiative_recombination_family.py::test_species_out_of_scope_are_not_matched[CO]
ERROR test/test_plasma_radiative_recombination_family.py::test_species_out_of_scope_are_not_matched[HF]
ERROR test/test_plasma_radiative_recombination_family.py::test_species_out_of_scope_are_not_matched[He+]
ERROR test/test_plasma_radiative_recombination_family.py::test_species_out_of_scope_are_not_matched[Ne+]
ERROR test/test_plasma_radiative_recombination_family.py::test_known_limitation_open_shell_cations_need_a_recipe_this_family_has_not_got
17 errors in 4.36s

EXIT 1
restored, byte-identical

==============================================================================
M4-electrons-zeroed
   '\nelectrons = -1\n'
-> '\nelectrons = 0\n'
==============================================================================
o load, `Li+` would be refused too and the negative assertion would pass
        for the wrong reason.
        """
>       assert _family_is_really_loaded(family)
E       assert False
E        +  where False = _family_is_really_loaded(<ReactionFamily "Plasma_Radiative_Recombination">)

test/test_plasma_radiative_recombination_family.py:261: AssertionError
________________ test_species_out_of_scope_are_not_matched[HF] _________________

kinetics_db = <rmgpy.data.kinetics.database.KineticsDatabase object at 0x7ec2dfb6de20>
family = <ReactionFamily "Plasma_Radiative_Recombination">, name = 'HF'

    @pytest.mark.parametrize('name', sorted(EXPECTED_OUT))
    def test_species_out_of_scope_are_not_matched(kinetics_db, family, name):
        """Nothing outside the cation stage reaches this family.
    
        The positive control is asserted in the same test: if the family had failed
        to load, `Li+` would be refused too and the negative assertion would pass
        for the wrong reason.
        """
>       assert _family_is_really_loaded(family)
E       assert False
E        +  where False = _family_is_really_loaded(<ReactionFamily "Plasma_Radiative_Recombination">)

test/test_plasma_radiative_recombination_family.py:261: AssertionError
________________ test_species_out_of_scope_are_not_matched[He+] ________________

kinetics_db = <rmgpy.data.kinetics.database.KineticsDatabase object at 0x7ec2dfb6de20>
family = <ReactionFamily "Plasma_Radiative_Recombination">, name = 'He+'

    @pytest.mark.parametrize('name', sorted(EXPECTED_OUT))
    def test_species_out_of_scope_are_not_matched(kinetics_db, family, name):
        """Nothing outside the cation stage reaches this family.
    
        The positive control is asserted in the same test: if the family had failed
        to load, `Li+` would be refused too and the negative assertion would pass
        for the wrong reason.
        """
>       assert _family_is_really_loaded(family)
E       assert False
E        +  where False = _family_is_really_loaded(<ReactionFamily "Plasma_Radiative_Recombination">)

test/test_plasma_radiative_recombination_family.py:261: AssertionError
________________ test_species_out_of_scope_are_not_matched[Ne+] ________________

kinetics_db = <rmgpy.data.kinetics.database.KineticsDatabase object at 0x7ec2dfb6de20>
family = <ReactionFamily "Plasma_Radiative_Recombination">, name = 'Ne+'

    @pytest.mark.parametrize('name', sorted(EXPECTED_OUT))
    def test_species_out_of_scope_are_not_matched(kinetics_db, family, name):
        """Nothing outside the cation stage reaches this family.
    
        The positive control is asserted in the same test: if the family had failed
        to load, `Li+` would be refused too and the negative assertion would pass
        for the wrong reason.
        """
>       assert _family_is_really_loaded(family)
E       assert False
E        +  where False = _family_is_really_loaded(<ReactionFamily "Plasma_Radiative_Recombination">)

test/test_plasma_radiative_recombination_family.py:261: AssertionError
_ test_known_limitation_open_shell_cations_need_a_recipe_this_family_has_not_got _

family = <ReactionFamily "Plasma_Radiative_Recombination">

    def test_known_limitation_open_shell_cations_need_a_recipe_this_family_has_not_got(family):
        """Why `Ar+ + e- => Ar` is not in this family, pinned so it is not "fixed" by widening.
    
        `Ar+` is `Ar u1 p3 c+1`. The captured electron has no empty orbital to enter
        and must pair, giving `Ar u0 p4 c0`. This family's recipe instead adds an
        unpaired electron, giving `Ar u2 p3 c0` -- atom type `Ar0e`, the metastable,
        which is **not** ground-state argon. Widening the root's radical count would
        therefore make the family generate a different reaction under this family's
        name and hand it the ground-state rate rule.
    
        Argon radiative recombination is carried by the sibling reaction library
        `PlasmaRadiativeRecombination`, which needs no family template.
        """
>       assert _family_is_really_loaded(family)
E       assert False
E        +  where False = _family_is_really_loaded(<ReactionFamily "Plasma_Radiative_Recombination">)

test/test_plasma_radiative_recombination_family.py:284: AssertionError
=========================== short test summary info ============================
FAILED test/test_plasma_radiative_recombination_family.py::test_family_declares_a_net_electron_consumption_of_one
FAILED test/test_plasma_radiative_recombination_family.py::test_cation_recombination_is_generated_with_the_right_product[H+]
FAILED test/test_plasma_radiative_recombination_family.py::test_cation_recombination_is_generated_with_the_right_product[K+]
FAILED test/test_plasma_radiative_recombination_family.py::test_cation_recombination_is_generated_with_the_right_product[Li+]
FAILED test/test_plasma_radiative_recombination_family.py::test_cation_recombination_is_generated_with_the_right_product[Na+]
FAILED test/test_plasma_radiative_recombination_family.py::test_species_out_of_scope_are_not_matched[Ar]
FAILED test/test_plasma_radiative_recombination_family.py::test_species_out_of_scope_are_not_matched[Ar+]
FAILED test/test_plasma_radiative_recombination_family.py::test_species_out_of_scope_are_not_matched[CH3NO2]
FAILED test/test_plasma_radiative_recombination_family.py::test_species_out_of_scope_are_not_matched[CH4]
FAILED test/test_plasma_radiative_recombination_family.py::test_species_out_of_scope_are_not_matched[CO]
FAILED test/test_plasma_radiative_recombination_family.py::test_species_out_of_scope_are_not_matched[HF]
FAILED test/test_plasma_radiative_recombination_family.py::test_species_out_of_scope_are_not_matched[He+]
FAILED test/test_plasma_radiative_recombination_family.py::test_species_out_of_scope_are_not_matched[Ne+]
FAILED test/test_plasma_radiative_recombination_family.py::test_known_limitation_open_shell_cations_need_a_recipe_this_family_has_not_got
14 failed, 3 passed in 1.41s

EXIT 1
restored, byte-identical

==============================================================================
every mutation turned the suite red
